
C:\Users\ContainerAdministrator\AppData\Local\Temp\cirrus-ci-build>call git config --global user.email "ci@ci.ci" 

C:\Users\ContainerAdministrator\AppData\Local\Temp\cirrus-ci-build>if 0 NEQ 0 exit /b 0 

C:\Users\ContainerAdministrator\AppData\Local\Temp\cirrus-ci-build>call git config --global user.name "ci" 

C:\Users\ContainerAdministrator\AppData\Local\Temp\cirrus-ci-build>if 0 NEQ 0 exit /b 0 

C:\Users\ContainerAdministrator\AppData\Local\Temp\cirrus-ci-build>call git config core.filemode false 

C:\Users\ContainerAdministrator\AppData\Local\Temp\cirrus-ci-build>if 0 NEQ 0 exit /b 0 

C:\Users\ContainerAdministrator\AppData\Local\Temp\cirrus-ci-build>call git reset --hard 
HEAD is now at fb245ec3d indexes, refactor: Remove CChainState use in index CommitInternal method

C:\Users\ContainerAdministrator\AppData\Local\Temp\cirrus-ci-build>if 0 NEQ 0 exit /b 0 

C:\Users\ContainerAdministrator\AppData\Local\Temp\cirrus-ci-build>call PowerShell -NoLogo -Command if ($env:CIRRUS_PR -ne $null) { git fetch $env:CIRRUS_REPO_CLONE_URL $env:CIRRUS_BASE_BRANCH; git merge FETCH_HEAD; } 
From https://github.com/bitcoin/bitcoin
 * branch                master     -> FETCH_HEAD
Auto-merging ci/test/06_script_b.sh
Auto-merging src/Makefile.am
Auto-merging src/index/blockfilterindex.cpp
Auto-merging src/index/blockfilterindex.h
Auto-merging src/init.cpp
Auto-merging src/interfaces/chain.h
Auto-merging src/node/interfaces.cpp
Auto-merging src/test/blockfilter_index_tests.cpp
Auto-merging src/wallet/test/fuzz/notifications.cpp
Auto-merging src/wallet/wallet.cpp
Auto-merging src/wallet/wallet.h
Merge made by the 'ort' strategy.
 .cirrus.yml                                        |   38 +-
 .gitignore                                         |    2 -
 Makefile.am                                        |    1 -
 build_msvc/README.md                               |   18 +-
 build_msvc/bitcoin_config.h.in                     |    4 +-
 build_msvc/common.init.vcxproj.in                  |    4 +-
 build_msvc/libbitcoin_qt/libbitcoin_qt.vcxproj     |    1 +
 build_msvc/libsecp256k1_config.h                   |   17 -
 build_msvc/msvc-autogen.py                         |    4 +-
 ci/lint/06_script.sh                               |    1 -
 ...c_host.sh => 00_setup_env_mac_native_x86_64.sh} |    0
 ci/test/06_script_a.sh                             |    7 +-
 ci/test/06_script_b.sh                             |   13 +
 configure.ac                                       |   21 +-
 contrib/builder-keys/keys.txt                      |    1 +
 contrib/devtools/copyright_header.py               |    1 -
 contrib/devtools/symbol-check.py                   |    5 +-
 contrib/devtools/test-symbol-check.py              |    2 +-
 contrib/guix/libexec/build.sh                      |    5 +-
 contrib/guix/manifest.scm                          |   51 +-
 .../patches/elfsteem-value-error-python-39.patch   |   13 -
 contrib/guix/patches/gcc-10-remap-guix-store.patch |   25 +
 contrib/guix/patches/glibc-2.24-guix-prefix.patch  |   25 +
 contrib/guix/patches/glibc-2.27-guix-prefix.patch  |   25 +
 .../guix/patches/lief-fix-ppc64-nx-default.patch   |   29 +
 contrib/macdeploy/README.md                        |    2 +-
 contrib/seeds/.gitignore                           |    1 +
 contrib/seeds/README.md                            |   18 +-
 contrib/seeds/asmap.py                             |  815 +++++++++++
 contrib/seeds/makeseeds.py                         |   69 +-
 contrib/signet/miner                               |   12 +-
 contrib/verify-commits/trusted-keys                |    2 +-
 depends/Makefile                                   |    7 +-
 depends/README.md                                  |    2 +
 depends/gen_id                                     |    7 +-
 depends/hosts/android.mk                           |    3 +
 depends/hosts/darwin.mk                            |    6 +-
 depends/hosts/freebsd.mk                           |    6 +-
 depends/hosts/linux.mk                             |    6 +-
 depends/hosts/mingw32.mk                           |    6 +-
 depends/hosts/netbsd.mk                            |    4 +-
 depends/hosts/openbsd.mk                           |    5 +-
 depends/packages/bdb.mk                            |    1 -
 depends/packages/libxkbcommon.mk                   |    5 +
 depends/packages/qt.mk                             |    2 +-
 depends/packages/sqlite.mk                         |    6 +-
 depends/packages/systemtap.mk                      |    4 +-
 depends/packages/zeromq.mk                         |    1 -
 depends/patches/qt/mac-qmake.conf                  |    2 +-
 ...e_SDT_ASM_SECTION_AUTOGROUP_SUPPORT_check.patch |   22 +-
 doc/README.md                                      |    2 +-
 doc/build-netbsd.md                                |  122 +-
 doc/build-unix.md                                  |   38 +-
 doc/{ => design}/assumeutxo.md                     |    0
 doc/design/libraries.md                            |  104 ++
 doc/{ => design}/multiprocess.md                   |    0
 doc/developer-notes.md                             |   15 +-
 doc/policy/mempool-replacements.md                 |   12 +
 doc/release-notes.md                               |    4 +
 doc/release-notes/release-notes-471.md             |    4 +
 src/Makefile.am                                    |   18 +-
 src/Makefile.leveldb.include                       |    1 -
 src/Makefile.qt.include                            |    1 +
 src/Makefile.test.include                          |    5 +-
 src/bench/coin_selection.cpp                       |    3 +-
 src/bench/gcs_filter.cpp                           |   79 +-
 src/bench/mempool_eviction.cpp                     |    2 +-
 src/bench/rpc_mempool.cpp                          |    5 +-
 src/bench/wallet_loading.cpp                       |   75 +-
 src/bitcoin-chainstate.cpp                         |    4 +-
 src/blockfilter.cpp                                |    8 +-
 src/blockfilter.h                                  |    6 +-
 src/chain.h                                        |    2 +-
 src/coins.h                                        |    1 -
 src/compat.h                                       |    3 -
 src/consensus/consensus.h                          |    2 -
 src/dbwrapper.cpp                                  |    2 +-
 src/dbwrapper.h                                    |   21 -
 src/fs.cpp                                         |    3 -
 src/i2p.cpp                                        |    6 +-
 src/index/blockfilterindex.cpp                     |   13 +-
 src/index/blockfilterindex.h                       |    2 +-
 src/init.cpp                                       |   44 +-
 src/interfaces/chain.h                             |    4 +
 src/interfaces/wallet.h                            |   12 +-
 src/kernel/chainstatemanager_opts.h                |    4 +
 src/kernel/mempool_limits.h                        |   30 +
 src/kernel/mempool_options.h                       |   41 +
 src/mempool_args.cpp                               |   39 +
 src/mempool_args.h                                 |   22 +
 src/minisketch/README.md                           |    4 +-
 src/minisketch/include/minisketch.h                |    3 +-
 src/net.cpp                                        |  451 +-----
 src/net.h                                          |  161 +--
 src/net_processing.cpp                             |  540 +++++---
 src/net_processing.h                               |    8 +-
 src/node/blockstorage.h                            |    2 +-
 src/node/connection_types.cpp                      |   26 +
 src/node/connection_types.h                        |   82 ++
 src/node/eviction.cpp                              |  240 ++++
 src/node/eviction.h                                |   69 +
 src/node/interfaces.cpp                            |   36 +-
 src/node/miner.cpp                                 |   79 +-
 src/node/miner.h                                   |   15 +-
 src/policy/fees.cpp                                |   16 +-
 src/policy/fees.h                                  |    4 +-
 src/policy/fees_args.cpp                           |   12 +
 src/policy/fees_args.h                             |   15 +
 src/policy/packages.h                              |    9 +
 src/policy/policy.h                                |   57 +-
 src/psbt.cpp                                       |   69 +-
 src/psbt.h                                         |  290 +++-
 src/pubkey.h                                       |    3 +
 src/qt/addresstablemodel.cpp                       |   14 +-
 src/qt/bitcoin.cpp                                 |   23 +-
 src/qt/bitcoingui.cpp                              |   34 +-
 src/qt/bitcoingui.h                                |    1 +
 src/qt/forms/sendcoinsentry.ui                     | 1437 +++-----------------
 src/qt/guiutil.cpp                                 |   33 +-
 src/qt/guiutil.h                                   |    8 +
 src/qt/intro.cpp                                   |    2 +-
 src/qt/optionsdialog.cpp                           |   25 +-
 src/qt/optionsdialog.h                             |    3 +
 src/qt/sendcoinsentry.cpp                          |   31 +-
 src/qt/sendcoinsentry.h                            |    6 +-
 src/qt/test/optiontests.cpp                        |   10 +
 src/qt/test/optiontests.h                          |    1 +
 src/qt/test/wallettests.cpp                        |    2 +-
 src/qt/transactionoverviewwidget.cpp               |   27 +
 src/qt/transactionoverviewwidget.h                 |   19 +-
 src/qt/utilitydialog.cpp                           |    8 +-
 src/qt/walletcontroller.cpp                        |   44 +
 src/qt/walletcontroller.h                          |   20 +
 src/qt/walletmodel.cpp                             |    6 +-
 src/random.cpp                                     |    2 +-
 src/rest.cpp                                       |   10 +-
 src/rpc/blockchain.cpp                             |   59 +-
 src/rpc/client.cpp                                 |    1 +
 src/rpc/fees.cpp                                   |    2 +-
 src/rpc/mempool.cpp                                |  159 ++-
 src/rpc/mining.cpp                                 |    7 +-
 src/rpc/net.cpp                                    |    6 +-
 src/rpc/rawtransaction.cpp                         |  431 ++++--
 src/rpc/server.cpp                                 |   12 +-
 src/script/descriptor.cpp                          |  264 +++-
 src/script/miniscript.h                            |   34 +-
 src/script/sign.cpp                                |   26 +-
 src/script/sign.h                                  |    2 +
 src/script/signingprovider.cpp                     |   21 +-
 src/script/signingprovider.h                       |    5 +-
 src/script/standard.cpp                            |   17 +
 src/script/standard.h                              |    2 +
 src/support/lockedpool.cpp                         |    3 -
 src/test/blockencodings_tests.cpp                  |    8 +-
 src/test/blockfilter_index_tests.cpp               |    2 +-
 src/test/denialofservice_tests.cpp                 |   10 +-
 src/test/descriptor_tests.cpp                      |   32 +-
 src/test/fuzz/node_eviction.cpp                    |    2 +
 src/test/fuzz/policy_estimator.cpp                 |    8 +-
 src/test/fuzz/policy_estimator_io.cpp              |    8 +-
 src/test/fuzz/process_message.cpp                  |    3 +-
 src/test/fuzz/process_messages.cpp                 |    3 +-
 src/test/fuzz/rbf.cpp                              |   21 +-
 src/test/fuzz/rpc.cpp                              |    1 +
 src/test/fuzz/tx_pool.cpp                          |   22 +-
 src/test/fuzz/txorphan.cpp                         |  143 ++
 src/test/fuzz/util.cpp                             |  128 +-
 src/test/fuzz/util.h                               |   12 +-
 src/test/fuzz/validation_load_mempool.cpp          |    4 +-
 src/test/mempool_tests.cpp                         |   24 +-
 src/test/miner_tests.cpp                           |    6 +-
 src/test/miniscript_tests.cpp                      |   15 +-
 src/test/net_tests.cpp                             |    7 +-
 src/test/policyestimator_tests.cpp                 |    6 +-
 src/test/sock_tests.cpp                            |   18 -
 src/test/util/mining.cpp                           |    2 +-
 src/test/util/net.cpp                              |   61 +
 src/test/util/net.h                                |   34 +-
 src/test/util/setup_common.cpp                     |   32 +-
 src/test/util/setup_common.h                       |    3 +
 src/test/util/wallet.cpp                           |    7 +-
 src/test/validation_block_tests.cpp                |    4 +-
 src/test/validation_chainstate_tests.cpp           |    6 +-
 src/test/validation_flush_tests.cpp                |    2 +-
 src/txdb.cpp                                       |    6 -
 src/txmempool.cpp                                  |   41 +-
 src/txmempool.h                                    |   47 +-
 src/univalue/.cirrus.yml                           |   44 -
 src/univalue/COPYING                               |   19 -
 src/univalue/Makefile.am                           |   58 -
 src/univalue/README.md                             |   21 -
 src/univalue/autogen.sh                            |    9 -
 src/univalue/build-aux/m4/.gitignore               |    1 -
 src/univalue/build-aux/m4/ax_cxx_compile_stdcxx.m4 |  962 -------------
 src/univalue/configure.ac                          |   72 -
 src/univalue/gen/gen.cpp                           |   84 --
 src/univalue/include/univalue.h                    |   16 +-
 src/univalue/{lib => include}/univalue_escapes.h   |    7 +-
 src/univalue/{lib => include}/univalue_utffilter.h |    6 +-
 src/univalue/lib/univalue_read.cpp                 |    2 +-
 src/univalue/lib/univalue_write.cpp                |    2 +-
 src/univalue/pc/libunivalue-uninstalled.pc.in      |    9 -
 src/univalue/pc/libunivalue.pc.in                  |   10 -
 src/univalue/sources.mk                            |    6 +-
 src/univalue/test/unitester.cpp                    |   34 +-
 src/util/asmap.cpp                                 |    5 +-
 src/util/bip32.cpp                                 |    7 +-
 src/util/bip32.h                                   |    1 +
 src/util/bytevectorhash.cpp                        |    2 +
 src/util/bytevectorhash.h                          |    3 +-
 src/util/designator.h                              |   21 -
 src/util/error.cpp                                 |    6 +-
 src/util/error.h                                   |    1 +
 src/util/hasher.cpp                                |    4 +-
 src/util/hasher.h                                  |    6 +
 src/util/message.cpp                               |   18 +-
 src/util/message.h                                 |    3 +-
 src/util/moneystr.cpp                              |    1 +
 src/util/readwritefile.cpp                         |    3 +-
 src/util/result.h                                  |   49 +
 src/util/serfloat.h                                |    2 +-
 src/util/sock.cpp                                  |  172 ++-
 src/util/sock.h                                    |  111 +-
 src/util/spanparsing.cpp                           |    3 +-
 src/util/strencodings.cpp                          |    9 +-
 src/util/strencodings.h                            |    5 +-
 src/util/string.cpp                                |    2 +
 src/util/syserror.cpp                              |    1 +
 src/util/system.cpp                                |   62 +-
 src/util/system.h                                  |    8 +
 src/util/thread.cpp                                |    1 +
 src/util/time.cpp                                  |   11 +-
 src/util/time.h                                    |   14 +-
 src/util/translation.h                             |    2 +
 src/util/url.cpp                                   |    3 +-
 src/util/vector.h                                  |    1 +
 src/validation.cpp                                 |   57 +-
 src/validation.h                                   |   23 +-
 src/wallet/bdb.cpp                                 |    6 -
 src/wallet/coincontrol.h                           |    7 +-
 src/wallet/coinselection.cpp                       |    3 -
 src/wallet/feebumper.cpp                           |   15 +-
 src/wallet/interfaces.cpp                          |   58 +-
 src/wallet/receive.cpp                             |   17 +-
 src/wallet/rpc/addresses.cpp                       |   51 +-
 src/wallet/rpc/backup.cpp                          |    5 +-
 src/wallet/rpc/coins.cpp                           |   14 +-
 src/wallet/rpc/spend.cpp                           |   41 +-
 src/wallet/rpc/transactions.cpp                    |   81 +-
 src/wallet/rpc/util.cpp                            |    4 +-
 src/wallet/scriptpubkeyman.cpp                     |   48 +-
 src/wallet/scriptpubkeyman.h                       |    7 +-
 src/wallet/spend.cpp                               |  287 ++--
 src/wallet/spend.h                                 |   45 +-
 src/wallet/test/coinselector_tests.cpp             |   40 +-
 src/wallet/test/fuzz/notifications.cpp             |   11 +-
 src/wallet/test/spend_tests.cpp                    |   15 +-
 src/wallet/test/util.cpp                           |    2 +-
 src/wallet/test/wallet_tests.cpp                   |   51 +-
 src/wallet/wallet.cpp                              |  223 +--
 src/wallet/wallet.h                                |   52 +-
 src/wallet/walletdb.cpp                            |   41 +-
 src/wallet/walletdb.h                              |    1 +
 test/functional/data/rpc_psbt.json                 |   21 +-
 test/functional/feature_dbcrash.py                 |   16 +-
 test/functional/feature_fee_estimation.py          |    4 +-
 test/functional/feature_maxuploadtarget.py         |    2 +-
 test/functional/feature_minchainwork.py            |    2 +-
 test/functional/feature_nulldummy.py               |   65 +-
 test/functional/feature_rbf.py                     |  434 +++---
 test/functional/feature_signet.py                  |    8 +
 test/functional/interface_usdt_utxocache.py        |    3 +-
 test/functional/mempool_accept.py                  |    6 +-
 test/functional/mempool_expiry.py                  |    8 +-
 test/functional/mempool_limit.py                   |    6 +-
 test/functional/mempool_persist.py                 |   14 +-
 test/functional/mempool_reorg.py                   |    6 +-
 test/functional/mempool_unbroadcast.py             |    2 +-
 test/functional/mempool_updatefromblock.py         |   19 +-
 test/functional/mining_prioritisetransaction.py    |    4 +-
 test/functional/p2p_invalid_tx.py                  |   68 +-
 test/functional/p2p_permissions.py                 |    1 +
 test/functional/p2p_segwit.py                      |   10 +-
 test/functional/p2p_timeouts.py                    |    5 +
 test/functional/rpc_createmultisig.py              |    6 +-
 test/functional/rpc_fundrawtransaction.py          |   25 +
 test/functional/rpc_getblockfrompeer.py            |    9 +-
 test/functional/rpc_mempool_info.py                |    2 -
 test/functional/rpc_packages.py                    |  137 +-
 test/functional/rpc_psbt.py                        |   47 +-
 test/functional/rpc_rawtransaction.py              |    6 +-
 test/functional/rpc_signrawtransactionwithkey.py   |  140 ++
 test/functional/test_framework/address.py          |    7 +-
 test/functional/test_framework/blocktools.py       |   24 -
 test/functional/test_framework/key.py              |    4 +
 test/functional/test_framework/messages.py         |    2 +-
 test/functional/test_framework/script_util.py      |    5 +
 test/functional/test_framework/test_framework.py   |   12 +-
 test/functional/test_framework/util.py             |   27 +-
 test/functional/test_framework/wallet.py           |  158 ++-
 test/functional/test_runner.py                     |   11 +-
 test/functional/wallet_basic.py                    |    2 +-
 test/functional/wallet_bumpfee.py                  |    8 +-
 test/functional/wallet_coinbase_category.py        |    1 +
 test/functional/wallet_descriptor.py               |   18 +-
 test/functional/wallet_importdescriptors.py        |    2 +-
 test/functional/wallet_listreceivedby.py           |    5 +
 test/functional/wallet_listsinceblock.py           |    4 +-
 test/functional/wallet_miniscript.py               |   93 ++
 ...n.py => wallet_signrawtransactionwithwallet.py} |  100 +-
 test/functional/wallet_taproot.py                  |   33 +-
 test/lint/README.md                                |    1 -
 test/lint/lint-files.py                            |    2 +-
 test/lint/lint-format-strings.py                   |    2 +-
 test/lint/lint-include-guards.py                   |    1 -
 test/lint/lint-includes.py                         |    2 +-
 test/lint/lint-locale-dependence.py                |    1 -
 test/lint/lint-shell-locale.py                     |    2 +-
 test/lint/lint-shell.py                            |    2 +-
 test/lint/lint-spelling.py                         |    2 +-
 test/lint/lint-whitespace.py                       |    1 -
 test/sanitizer_suppressions/ubsan                  |    4 +-
 322 files changed, 6879 insertions(+), 5659 deletions(-)
 rename ci/test/{00_setup_env_mac_host.sh => 00_setup_env_mac_native_x86_64.sh} (100%)
 delete mode 100644 contrib/guix/patches/elfsteem-value-error-python-39.patch
 create mode 100644 contrib/guix/patches/gcc-10-remap-guix-store.patch
 create mode 100644 contrib/guix/patches/glibc-2.24-guix-prefix.patch
 create mode 100644 contrib/guix/patches/glibc-2.27-guix-prefix.patch
 create mode 100644 contrib/guix/patches/lief-fix-ppc64-nx-default.patch
 create mode 100644 contrib/seeds/asmap.py
 rename doc/{ => design}/assumeutxo.md (100%)
 create mode 100644 doc/design/libraries.md
 rename doc/{ => design}/multiprocess.md (100%)
 create mode 100644 doc/release-notes/release-notes-471.md
 create mode 100644 src/kernel/mempool_limits.h
 create mode 100644 src/kernel/mempool_options.h
 create mode 100644 src/mempool_args.cpp
 create mode 100644 src/mempool_args.h
 create mode 100644 src/node/connection_types.cpp
 create mode 100644 src/node/connection_types.h
 create mode 100644 src/node/eviction.cpp
 create mode 100644 src/node/eviction.h
 create mode 100644 src/policy/fees_args.cpp
 create mode 100644 src/policy/fees_args.h
 create mode 100644 src/qt/transactionoverviewwidget.cpp
 create mode 100644 src/test/fuzz/txorphan.cpp
 delete mode 100644 src/univalue/.cirrus.yml
 delete mode 100644 src/univalue/COPYING
 delete mode 100644 src/univalue/Makefile.am
 delete mode 100644 src/univalue/README.md
 delete mode 100755 src/univalue/autogen.sh
 delete mode 100644 src/univalue/build-aux/m4/.gitignore
 delete mode 100644 src/univalue/build-aux/m4/ax_cxx_compile_stdcxx.m4
 delete mode 100644 src/univalue/configure.ac
 delete mode 100644 src/univalue/gen/gen.cpp
 rename src/univalue/{lib => include}/univalue_escapes.h (93%)
 rename src/univalue/{lib => include}/univalue_utffilter.h (96%)
 delete mode 100644 src/univalue/pc/libunivalue-uninstalled.pc.in
 delete mode 100644 src/univalue/pc/libunivalue.pc.in
 delete mode 100644 src/util/designator.h
 create mode 100644 src/util/result.h
 create mode 100755 test/functional/rpc_signrawtransactionwithkey.py
 create mode 100755 test/functional/wallet_miniscript.py
 rename test/functional/{rpc_signrawtransaction.py => wallet_signrawtransactionwithwallet.py} (71%)

C:\Users\ContainerAdministrator\AppData\Local\Temp\cirrus-ci-build>if 0 NEQ 0 exit /b 0 
