./ci/test_run_all.sh
Setting specific values in env
Fallback to default values in env (if not yet set)
CCACHE_SIZE=200M
LC_ALL=C.UTF-8
CCACHE_COMPRESS=1
CONFIG_SHELL=/bin/dash
BASE_BUILD_DIR=/tmp/cirrus-ci-build/ci/scratch/build
UBSAN_OPTIONS=suppressions=/tmp/cirrus-ci-build/test/sanitizer_suppressions/ubsan:print_stacktrace=1:halt_on_error=1:report_error_type=1
ASAN_OPTIONS=detect_stack_use_after_return=1:check_initialization_order=1:strict_init_order=1
BASE_ROOT_DIR=/tmp/cirrus-ci-build
CCACHE_DIR=/tmp/ccache_dir
DEBIAN_FRONTEND=noninteractive
BASE_SCRATCH_DIR=/tmp/cirrus-ci-build/ci/scratch
TSAN_OPTIONS=suppressions=/tmp/cirrus-ci-build/test/sanitizer_suppressions/tsan:halt_on_error=1:log_path=/tmp/cirrus-ci-build/ci/scratch/sanitizer-output/tsan
LSAN_OPTIONS=suppressions=/tmp/cirrus-ci-build/test/sanitizer_suppressions/lsan
BITCOIN_CONFIG=--enable-zmq --with-gui=qt5 --enable-reduce-exports
CCACHE_NOHASHDIR=1
BOOST_TEST_RANDOM=1
CCACHE_TEMPDIR=/tmp/.ccache-temp
BASE_OUTDIR=/tmp/cirrus-ci-build/ci/scratch/out/i686-pc-linux-gnu
PREVIOUS_RELEASES_DIR=/tmp/cirrus-ci-build/releases/i686-pc-linux-gnu
Running on host system without docker wrapper
Last metadata expiration check: 0:00:30 ago on Mon Nov 28 22:14:42 2022.
Dependencies resolved.
================================================================================
 Package               Architecture    Version            Repository       Size
================================================================================
Installing:
 epel-release          noarch          8-11.el8           extras           24 k

Transaction Summary
================================================================================
Install  1 Package

Total download size: 24 k
Installed size: 35 k
Downloading Packages:
epel-release-8-11.el8.noarch.rpm                112 kB/s |  24 kB     00:00    
--------------------------------------------------------------------------------
Total                                            76 kB/s |  24 kB     00:00     
Running transaction check
Transaction check succeeded.
Running transaction test
Transaction test succeeded.
Running transaction
  Preparing        :                                                        1/1 
  Installing       : epel-release-8-11.el8.noarch                           1/1 
  Running scriptlet: epel-release-8-11.el8.noarch                           1/1 
  Verifying        : epel-release-8-11.el8.noarch                           1/1 

Installed:
  epel-release-8-11.el8.noarch                                                  

Complete!
Extra Packages for Enterprise Linux 8 - x86_64   10 MB/s |  13 MB     00:01    
Extra Packages for Enterprise Linux Modular 8 - 1.2 MB/s | 733 kB     00:00    
Package git-2.31.1-2.el8.x86_64 is already installed.
Package which-2.21-18.el8.x86_64 is already installed.
Dependencies resolved.
=======================================================================================
 Package                  Arch    Version                              Repo        Size
=======================================================================================
Installing:
 bison                    x86_64  3.0.4-10.el8                         appstream  688 k
 ccache                   x86_64  3.7.7-1.el8                          epel       232 k
 coreutils                x86_64  8.30-14.el8                          baseos     1.2 M
 dash                     x86_64  0.5.10.2-4.el8                       epel        99 k
 gcc-c++                  x86_64  8.5.0-17.el8                         appstream   12 M
 glibc-devel              i686    2.28-220.el8                         baseos      82 k
 glibc-devel              x86_64  2.28-220.el8                         baseos      83 k
 lbzip2                   x86_64  2.5-15.20171011gitb6dc48a.el8        epel        98 k
 libstdc++-devel          i686    8.5.0-17.el8                         appstream  2.1 M
 libstdc++-devel          x86_64  8.5.0-17.el8                         appstream  2.1 M
 libtool                  x86_64  2.4.6-25.el8                         appstream  709 k
 make                     x86_64  1:4.2.1-11.el8                       baseos     498 k
 patch                    x86_64  2.7.6-11.el8                         baseos     138 k
 procps-ng                x86_64  3.3.15-9.el8                         baseos     329 k
 python3-pip              noarch  9.0.3-22.el8                         appstream   20 k
 python36                 x86_64  3.6.8-38.module_el8.5.0+895+a459eca8 appstream   19 k
 rsync                    x86_64  3.1.3-19.el8                         baseos     410 k
 xz                       x86_64  5.2.4-4.el8                          baseos     153 k
Upgrading:
 glibc                    x86_64  2.28-220.el8                         baseos     2.2 M
 glibc-common             x86_64  2.28-220.el8                         baseos     1.0 M
 glibc-minimal-langpack   x86_64  2.28-220.el8                         baseos      64 k
 libgcc                   x86_64  8.5.0-17.el8                         baseos      81 k
 libstdc++                x86_64  8.5.0-17.el8                         baseos     454 k
Installing dependencies:
 autoconf                 noarch  2.69-29.el8                          appstream  710 k
 automake                 noarch  1.16.1-7.el8                         appstream  713 k
 binutils                 x86_64  2.30-119.el8                         baseos     5.8 M
 coreutils-common         x86_64  8.30-14.el8                          baseos     2.0 M
 cpp                      x86_64  8.5.0-17.el8                         baseos      10 M
 gcc                      x86_64  8.5.0-17.el8                         baseos      23 M
 glibc                    i686    2.28-220.el8                         baseos     2.0 M
 glibc-headers            i686    2.28-220.el8                         baseos     488 k
 glibc-headers            x86_64  2.28-220.el8                         baseos     488 k
 isl                      x86_64  0.16.1-6.el8                         appstream  841 k
 kernel-headers           x86_64  4.18.0-408.el8                       baseos     9.8 M
 libgcc                   i686    8.5.0-17.el8                         baseos      88 k
 libgomp                  x86_64  8.5.0-17.el8                         baseos     207 k
 libmpc                   x86_64  1.1.0-9.1.el8                        appstream   61 k
 libpkgconf               x86_64  1.4.2-1.el8                          baseos      35 k
 libstdc++                i686    8.5.0-17.el8                         baseos     491 k
 libxcrypt                i686    4.1.1-6.el8                          baseos      74 k
 libxcrypt-devel          i686    4.1.1-6.el8                          baseos      25 k
 libxcrypt-devel          x86_64  4.1.1-6.el8                          baseos      25 k
 m4                       x86_64  1.4.18-7.el8                         baseos     223 k
 perl-Data-Dumper         x86_64  2.167-399.el8                        baseos      58 k
 perl-Thread-Queue        noarch  3.13-1.el8                           appstream   24 k
 pkgconf                  x86_64  1.4.2-1.el8                          baseos      38 k
 pkgconf-m4               noarch  1.4.2-1.el8                          baseos      17 k
 pkgconf-pkg-config       x86_64  1.4.2-1.el8                          baseos      15 k
 platform-python-pip      noarch  9.0.3-22.el8                         baseos     1.6 M
 python3-setuptools       noarch  39.2.0-6.el8                         baseos     163 k
Installing weak dependencies:
 glibc-gconv-extra        i686    2.28-220.el8                         baseos     1.6 M
 glibc-gconv-extra        x86_64  2.28-220.el8                         baseos     1.5 M
 glibc-langpack-en        x86_64  2.28-220.el8                         baseos     826 k
Removing dependent packages:
 coreutils-single         x86_64  8.30-13.el8                          @baseos    1.3 M
Downgrading:
 xz-libs                  x86_64  5.2.4-4.el8                          baseos      94 k
Enabling module streams:
 python36                         3.6                                                  

Transaction Summary
=======================================================================================
Install    48 Packages
Upgrade     5 Packages
Remove      1 Package
Downgrade   1 Package

Total download size: 89 M
Downloading Packages:
(1/54): xz-libs-5.2.4-4.el8.x86_64.rpm          193 kB/s |  94 kB     00:00    
(2/54): autoconf-2.69-29.el8.noarch.rpm         751 kB/s | 710 kB     00:00    
(3/54): automake-1.16.1-7.el8.noarch.rpm        706 kB/s | 713 kB     00:01    
(4/54): bison-3.0.4-10.el8.x86_64.rpm           637 kB/s | 688 kB     00:01    
(5/54): libmpc-1.1.0-9.1.el8.x86_64.rpm         537 kB/s |  61 kB     00:00    
(6/54): isl-0.16.1-6.el8.x86_64.rpm             1.1 MB/s | 841 kB     00:00    
(7/54): libstdc++-devel-8.5.0-17.el8.x86_64.rpm 2.0 MB/s | 2.1 MB     00:01    
(8/54): libtool-2.4.6-25.el8.x86_64.rpm         1.9 MB/s | 709 kB     00:00    
(9/54): perl-Thread-Queue-3.13-1.el8.noarch.rpm 614 kB/s |  24 kB     00:00    
(10/54): python3-pip-9.0.3-22.el8.noarch.rpm    513 kB/s |  20 kB     00:00    
(11/54): python36-3.6.8-38.module_el8.5.0+895+a 500 kB/s |  19 kB     00:00    
(12/54): libstdc++-devel-8.5.0-17.el8.i686.rpm  794 kB/s | 2.1 MB     00:02    
(13/54): binutils-2.30-119.el8.x86_64.rpm       2.4 MB/s | 5.8 MB     00:02    
(14/54): coreutils-8.30-14.el8.x86_64.rpm       802 kB/s | 1.2 MB     00:01    
(15/54): coreutils-common-8.30-14.el8.x86_64.rp 1.3 MB/s | 2.0 MB     00:01    
(16/54): gcc-8.5.0-17.el8.x86_64.rpm            6.7 MB/s |  23 MB     00:03    
(17/54): glibc-2.28-220.el8.i686.rpm            995 kB/s | 2.0 MB     00:02    
(18/54): glibc-devel-2.28-220.el8.i686.rpm      168 kB/s |  82 kB     00:00    
(19/54): glibc-devel-2.28-220.el8.x86_64.rpm    149 kB/s |  83 kB     00:00    
(20/54): cpp-8.5.0-17.el8.x86_64.rpm            1.1 MB/s |  10 MB     00:09    
(21/54): glibc-gconv-extra-2.28-220.el8.i686.rp 883 kB/s | 1.6 MB     00:01    
(22/54): glibc-headers-2.28-220.el8.i686.rpm    541 kB/s | 488 kB     00:00    
(23/54): glibc-gconv-extra-2.28-220.el8.x86_64. 879 kB/s | 1.5 MB     00:01    
(24/54): glibc-headers-2.28-220.el8.x86_64.rpm  487 kB/s | 488 kB     00:01    
(25/54): glibc-langpack-en-2.28-220.el8.x86_64. 781 kB/s | 826 kB     00:01    
(26/54): gcc-c++-8.5.0-17.el8.x86_64.rpm        726 kB/s |  12 MB     00:17    
(27/54): libgcc-8.5.0-17.el8.i686.rpm           189 kB/s |  88 kB     00:00    
(28/54): libgomp-8.5.0-17.el8.x86_64.rpm        388 kB/s | 207 kB     00:00    
(29/54): libpkgconf-1.4.2-1.el8.x86_64.rpm      139 kB/s |  35 kB     00:00    
(30/54): libxcrypt-4.1.1-6.el8.i686.rpm         220 kB/s |  74 kB     00:00    
(31/54): libxcrypt-devel-4.1.1-6.el8.i686.rpm   104 kB/s |  25 kB     00:00    
(32/54): libstdc++-8.5.0-17.el8.i686.rpm        548 kB/s | 491 kB     00:00    
(33/54): libxcrypt-devel-4.1.1-6.el8.x86_64.rpm 100 kB/s |  25 kB     00:00    
(34/54): m4-1.4.18-7.el8.x86_64.rpm             402 kB/s | 223 kB     00:00    
(35/54): make-4.2.1-11.el8.x86_64.rpm           518 kB/s | 498 kB     00:00    
(36/54): patch-2.7.6-11.el8.x86_64.rpm          278 kB/s | 138 kB     00:00    
(37/54): perl-Data-Dumper-2.167-399.el8.x86_64. 229 kB/s |  58 kB     00:00    
(38/54): pkgconf-1.4.2-1.el8.x86_64.rpm         148 kB/s |  38 kB     00:00    
(39/54): pkgconf-m4-1.4.2-1.el8.noarch.rpm      159 kB/s |  17 kB     00:00    
(40/54): pkgconf-pkg-config-1.4.2-1.el8.x86_64. 141 kB/s |  15 kB     00:00    
(41/54): procps-ng-3.3.15-9.el8.x86_64.rpm      430 kB/s | 329 kB     00:00    
(42/54): kernel-headers-4.18.0-408.el8.x86_64.r 2.1 MB/s | 9.8 MB     00:04    
(43/54): python3-setuptools-39.2.0-6.el8.noarch 332 kB/s | 163 kB     00:00    
(44/54): platform-python-pip-9.0.3-22.el8.noarc 1.1 MB/s | 1.6 MB     00:01    
(45/54): xz-5.2.4-4.el8.x86_64.rpm              321 kB/s | 153 kB     00:00    
(46/54): ccache-3.7.7-1.el8.x86_64.rpm          591 kB/s | 232 kB     00:00    
(47/54): rsync-3.1.3-19.el8.x86_64.rpm          522 kB/s | 410 kB     00:00    
(48/54): lbzip2-2.5-15.20171011gitb6dc48a.el8.x 1.1 MB/s |  98 kB     00:00    
(49/54): dash-0.5.10.2-4.el8.x86_64.rpm         350 kB/s |  99 kB     00:00    
(50/54): glibc-minimal-langpack-2.28-220.el8.x8 136 kB/s |  64 kB     00:00    
(51/54): libgcc-8.5.0-17.el8.x86_64.rpm         205 kB/s |  81 kB     00:00    
(52/54): glibc-common-2.28-220.el8.x86_64.rpm   686 kB/s | 1.0 MB     00:01    
(53/54): glibc-2.28-220.el8.x86_64.rpm          1.2 MB/s | 2.2 MB     00:01    
(54/54): libstdc++-8.5.0-17.el8.x86_64.rpm      393 kB/s | 454 kB     00:01    
--------------------------------------------------------------------------------
Total                                           3.4 MB/s |  89 MB     00:25     
Extra Packages for Enterprise Linux 8 - x86_64  1.6 MB/s | 1.6 kB     00:00    
Importing GPG key 0x2F86D6A1:
 Userid     : "Fedora EPEL (8) <epel@fedoraproject.org>"
 Fingerprint: 94E2 79EB 8D8F 25B2 1810 ADF1 21EA 45AB 2F86 D6A1
 From       : /etc/pki/rpm-gpg/RPM-GPG-KEY-EPEL-8
Key imported successfully
Running transaction check
Transaction check succeeded.
Running transaction test
Transaction test succeeded.
Running transaction
  Preparing        :                                                        1/1 
  Upgrading        : libgcc-8.5.0-17.el8.x86_64                            1/61 
  Running scriptlet: libgcc-8.5.0-17.el8.x86_64                            1/61 
  Installing       : kernel-headers-4.18.0-408.el8.x86_64                  2/61 
  Installing       : glibc-langpack-en-2.28-220.el8.x86_64                 3/61 
  Upgrading        : glibc-common-2.28-220.el8.x86_64                      4/61 
  Running scriptlet: glibc-2.28-220.el8.x86_64                             5/61 
  Upgrading        : glibc-2.28-220.el8.x86_64                             5/61 
  Running scriptlet: glibc-2.28-220.el8.x86_64                             5/61 
  Installing       : glibc-gconv-extra-2.28-220.el8.x86_64                 6/61 
  Running scriptlet: glibc-gconv-extra-2.28-220.el8.x86_64                 6/61 
  Installing       : libmpc-1.1.0-9.1.el8.x86_64                           7/61 
  Running scriptlet: glibc-headers-2.28-220.el8.i686                       8/61 
  Installing       : glibc-headers-2.28-220.el8.i686                       8/61 
  Upgrading        : libstdc++-8.5.0-17.el8.x86_64                         9/61 
  Running scriptlet: libstdc++-8.5.0-17.el8.x86_64                         9/61 
  Installing       : m4-1.4.18-7.el8.x86_64                               10/61 
  Running scriptlet: m4-1.4.18-7.el8.x86_64                               10/61 
  Installing       : cpp-8.5.0-17.el8.x86_64                              11/61 
  Running scriptlet: cpp-8.5.0-17.el8.x86_64                              11/61 
  Downgrading      : xz-libs-5.2.4-4.el8.x86_64                           12/61 
  Installing       : isl-0.16.1-6.el8.x86_64                              13/61 
  Running scriptlet: isl-0.16.1-6.el8.x86_64                              13/61 
  Running scriptlet: glibc-headers-2.28-220.el8.x86_64                    14/61 
  Installing       : glibc-headers-2.28-220.el8.x86_64                    14/61 
  Installing       : libgomp-8.5.0-17.el8.x86_64                          15/61 
  Running scriptlet: libgomp-8.5.0-17.el8.x86_64                          15/61 
  Installing       : libpkgconf-1.4.2-1.el8.x86_64                        16/61 
  Installing       : pkgconf-1.4.2-1.el8.x86_64                           17/61 
  Installing       : perl-Data-Dumper-2.167-399.el8.x86_64                18/61 
  Installing       : autoconf-2.69-29.el8.noarch                          19/61 
  Running scriptlet: autoconf-2.69-29.el8.noarch                          19/61 
  Installing       : python3-setuptools-39.2.0-6.el8.noarch               20/61 
  Installing       : platform-python-pip-9.0.3-22.el8.noarch              21/61 
  Installing       : python36-3.6.8-38.module_el8.5.0+895+a459eca8.x86_   22/61 
  Running scriptlet: python36-3.6.8-38.module_el8.5.0+895+a459eca8.x86_   22/61 
  Installing       : python3-pip-9.0.3-22.el8.noarch                      23/61 
  Installing       : pkgconf-m4-1.4.2-1.el8.noarch                        24/61 
  Installing       : pkgconf-pkg-config-1.4.2-1.el8.x86_64                25/61 
  Installing       : libxcrypt-devel-4.1.1-6.el8.x86_64                   26/61 
  Installing       : glibc-devel-2.28-220.el8.x86_64                      27/61 
  Running scriptlet: glibc-devel-2.28-220.el8.x86_64                      27/61 
  Installing       : coreutils-common-8.30-14.el8.x86_64                  28/61 
  Running scriptlet: coreutils-common-8.30-14.el8.x86_64                  28/61 
  Installing       : coreutils-8.30-14.el8.x86_64                         29/61 
  Installing       : binutils-2.30-119.el8.x86_64                         30/61 
  Running scriptlet: binutils-2.30-119.el8.x86_64                         30/61 
  Installing       : perl-Thread-Queue-3.13-1.el8.noarch                  31/61 
  Installing       : glibc-gconv-extra-2.28-220.el8.i686                  32/61 
  Running scriptlet: glibc-gconv-extra-2.28-220.el8.i686                  32/61 
  Running scriptlet: glibc-2.28-220.el8.i686                              33/61 
  Installing       : glibc-2.28-220.el8.i686                              33/61 
  Running scriptlet: glibc-2.28-220.el8.i686                              33/61 
  Installing       : libgcc-8.5.0-17.el8.i686                             34/61 
  Running scriptlet: libgcc-8.5.0-17.el8.i686                             34/61 
  Installing       : automake-1.16.1-7.el8.noarch                         35/61 
  Running scriptlet: ccache-3.7.7-1.el8.x86_64                            36/61 
  Installing       : ccache-3.7.7-1.el8.x86_64                            36/61 
  Installing       : xz-5.2.4-4.el8.x86_64                                37/61 
  Installing       : bison-3.0.4-10.el8.x86_64                            38/61 
  Running scriptlet: bison-3.0.4-10.el8.x86_64                            38/61 
  Installing       : libstdc++-devel-8.5.0-17.el8.x86_64                  39/61 
  Installing       : make-1:4.2.1-11.el8.x86_64                           40/61 
  Running scriptlet: make-1:4.2.1-11.el8.x86_64                           40/61 
  Installing       : patch-2.7.6-11.el8.x86_64                            41/61 
  Installing       : procps-ng-3.3.15-9.el8.x86_64                        42/61 
  Installing       : rsync-3.1.3-19.el8.x86_64                            43/61 
  Installing       : dash-0.5.10.2-4.el8.x86_64                           44/61 
  Running scriptlet: dash-0.5.10.2-4.el8.x86_64                           44/61 
  Installing       : lbzip2-2.5-15.20171011gitb6dc48a.el8.x86_64          45/61 
  Upgrading        : glibc-minimal-langpack-2.28-220.el8.x86_64           46/61 
  Installing       : libstdc++-8.5.0-17.el8.i686                          47/61 
  Running scriptlet: libstdc++-8.5.0-17.el8.i686                          47/61 
  Installing       : libstdc++-devel-8.5.0-17.el8.i686                    48/61 
  Installing       : libxcrypt-4.1.1-6.el8.i686                           49/61 
  Installing       : glibc-devel-2.28-220.el8.i686                        50/61 
  Running scriptlet: glibc-devel-2.28-220.el8.i686                        50/61 
  Installing       : libxcrypt-devel-4.1.1-6.el8.i686                     51/61 
  Installing       : gcc-8.5.0-17.el8.x86_64                              52/61 
  Running scriptlet: gcc-8.5.0-17.el8.x86_64                              52/61 
  Installing       : gcc-c++-8.5.0-17.el8.x86_64                          53/61 
  Running scriptlet: gcc-c++-8.5.0-17.el8.x86_64                          53/61 
  Installing       : libtool-2.4.6-25.el8.x86_64                          54/61 
  Running scriptlet: libtool-2.4.6-25.el8.x86_64                          54/61 
  Cleanup          : libstdc++-8.5.0-15.el8.x86_64                        55/61 
  Running scriptlet: libstdc++-8.5.0-15.el8.x86_64                        55/61 
  Erasing          : coreutils-single-8.30-13.el8.x86_64                  56/61 
  Cleanup          : xz-libs-5.2.4-4.el8_6.x86_64                         57/61 
  Cleanup          : glibc-2.28-211.el8.x86_64                            58/61 
  Cleanup          : glibc-minimal-langpack-2.28-211.el8.x86_64           59/61 
  Cleanup          : glibc-common-2.28-211.el8.x86_64                     60/61 
  Cleanup          : libgcc-8.5.0-15.el8.x86_64                           61/61 
  Running scriptlet: libgcc-8.5.0-15.el8.x86_64                           61/61 
  Running scriptlet: glibc-common-2.28-220.el8.x86_64                     61/61 
  Verifying        : xz-libs-5.2.4-4.el8.x86_64                            1/61 
  Verifying        : xz-libs-5.2.4-4.el8_6.x86_64                          2/61 
  Verifying        : autoconf-2.69-29.el8.noarch                           3/61 
  Verifying        : automake-1.16.1-7.el8.noarch                          4/61 
  Verifying        : bison-3.0.4-10.el8.x86_64                             5/61 
  Verifying        : gcc-c++-8.5.0-17.el8.x86_64                           6/61 
  Verifying        : isl-0.16.1-6.el8.x86_64                               7/61 
  Verifying        : libmpc-1.1.0-9.1.el8.x86_64                           8/61 
  Verifying        : libstdc++-devel-8.5.0-17.el8.i686                     9/61 
  Verifying        : libstdc++-devel-8.5.0-17.el8.x86_64                  10/61 
  Verifying        : libtool-2.4.6-25.el8.x86_64                          11/61 
  Verifying        : perl-Thread-Queue-3.13-1.el8.noarch                  12/61 
  Verifying        : python3-pip-9.0.3-22.el8.noarch                      13/61 
  Verifying        : python36-3.6.8-38.module_el8.5.0+895+a459eca8.x86_   14/61 
  Verifying        : binutils-2.30-119.el8.x86_64                         15/61 
  Verifying        : coreutils-8.30-14.el8.x86_64                         16/61 
  Verifying        : coreutils-common-8.30-14.el8.x86_64                  17/61 
  Verifying        : cpp-8.5.0-17.el8.x86_64                              18/61 
  Verifying        : gcc-8.5.0-17.el8.x86_64                              19/61 
  Verifying        : glibc-2.28-220.el8.i686                              20/61 
  Verifying        : glibc-devel-2.28-220.el8.i686                        21/61 
  Verifying        : glibc-devel-2.28-220.el8.x86_64                      22/61 
  Verifying        : glibc-gconv-extra-2.28-220.el8.i686                  23/61 
  Verifying        : glibc-gconv-extra-2.28-220.el8.x86_64                24/61 
  Verifying        : glibc-headers-2.28-220.el8.i686                      25/61 
  Verifying        : glibc-headers-2.28-220.el8.x86_64                    26/61 
  Verifying        : glibc-langpack-en-2.28-220.el8.x86_64                27/61 
  Verifying        : kernel-headers-4.18.0-408.el8.x86_64                 28/61 
  Verifying        : libgcc-8.5.0-17.el8.i686                             29/61 
  Verifying        : libgomp-8.5.0-17.el8.x86_64                          30/61 
  Verifying        : libpkgconf-1.4.2-1.el8.x86_64                        31/61 
  Verifying        : libstdc++-8.5.0-17.el8.i686                          32/61 
  Verifying        : libxcrypt-4.1.1-6.el8.i686                           33/61 
  Verifying        : libxcrypt-devel-4.1.1-6.el8.i686                     34/61 
  Verifying        : libxcrypt-devel-4.1.1-6.el8.x86_64                   35/61 
  Verifying        : m4-1.4.18-7.el8.x86_64                               36/61 
  Verifying        : make-1:4.2.1-11.el8.x86_64                           37/61 
  Verifying        : patch-2.7.6-11.el8.x86_64                            38/61 
  Verifying        : perl-Data-Dumper-2.167-399.el8.x86_64                39/61 
  Verifying        : pkgconf-1.4.2-1.el8.x86_64                           40/61 
  Verifying        : pkgconf-m4-1.4.2-1.el8.noarch                        41/61 
  Verifying        : pkgconf-pkg-config-1.4.2-1.el8.x86_64                42/61 
  Verifying        : platform-python-pip-9.0.3-22.el8.noarch              43/61 
  Verifying        : procps-ng-3.3.15-9.el8.x86_64                        44/61 
  Verifying        : python3-setuptools-39.2.0-6.el8.noarch               45/61 
  Verifying        : rsync-3.1.3-19.el8.x86_64                            46/61 
  Verifying        : xz-5.2.4-4.el8.x86_64                                47/61 
  Verifying        : ccache-3.7.7-1.el8.x86_64                            48/61 
  Verifying        : dash-0.5.10.2-4.el8.x86_64                           49/61 
  Verifying        : lbzip2-2.5-15.20171011gitb6dc48a.el8.x86_64          50/61 
  Verifying        : glibc-2.28-220.el8.x86_64                            51/61 
  Verifying        : glibc-2.28-211.el8.x86_64                            52/61 
  Verifying        : glibc-common-2.28-220.el8.x86_64                     53/61 
  Verifying        : glibc-common-2.28-211.el8.x86_64                     54/61 
  Verifying        : glibc-minimal-langpack-2.28-220.el8.x86_64           55/61 
  Verifying        : glibc-minimal-langpack-2.28-211.el8.x86_64           56/61 
  Verifying        : libgcc-8.5.0-17.el8.x86_64                           57/61 
  Verifying        : libgcc-8.5.0-15.el8.x86_64                           58/61 
  Verifying        : libstdc++-8.5.0-17.el8.x86_64                        59/61 
  Verifying        : libstdc++-8.5.0-15.el8.x86_64                        60/61 
  Verifying        : coreutils-single-8.30-13.el8.x86_64                  61/61 

Upgraded:
  glibc-2.28-220.el8.x86_64                   glibc-common-2.28-220.el8.x86_64 
  glibc-minimal-langpack-2.28-220.el8.x86_64  libgcc-8.5.0-17.el8.x86_64       
  libstdc++-8.5.0-17.el8.x86_64              
Downgraded:
  xz-libs-5.2.4-4.el8.x86_64                                                    
Installed:
  autoconf-2.69-29.el8.noarch                                                   
  automake-1.16.1-7.el8.noarch                                                  
  binutils-2.30-119.el8.x86_64                                                  
  bison-3.0.4-10.el8.x86_64                                                     
  ccache-3.7.7-1.el8.x86_64                                                     
  coreutils-8.30-14.el8.x86_64                                                  
  coreutils-common-8.30-14.el8.x86_64                                           
  cpp-8.5.0-17.el8.x86_64                                                       
  dash-0.5.10.2-4.el8.x86_64                                                    
  gcc-8.5.0-17.el8.x86_64                                                       
  gcc-c++-8.5.0-17.el8.x86_64                                                   
  glibc-2.28-220.el8.i686                                                       
  glibc-devel-2.28-220.el8.i686                                                 
  glibc-devel-2.28-220.el8.x86_64                                               
  glibc-gconv-extra-2.28-220.el8.i686                                           
  glibc-gconv-extra-2.28-220.el8.x86_64                                         
  glibc-headers-2.28-220.el8.i686                                               
  glibc-headers-2.28-220.el8.x86_64                                             
  glibc-langpack-en-2.28-220.el8.x86_64                                         
  isl-0.16.1-6.el8.x86_64                                                       
  kernel-headers-4.18.0-408.el8.x86_64                                          
  lbzip2-2.5-15.20171011gitb6dc48a.el8.x86_64                                   
  libgcc-8.5.0-17.el8.i686                                                      
  libgomp-8.5.0-17.el8.x86_64                                                   
  libmpc-1.1.0-9.1.el8.x86_64                                                   
  libpkgconf-1.4.2-1.el8.x86_64                                                 
  libstdc++-8.5.0-17.el8.i686                                                   
  libstdc++-devel-8.5.0-17.el8.i686                                             
  libstdc++-devel-8.5.0-17.el8.x86_64                                           
  libtool-2.4.6-25.el8.x86_64                                                   
  libxcrypt-4.1.1-6.el8.i686                                                    
  libxcrypt-devel-4.1.1-6.el8.i686                                              
  libxcrypt-devel-4.1.1-6.el8.x86_64                                            
  m4-1.4.18-7.el8.x86_64                                                        
  make-1:4.2.1-11.el8.x86_64                                                    
  patch-2.7.6-11.el8.x86_64                                                     
  perl-Data-Dumper-2.167-399.el8.x86_64                                         
  perl-Thread-Queue-3.13-1.el8.noarch                                           
  pkgconf-1.4.2-1.el8.x86_64                                                    
  pkgconf-m4-1.4.2-1.el8.noarch                                                 
  pkgconf-pkg-config-1.4.2-1.el8.x86_64                                         
  platform-python-pip-9.0.3-22.el8.noarch                                       
  procps-ng-3.3.15-9.el8.x86_64                                                 
  python3-pip-9.0.3-22.el8.noarch                                               
  python3-setuptools-39.2.0-6.el8.noarch                                        
  python36-3.6.8-38.module_el8.5.0+895+a459eca8.x86_64                          
  rsync-3.1.3-19.el8.x86_64                                                     
  xz-5.2.4-4.el8.x86_64                                                         
Removed:
  coreutils-single-8.30-13.el8.x86_64                                           

Complete!
WARNING: Running pip install with root privileges is generally not a good idea. Try `pip3 install --user` instead.
Collecting pyzmq
  Downloading https://files.pythonhosted.org/packages/6c/33/d68be963793bced811ed51903eacb719ed40387d31bf2dd7abf409390107/pyzmq-24.0.1-cp36-cp36m-manylinux_2_5_x86_64.manylinux1_x86_64.whl (1.1MB)
Installing collected packages: pyzmq
Successfully installed pyzmq-24.0.1
              total        used        free      shared  buff/cache   available
Mem:          125Gi       4.5Gi       6.9Gi       3.0Mi       114Gi       120Gi
Swap:            0B          0B          0B
Number of CPUs (nproc): 32
Byte Order: Little Endian
Free disk space:
Filesystem      Size  Used Avail Use% Mounted on
overlay         488G  123G  366G  26% /
tmpfs            64M     0   64M   0% /dev
tmpfs            63G     0   63G   0% /sys/fs/cgroup
/dev/sda1       488G  123G  366G  26% /tmp
tmpfs           117G     0  117G   0% /dev/shm
tmpfs            63G     0   63G   0% /proc/acpi
tmpfs            63G     0   63G   0% /proc/scsi
tmpfs            63G     0   63G   0% /sys/firmware
  % Total    % Received % Xferd  Average Speed   Time    Time     Time  Current
                                 Dload  Upload   Total   Spent    Left  Speed
  0     0    0     0    0     0      0      0 --:--:-- --:--:-- --:--:--     0  0     0    0     0    0     0      0      0 --:--:--  0:00:01 --:--:--     0  0     0    0     0    0     0      0      0 --:--:--  0:00:01 --:--:--     0
100 9026k  100 9026k    0     0  6776k      0  0:00:01  0:00:01 --:--:-- 6776k
make: Entering directory '/tmp/cirrus-ci-build/depends'
copying packages: boost libevent qt expat libxcb xcb_proto libXau xproto freetype fontconfig libxkbcommon libxcb_util libxcb_util_render libxcb_util_keysyms libxcb_util_image libxcb_util_wm qrencode bdb sqlite miniupnpc libnatpmp systemtap zeromq
to: /tmp/cirrus-ci-build/depends/i686-pc-linux-gnu
make: Leaving directory '/tmp/cirrus-ci-build/depends'
Statistics zeroed
Set cache size limit to 200.0 MB
libtoolize: putting auxiliary files in AC_CONFIG_AUX_DIR, 'build-aux'.
libtoolize: copying file 'build-aux/ltmain.sh'
libtoolize: putting macros in AC_CONFIG_MACRO_DIRS, 'build-aux/m4'.
libtoolize: copying file 'build-aux/m4/libtool.m4'
libtoolize: copying file 'build-aux/m4/ltoptions.m4'
libtoolize: copying file 'build-aux/m4/ltsugar.m4'
libtoolize: copying file 'build-aux/m4/ltversion.m4'
libtoolize: copying file 'build-aux/m4/lt~obsolete.m4'
configure.ac:40: installing 'build-aux/ar-lib'
configure.ac:35: installing 'build-aux/compile'
configure.ac:24: installing 'build-aux/config.guess'
configure.ac:24: installing 'build-aux/config.sub'
configure.ac:30: installing 'build-aux/install-sh'
configure.ac:30: installing 'build-aux/missing'
Makefile.am: installing 'build-aux/depcomp'
parallel-tests: installing 'build-aux/test-driver'
libtoolize: putting auxiliary files in AC_CONFIG_AUX_DIR, 'build-aux'.
libtoolize: copying file 'build-aux/ltmain.sh'
libtoolize: putting macros in AC_CONFIG_MACRO_DIRS, 'build-aux/m4'.
libtoolize: copying file 'build-aux/m4/libtool.m4'
libtoolize: copying file 'build-aux/m4/ltoptions.m4'
libtoolize: copying file 'build-aux/m4/ltsugar.m4'
libtoolize: copying file 'build-aux/m4/ltversion.m4'
libtoolize: copying file 'build-aux/m4/lt~obsolete.m4'

Timed out!