
C:\Users\ContainerAdministrator\AppData\Local\Temp\cirrus-ci-build>call git config --global user.email "ci@ci.ci" 

C:\Users\ContainerAdministrator\AppData\Local\Temp\cirrus-ci-build>if 0 NEQ 0 exit /b 0 

C:\Users\ContainerAdministrator\AppData\Local\Temp\cirrus-ci-build>call git config --global user.name "ci" 

C:\Users\ContainerAdministrator\AppData\Local\Temp\cirrus-ci-build>if 0 NEQ 0 exit /b 0 

C:\Users\ContainerAdministrator\AppData\Local\Temp\cirrus-ci-build>call git config core.filemode false 

C:\Users\ContainerAdministrator\AppData\Local\Temp\cirrus-ci-build>if 0 NEQ 0 exit /b 0 

C:\Users\ContainerAdministrator\AppData\Local\Temp\cirrus-ci-build>call git reset --hard 
HEAD is now at 4d5bb06fd tidy: Fix modernize-use-default-member-init, variable might be redundant error

C:\Users\ContainerAdministrator\AppData\Local\Temp\cirrus-ci-build>if 0 NEQ 0 exit /b 0 

C:\Users\ContainerAdministrator\AppData\Local\Temp\cirrus-ci-build>call PowerShell -NoLogo -Command if ($env:CIRRUS_PR -ne $null) { git fetch $env:CIRRUS_REPO_CLONE_URL $env:CIRRUS_BASE_BRANCH; git merge FETCH_HEAD; } 
From https://github.com/bitcoin/bitcoin
 * branch                master     -> FETCH_HEAD
Merge made by the 'ort' strategy.
 ci/test/06_script_b.sh    |  1 +
 src/.clang-tidy           |  2 ++
 src/blockfilter.cpp       |  2 +-
 src/external_signer.cpp   |  2 +-
 src/net.cpp               | 10 +++++-----
 src/random.h              | 17 ++++++++++++-----
 src/test/random_tests.cpp | 10 ++++++++++
 src/threadinterrupt.cpp   | 12 +-----------
 src/threadinterrupt.h     |  5 ++---
 src/util/system.cpp       |  2 +-
 src/wallet/rpc/backup.cpp |  2 +-
 src/wallet/rpc/wallet.cpp |  2 +-
 12 files changed, 38 insertions(+), 29 deletions(-)

C:\Users\ContainerAdministrator\AppData\Local\Temp\cirrus-ci-build>if 0 NEQ 0 exit /b 0 
