./ci/test_run_all.sh
Setting specific values in env
Fallback to default values in env (if not yet set)
CCACHE_SIZE=200M
LC_ALL=C.UTF-8
CCACHE_COMPRESS=1
CONFIG_SHELL=/bin/dash
BASE_BUILD_DIR=/tmp/cirrus-ci-build/ci/scratch/build
UBSAN_OPTIONS=suppressions=/tmp/cirrus-ci-build/test/sanitizer_suppressions/ubsan:print_stacktrace=1:halt_on_error=1:report_error_type=1
ASAN_OPTIONS=detect_stack_use_after_return=1:check_initialization_order=1:strict_init_order=1
BASE_ROOT_DIR=/tmp/cirrus-ci-build
CCACHE_DIR=/tmp/ccache_dir
DEBIAN_FRONTEND=noninteractive
BASE_SCRATCH_DIR=/tmp/cirrus-ci-build/ci/scratch
TSAN_OPTIONS=suppressions=/tmp/cirrus-ci-build/test/sanitizer_suppressions/tsan:halt_on_error=1:log_path=/tmp/cirrus-ci-build/ci/scratch/sanitizer-output/tsan
LSAN_OPTIONS=suppressions=/tmp/cirrus-ci-build/test/sanitizer_suppressions/lsan
BITCOIN_CONFIG=--enable-zmq --with-gui=qt5 --enable-reduce-exports
CCACHE_NOHASHDIR=1
BOOST_TEST_RANDOM=1
CCACHE_TEMPDIR=/tmp/.ccache-temp
BASE_OUTDIR=/tmp/cirrus-ci-build/ci/scratch/out/i686-pc-linux-gnu
PREVIOUS_RELEASES_DIR=/tmp/cirrus-ci-build/releases/i686-pc-linux-gnu
Running on host system without docker wrapper
Last metadata expiration check: 0:00:17 ago on Wed Sep 14 18:32:56 2022.
Dependencies resolved.
================================================================================
 Package               Architecture    Version            Repository       Size
================================================================================
Installing:
 epel-release          noarch          8-11.el8           extras           24 k

Transaction Summary
================================================================================
Install  1 Package

Total download size: 24 k
Installed size: 35 k
Downloading Packages:
epel-release-8-11.el8.noarch.rpm                218 kB/s |  24 kB     00:00    
--------------------------------------------------------------------------------
Total                                           129 kB/s |  24 kB     00:00     
Running transaction check
Transaction check succeeded.
Running transaction test
Transaction test succeeded.
Running transaction
  Preparing        :                                                        1/1 
  Installing       : epel-release-8-11.el8.noarch                           1/1 
  Running scriptlet: epel-release-8-11.el8.noarch                           1/1 
  Verifying        : epel-release-8-11.el8.noarch                           1/1 

Installed:
  epel-release-8-11.el8.noarch                                                  

Complete!
Extra Packages for Enterprise Linux 8 - x86_64   17 MB/s |  13 MB     00:00    
Extra Packages for Enterprise Linux Modular 8 - 881 kB/s | 733 kB     00:00    
Package git-2.31.1-2.el8.x86_64 is already installed.
Package which-2.21-18.el8.x86_64 is already installed.
Dependencies resolved.
=======================================================================================
 Package                  Arch    Version                              Repo        Size
=======================================================================================
Installing:
 bison                    x86_64  3.0.4-10.el8                         appstream  688 k
 ccache                   x86_64  3.7.7-1.el8                          epel       232 k
 coreutils                x86_64  8.30-13.el8                          baseos     1.2 M
 dash                     x86_64  0.5.10.2-4.el8                       epel        99 k
 gcc-c++                  x86_64  8.5.0-15.el8                         appstream   12 M
 glibc-devel              i686    2.28-211.el8                         baseos      81 k
 glibc-devel              x86_64  2.28-211.el8                         baseos      82 k
 lbzip2                   x86_64  2.5-15.20171011gitb6dc48a.el8        epel        98 k
 libstdc++-devel          i686    8.5.0-15.el8                         appstream  2.1 M
 libstdc++-devel          x86_64  8.5.0-15.el8                         appstream  2.1 M
 libtool                  x86_64  2.4.6-25.el8                         appstream  709 k
 make                     x86_64  1:4.2.1-11.el8                       baseos     498 k
 patch                    x86_64  2.7.6-11.el8                         baseos     138 k
 procps-ng                x86_64  3.3.15-9.el8                         baseos     329 k
 python3-zmq              x86_64  19.0.0-1.el8                         epel       418 k
 python36                 x86_64  3.6.8-38.module_el8.5.0+895+a459eca8 appstream   19 k
 rsync                    x86_64  3.1.3-19.el8                         baseos     410 k
 xz                       x86_64  5.2.4-4.el8                          baseos     153 k
Upgrading:
 glibc                    x86_64  2.28-211.el8                         baseos     2.2 M
 glibc-common             x86_64  2.28-211.el8                         baseos     1.0 M
 glibc-minimal-langpack   x86_64  2.28-211.el8                         baseos      63 k
Installing dependencies:
 autoconf                 noarch  2.69-29.el8                          appstream  710 k
 automake                 noarch  1.16.1-7.el8                         appstream  713 k
 binutils                 x86_64  2.30-117.el8                         baseos     5.8 M
 coreutils-common         x86_64  8.30-13.el8                          baseos     2.0 M
 cpp                      x86_64  8.5.0-15.el8                         appstream   10 M
 gcc                      x86_64  8.5.0-15.el8                         appstream   23 M
 glibc                    i686    2.28-211.el8                         baseos     2.0 M
 glibc-headers            i686    2.28-211.el8                         baseos     486 k
 glibc-headers            x86_64  2.28-211.el8                         baseos     486 k
 isl                      x86_64  0.16.1-6.el8                         appstream  841 k
 kernel-headers           x86_64  4.18.0-408.el8                       baseos     9.8 M
 libgcc                   i686    8.5.0-15.el8                         baseos      88 k
 libgomp                  x86_64  8.5.0-15.el8                         baseos     207 k
 libmpc                   x86_64  1.1.0-9.1.el8                        appstream   61 k
 libpkgconf               x86_64  1.4.2-1.el8                          baseos      35 k
 libsodium                x86_64  1.0.18-2.el8                         epel       162 k
 libstdc++                i686    8.5.0-15.el8                         baseos     491 k
 libunwind                x86_64  1.3.1-3.el8                          epel        75 k
 libxcrypt                i686    4.1.1-6.el8                          baseos      74 k
 libxcrypt-devel          i686    4.1.1-6.el8                          baseos      25 k
 libxcrypt-devel          x86_64  4.1.1-6.el8                          baseos      25 k
 m4                       x86_64  1.4.18-7.el8                         baseos     223 k
 openpgm                  x86_64  5.2.122-21.el8                       epel       180 k
 perl-Data-Dumper         x86_64  2.167-399.el8                        baseos      58 k
 perl-Thread-Queue        noarch  3.13-1.el8                           appstream   24 k
 pkgconf                  x86_64  1.4.2-1.el8                          baseos      38 k
 pkgconf-m4               noarch  1.4.2-1.el8                          baseos      17 k
 pkgconf-pkg-config       x86_64  1.4.2-1.el8                          baseos      15 k
 platform-python-pip      noarch  9.0.3-22.el8                         baseos     1.6 M
 python3-pip              noarch  9.0.3-22.el8                         appstream   20 k
 python3-setuptools       noarch  39.2.0-6.el8                         baseos     163 k
 zeromq                   x86_64  4.3.4-2.el8                          epel       479 k
Installing weak dependencies:
 glibc-gconv-extra        i686    2.28-211.el8                         appstream  1.6 M
 glibc-gconv-extra        x86_64  2.28-211.el8                         baseos     1.5 M
 glibc-langpack-en        x86_64  2.28-211.el8                         baseos     825 k
Removing dependent packages:
 coreutils-single         x86_64  8.30-13.el8                          @baseos    1.3 M
Downgrading:
 xz-libs                  x86_64  5.2.4-4.el8                          baseos      94 k
Enabling module streams:
 python36                         3.6                                                  

Transaction Summary
=======================================================================================
Install    53 Packages
Upgrade     3 Packages
Remove      1 Package
Downgrade   1 Package

Total download size: 89 M
Downloading Packages:
(1/57): xz-libs-5.2.4-4.el8.x86_64.rpm          477 kB/s |  94 kB     00:00    
(2/57): autoconf-2.69-29.el8.noarch.rpm         1.6 MB/s | 710 kB     00:00    
(3/57): automake-1.16.1-7.el8.noarch.rpm        1.6 MB/s | 713 kB     00:00    
(4/57): bison-3.0.4-10.el8.x86_64.rpm           2.0 MB/s | 688 kB     00:00    
(5/57): cpp-8.5.0-15.el8.x86_64.rpm              33 MB/s |  10 MB     00:00    
(6/57): glibc-gconv-extra-2.28-211.el8.i686.rpm  25 MB/s | 1.6 MB     00:00    
(7/57): isl-0.16.1-6.el8.x86_64.rpm              16 MB/s | 841 kB     00:00    
(8/57): gcc-c++-8.5.0-15.el8.x86_64.rpm          32 MB/s |  12 MB     00:00    
(9/57): libmpc-1.1.0-9.1.el8.x86_64.rpm         1.3 MB/s |  61 kB     00:00    
(10/57): gcc-8.5.0-15.el8.x86_64.rpm             42 MB/s |  23 MB     00:00    
(11/57): libstdc++-devel-8.5.0-15.el8.x86_64.rp  20 MB/s | 2.1 MB     00:00    
(12/57): libstdc++-devel-8.5.0-15.el8.i686.rpm   17 MB/s | 2.1 MB     00:00    
(13/57): libtool-2.4.6-25.el8.x86_64.rpm         12 MB/s | 709 kB     00:00    
(14/57): perl-Thread-Queue-3.13-1.el8.noarch.rp 544 kB/s |  24 kB     00:00    
(15/57): python3-pip-9.0.3-22.el8.noarch.rpm    456 kB/s |  20 kB     00:00    
(16/57): python36-3.6.8-38.module_el8.5.0+895+a 437 kB/s |  19 kB     00:00    
(17/57): coreutils-8.30-13.el8.x86_64.rpm       3.1 MB/s | 1.2 MB     00:00    
(18/57): coreutils-common-8.30-13.el8.x86_64.rp 4.6 MB/s | 2.0 MB     00:00    
(19/57): binutils-2.30-117.el8.x86_64.rpm        12 MB/s | 5.8 MB     00:00    
(20/57): glibc-2.28-211.el8.i686.rpm             20 MB/s | 2.0 MB     00:00    
(21/57): glibc-devel-2.28-211.el8.i686.rpm      1.6 MB/s |  81 kB     00:00    
(22/57): glibc-devel-2.28-211.el8.x86_64.rpm    1.6 MB/s |  82 kB     00:00    
(23/57): glibc-gconv-extra-2.28-211.el8.x86_64.  27 MB/s | 1.5 MB     00:00    
(24/57): glibc-headers-2.28-211.el8.i686.rpm    8.6 MB/s | 486 kB     00:00    
(25/57): glibc-headers-2.28-211.el8.x86_64.rpm  9.0 MB/s | 486 kB     00:00    
(26/57): glibc-langpack-en-2.28-211.el8.x86_64.  15 MB/s | 825 kB     00:00    
(27/57): libgcc-8.5.0-15.el8.i686.rpm           1.7 MB/s |  88 kB     00:00    
(28/57): libgomp-8.5.0-15.el8.x86_64.rpm        4.3 MB/s | 207 kB     00:00    
(29/57): libpkgconf-1.4.2-1.el8.x86_64.rpm      683 kB/s |  35 kB     00:00    
(30/57): libstdc++-8.5.0-15.el8.i686.rpm        9.5 MB/s | 491 kB     00:00    
(31/57): libxcrypt-4.1.1-6.el8.i686.rpm         1.4 MB/s |  74 kB     00:00    
(32/57): libxcrypt-devel-4.1.1-6.el8.i686.rpm   548 kB/s |  25 kB     00:00    
(33/57): libxcrypt-devel-4.1.1-6.el8.x86_64.rpm 502 kB/s |  25 kB     00:00    
(34/57): m4-1.4.18-7.el8.x86_64.rpm             4.5 MB/s | 223 kB     00:00    
(35/57): kernel-headers-4.18.0-408.el8.x86_64.r  36 MB/s | 9.8 MB     00:00    
(36/57): make-4.2.1-11.el8.x86_64.rpm           8.4 MB/s | 498 kB     00:00    
(37/57): patch-2.7.6-11.el8.x86_64.rpm          2.8 MB/s | 138 kB     00:00    
(38/57): perl-Data-Dumper-2.167-399.el8.x86_64. 1.1 MB/s |  58 kB     00:00    
(39/57): pkgconf-1.4.2-1.el8.x86_64.rpm         758 kB/s |  38 kB     00:00    
(40/57): pkgconf-m4-1.4.2-1.el8.noarch.rpm      347 kB/s |  17 kB     00:00    
(41/57): pkgconf-pkg-config-1.4.2-1.el8.x86_64. 291 kB/s |  15 kB     00:00    
(42/57): procps-ng-3.3.15-9.el8.x86_64.rpm      6.5 MB/s | 329 kB     00:00    
(43/57): platform-python-pip-9.0.3-22.el8.noarc  23 MB/s | 1.6 MB     00:00    
(44/57): python3-setuptools-39.2.0-6.el8.noarch 3.0 MB/s | 163 kB     00:00    
(45/57): rsync-3.1.3-19.el8.x86_64.rpm          7.7 MB/s | 410 kB     00:00    
(46/57): xz-5.2.4-4.el8.x86_64.rpm              2.9 MB/s | 153 kB     00:00    
(47/57): dash-0.5.10.2-4.el8.x86_64.rpm         774 kB/s |  99 kB     00:00    
(48/57): lbzip2-2.5-15.20171011gitb6dc48a.el8.x 804 kB/s |  98 kB     00:00    
(49/57): ccache-3.7.7-1.el8.x86_64.rpm          1.5 MB/s | 232 kB     00:00    
(50/57): libunwind-1.3.1-3.el8.x86_64.rpm       2.6 MB/s |  75 kB     00:00    
(51/57): openpgm-5.2.122-21.el8.x86_64.rpm      6.0 MB/s | 180 kB     00:00    
(52/57): libsodium-1.0.18-2.el8.x86_64.rpm      2.9 MB/s | 162 kB     00:00    
(53/57): python3-zmq-19.0.0-1.el8.x86_64.rpm    7.5 MB/s | 418 kB     00:00    
(54/57): zeromq-4.3.4-2.el8.x86_64.rpm          8.8 MB/s | 479 kB     00:00    
(55/57): glibc-2.28-211.el8.x86_64.rpm           32 MB/s | 2.2 MB     00:00    
(56/57): glibc-common-2.28-211.el8.x86_64.rpm    18 MB/s | 1.0 MB     00:00    
(57/57): glibc-minimal-langpack-2.28-211.el8.x8 1.2 MB/s |  63 kB     00:00    
--------------------------------------------------------------------------------
Total                                            33 MB/s |  89 MB     00:02     
Extra Packages for Enterprise Linux 8 - x86_64  1.6 MB/s | 1.6 kB     00:00    
Importing GPG key 0x2F86D6A1:
 Userid     : "Fedora EPEL (8) <epel@fedoraproject.org>"
 Fingerprint: 94E2 79EB 8D8F 25B2 1810 ADF1 21EA 45AB 2F86 D6A1
 From       : /etc/pki/rpm-gpg/RPM-GPG-KEY-EPEL-8
Key imported successfully
Running transaction check
Transaction check succeeded.
Running transaction test
Transaction test succeeded.
Running transaction
  Preparing        :                                                        1/1 
  Installing       : kernel-headers-4.18.0-408.el8.x86_64                  1/62 
  Installing       : glibc-langpack-en-2.28-211.el8.x86_64                 2/62 
  Upgrading        : glibc-common-2.28-211.el8.x86_64                      3/62 
  Running scriptlet: glibc-2.28-211.el8.x86_64                             4/62 
  Upgrading        : glibc-2.28-211.el8.x86_64                             4/62 
  Running scriptlet: glibc-2.28-211.el8.x86_64                             4/62 
  Installing       : glibc-gconv-extra-2.28-211.el8.x86_64                 5/62 
  Running scriptlet: glibc-gconv-extra-2.28-211.el8.x86_64                 5/62 
  Installing       : libmpc-1.1.0-9.1.el8.x86_64                           6/62 
  Running scriptlet: glibc-headers-2.28-211.el8.i686                       7/62 
  Installing       : glibc-headers-2.28-211.el8.i686                       7/62 
  Installing       : m4-1.4.18-7.el8.x86_64                                8/62 
  Running scriptlet: m4-1.4.18-7.el8.x86_64                                8/62 
  Installing       : cpp-8.5.0-15.el8.x86_64                               9/62 
  Running scriptlet: cpp-8.5.0-15.el8.x86_64                               9/62 
  Downgrading      : xz-libs-5.2.4-4.el8.x86_64                           10/62 
  Installing       : isl-0.16.1-6.el8.x86_64                              11/62 
  Running scriptlet: isl-0.16.1-6.el8.x86_64                              11/62 
  Running scriptlet: glibc-headers-2.28-211.el8.x86_64                    12/62 
  Installing       : glibc-headers-2.28-211.el8.x86_64                    12/62 
  Installing       : libgomp-8.5.0-15.el8.x86_64                          13/62 
  Running scriptlet: libgomp-8.5.0-15.el8.x86_64                          13/62 
  Installing       : libpkgconf-1.4.2-1.el8.x86_64                        14/62 
  Installing       : pkgconf-1.4.2-1.el8.x86_64                           15/62 
  Installing       : perl-Data-Dumper-2.167-399.el8.x86_64                16/62 
  Installing       : autoconf-2.69-29.el8.noarch                          17/62 
  Running scriptlet: autoconf-2.69-29.el8.noarch                          17/62 
  Installing       : libsodium-1.0.18-2.el8.x86_64                        18/62 
  Installing       : libunwind-1.3.1-3.el8.x86_64                         19/62 
  Installing       : openpgm-5.2.122-21.el8.x86_64                        20/62 
  Installing       : zeromq-4.3.4-2.el8.x86_64                            21/62 
  Installing       : python3-setuptools-39.2.0-6.el8.noarch               22/62 
  Installing       : platform-python-pip-9.0.3-22.el8.noarch              23/62 
  Installing       : python36-3.6.8-38.module_el8.5.0+895+a459eca8.x86_   24/62 
  Running scriptlet: python36-3.6.8-38.module_el8.5.0+895+a459eca8.x86_   24/62 
  Installing       : python3-pip-9.0.3-22.el8.noarch                      25/62 
  Installing       : pkgconf-m4-1.4.2-1.el8.noarch                        26/62 
  Installing       : pkgconf-pkg-config-1.4.2-1.el8.x86_64                27/62 
  Installing       : libxcrypt-devel-4.1.1-6.el8.x86_64                   28/62 
  Installing       : glibc-devel-2.28-211.el8.x86_64                      29/62 
  Running scriptlet: glibc-devel-2.28-211.el8.x86_64                      29/62 
  Installing       : coreutils-common-8.30-13.el8.x86_64                  30/62 
  Running scriptlet: coreutils-common-8.30-13.el8.x86_64                  30/62 
  Installing       : coreutils-8.30-13.el8.x86_64                         31/62 
  Installing       : binutils-2.30-117.el8.x86_64                         32/62 
  Running scriptlet: binutils-2.30-117.el8.x86_64                         32/62 
  Installing       : perl-Thread-Queue-3.13-1.el8.noarch                  33/62 
  Installing       : automake-1.16.1-7.el8.noarch                         34/62 
  Running scriptlet: ccache-3.7.7-1.el8.x86_64                            35/62 
  Installing       : ccache-3.7.7-1.el8.x86_64                            35/62 
  Installing       : python3-zmq-19.0.0-1.el8.x86_64                      36/62 
  Installing       : xz-5.2.4-4.el8.x86_64                                37/62 
  Installing       : bison-3.0.4-10.el8.x86_64                            38/62 
  Running scriptlet: bison-3.0.4-10.el8.x86_64                            38/62 
  Installing       : make-1:4.2.1-11.el8.x86_64                           39/62 
  Running scriptlet: make-1:4.2.1-11.el8.x86_64                           39/62 
  Installing       : patch-2.7.6-11.el8.x86_64                            40/62 
  Installing       : procps-ng-3.3.15-9.el8.x86_64                        41/62 
  Installing       : rsync-3.1.3-19.el8.x86_64                            42/62 
  Installing       : dash-0.5.10.2-4.el8.x86_64                           43/62 
  Running scriptlet: dash-0.5.10.2-4.el8.x86_64                           43/62 
  Installing       : lbzip2-2.5-15.20171011gitb6dc48a.el8.x86_64          44/62 
  Upgrading        : glibc-minimal-langpack-2.28-211.el8.x86_64           45/62 
  Installing       : libstdc++-devel-8.5.0-15.el8.x86_64                  46/62 
  Running scriptlet: glibc-2.28-211.el8.i686                              47/62 
  Installing       : glibc-2.28-211.el8.i686                              47/62 
  Running scriptlet: glibc-2.28-211.el8.i686                              47/62 
  Installing       : glibc-gconv-extra-2.28-211.el8.i686                  48/62 
  Running scriptlet: glibc-gconv-extra-2.28-211.el8.i686                  48/62 
  Installing       : libgcc-8.5.0-15.el8.i686                             49/62 
  Running scriptlet: libgcc-8.5.0-15.el8.i686                             49/62 
  Installing       : libstdc++-8.5.0-15.el8.i686                          50/62 
  Running scriptlet: libstdc++-8.5.0-15.el8.i686                          50/62 
  Installing       : libstdc++-devel-8.5.0-15.el8.i686                    51/62 
  Installing       : libxcrypt-4.1.1-6.el8.i686                           52/62 
  Installing       : glibc-devel-2.28-211.el8.i686                        53/62 
  Running scriptlet: glibc-devel-2.28-211.el8.i686                        53/62 
  Installing       : libxcrypt-devel-4.1.1-6.el8.i686                     54/62 
  Installing       : gcc-8.5.0-15.el8.x86_64                              55/62 
  Running scriptlet: gcc-8.5.0-15.el8.x86_64                              55/62 
  Installing       : gcc-c++-8.5.0-15.el8.x86_64                          56/62 
  Running scriptlet: gcc-c++-8.5.0-15.el8.x86_64                          56/62 
  Installing       : libtool-2.4.6-25.el8.x86_64                          57/62 
  Running scriptlet: libtool-2.4.6-25.el8.x86_64                          57/62 
  Erasing          : coreutils-single-8.30-13.el8.x86_64                  58/62 
  Cleanup          : xz-libs-5.2.4-4.el8_6.x86_64                         59/62 
  Cleanup          : glibc-2.28-208.el8.x86_64                            60/62 
  Cleanup          : glibc-minimal-langpack-2.28-208.el8.x86_64           61/62 
  Cleanup          : glibc-common-2.28-208.el8.x86_64                     62/62 
  Running scriptlet: glibc-common-2.28-208.el8.x86_64                     62/62 
  Running scriptlet: glibc-common-2.28-211.el8.x86_64                     62/62 
  Verifying        : xz-libs-5.2.4-4.el8.x86_64                            1/62 
  Verifying        : xz-libs-5.2.4-4.el8_6.x86_64                          2/62 
  Verifying        : autoconf-2.69-29.el8.noarch                           3/62 
  Verifying        : automake-1.16.1-7.el8.noarch                          4/62 
  Verifying        : bison-3.0.4-10.el8.x86_64                             5/62 
  Verifying        : cpp-8.5.0-15.el8.x86_64                               6/62 
  Verifying        : gcc-8.5.0-15.el8.x86_64                               7/62 
  Verifying        : gcc-c++-8.5.0-15.el8.x86_64                           8/62 
  Verifying        : glibc-gconv-extra-2.28-211.el8.i686                   9/62 
  Verifying        : isl-0.16.1-6.el8.x86_64                              10/62 
  Verifying        : libmpc-1.1.0-9.1.el8.x86_64                          11/62 
  Verifying        : libstdc++-devel-8.5.0-15.el8.i686                    12/62 
  Verifying        : libstdc++-devel-8.5.0-15.el8.x86_64                  13/62 
  Verifying        : libtool-2.4.6-25.el8.x86_64                          14/62 
  Verifying        : perl-Thread-Queue-3.13-1.el8.noarch                  15/62 
  Verifying        : python3-pip-9.0.3-22.el8.noarch                      16/62 
  Verifying        : python36-3.6.8-38.module_el8.5.0+895+a459eca8.x86_   17/62 
  Verifying        : binutils-2.30-117.el8.x86_64                         18/62 
  Verifying        : coreutils-8.30-13.el8.x86_64                         19/62 
  Verifying        : coreutils-common-8.30-13.el8.x86_64                  20/62 
  Verifying        : glibc-2.28-211.el8.i686                              21/62 
  Verifying        : glibc-devel-2.28-211.el8.i686                        22/62 
  Verifying        : glibc-devel-2.28-211.el8.x86_64                      23/62 
  Verifying        : glibc-gconv-extra-2.28-211.el8.x86_64                24/62 
  Verifying        : glibc-headers-2.28-211.el8.i686                      25/62 
  Verifying        : glibc-headers-2.28-211.el8.x86_64                    26/62 
  Verifying        : glibc-langpack-en-2.28-211.el8.x86_64                27/62 
  Verifying        : kernel-headers-4.18.0-408.el8.x86_64                 28/62 
  Verifying        : libgcc-8.5.0-15.el8.i686                             29/62 
  Verifying        : libgomp-8.5.0-15.el8.x86_64                          30/62 
  Verifying        : libpkgconf-1.4.2-1.el8.x86_64                        31/62 
  Verifying        : libstdc++-8.5.0-15.el8.i686                          32/62 
  Verifying        : libxcrypt-4.1.1-6.el8.i686                           33/62 
  Verifying        : libxcrypt-devel-4.1.1-6.el8.i686                     34/62 
  Verifying        : libxcrypt-devel-4.1.1-6.el8.x86_64                   35/62 
  Verifying        : m4-1.4.18-7.el8.x86_64                               36/62 
  Verifying        : make-1:4.2.1-11.el8.x86_64                           37/62 
  Verifying        : patch-2.7.6-11.el8.x86_64                            38/62 
  Verifying        : perl-Data-Dumper-2.167-399.el8.x86_64                39/62 
  Verifying        : pkgconf-1.4.2-1.el8.x86_64                           40/62 
  Verifying        : pkgconf-m4-1.4.2-1.el8.noarch                        41/62 
  Verifying        : pkgconf-pkg-config-1.4.2-1.el8.x86_64                42/62 
  Verifying        : platform-python-pip-9.0.3-22.el8.noarch              43/62 
  Verifying        : procps-ng-3.3.15-9.el8.x86_64                        44/62 
  Verifying        : python3-setuptools-39.2.0-6.el8.noarch               45/62 
  Verifying        : rsync-3.1.3-19.el8.x86_64                            46/62 
  Verifying        : xz-5.2.4-4.el8.x86_64                                47/62 
  Verifying        : ccache-3.7.7-1.el8.x86_64                            48/62 
  Verifying        : dash-0.5.10.2-4.el8.x86_64                           49/62 
  Verifying        : lbzip2-2.5-15.20171011gitb6dc48a.el8.x86_64          50/62 
  Verifying        : libsodium-1.0.18-2.el8.x86_64                        51/62 
  Verifying        : libunwind-1.3.1-3.el8.x86_64                         52/62 
  Verifying        : openpgm-5.2.122-21.el8.x86_64                        53/62 
  Verifying        : python3-zmq-19.0.0-1.el8.x86_64                      54/62 
  Verifying        : zeromq-4.3.4-2.el8.x86_64                            55/62 
  Verifying        : glibc-2.28-211.el8.x86_64                            56/62 
  Verifying        : glibc-2.28-208.el8.x86_64                            57/62 
  Verifying        : glibc-common-2.28-211.el8.x86_64                     58/62 
  Verifying        : glibc-common-2.28-208.el8.x86_64                     59/62 
  Verifying        : glibc-minimal-langpack-2.28-211.el8.x86_64           60/62 
  Verifying        : glibc-minimal-langpack-2.28-208.el8.x86_64           61/62 
  Verifying        : coreutils-single-8.30-13.el8.x86_64                  62/62 

Upgraded:
  glibc-2.28-211.el8.x86_64                   glibc-common-2.28-211.el8.x86_64 
  glibc-minimal-langpack-2.28-211.el8.x86_64 
Downgraded:
  xz-libs-5.2.4-4.el8.x86_64                                                    
Installed:
  autoconf-2.69-29.el8.noarch                                                   
  automake-1.16.1-7.el8.noarch                                                  
  binutils-2.30-117.el8.x86_64                                                  
  bison-3.0.4-10.el8.x86_64                                                     
  ccache-3.7.7-1.el8.x86_64                                                     
  coreutils-8.30-13.el8.x86_64                                                  
  coreutils-common-8.30-13.el8.x86_64                                           
  cpp-8.5.0-15.el8.x86_64                                                       
  dash-0.5.10.2-4.el8.x86_64                                                    
  gcc-8.5.0-15.el8.x86_64                                                       
  gcc-c++-8.5.0-15.el8.x86_64                                                   
  glibc-2.28-211.el8.i686                                                       
  glibc-devel-2.28-211.el8.i686                                                 
  glibc-devel-2.28-211.el8.x86_64                                               
  glibc-gconv-extra-2.28-211.el8.i686                                           
  glibc-gconv-extra-2.28-211.el8.x86_64                                         
  glibc-headers-2.28-211.el8.i686                                               
  glibc-headers-2.28-211.el8.x86_64                                             
  glibc-langpack-en-2.28-211.el8.x86_64                                         
  isl-0.16.1-6.el8.x86_64                                                       
  kernel-headers-4.18.0-408.el8.x86_64                                          
  lbzip2-2.5-15.20171011gitb6dc48a.el8.x86_64                                   
  libgcc-8.5.0-15.el8.i686                                                      
  libgomp-8.5.0-15.el8.x86_64                                                   
  libmpc-1.1.0-9.1.el8.x86_64                                                   
  libpkgconf-1.4.2-1.el8.x86_64                                                 
  libsodium-1.0.18-2.el8.x86_64                                                 
  libstdc++-8.5.0-15.el8.i686                                                   
  libstdc++-devel-8.5.0-15.el8.i686                                             
  libstdc++-devel-8.5.0-15.el8.x86_64                                           
  libtool-2.4.6-25.el8.x86_64                                                   
  libunwind-1.3.1-3.el8.x86_64                                                  
  libxcrypt-4.1.1-6.el8.i686                                                    
  libxcrypt-devel-4.1.1-6.el8.i686                                              
  libxcrypt-devel-4.1.1-6.el8.x86_64                                            
  m4-1.4.18-7.el8.x86_64                                                        
  make-1:4.2.1-11.el8.x86_64                                                    
  openpgm-5.2.122-21.el8.x86_64                                                 
  patch-2.7.6-11.el8.x86_64                                                     
  perl-Data-Dumper-2.167-399.el8.x86_64                                         
  perl-Thread-Queue-3.13-1.el8.noarch                                           
  pkgconf-1.4.2-1.el8.x86_64                                                    
  pkgconf-m4-1.4.2-1.el8.noarch                                                 
  pkgconf-pkg-config-1.4.2-1.el8.x86_64                                         
  platform-python-pip-9.0.3-22.el8.noarch                                       
  procps-ng-3.3.15-9.el8.x86_64                                                 
  python3-pip-9.0.3-22.el8.noarch                                               
  python3-setuptools-39.2.0-6.el8.noarch                                        
  python3-zmq-19.0.0-1.el8.x86_64                                               
  python36-3.6.8-38.module_el8.5.0+895+a459eca8.x86_64                          
  rsync-3.1.3-19.el8.x86_64                                                     
  xz-5.2.4-4.el8.x86_64                                                         
  zeromq-4.3.4-2.el8.x86_64                                                     
Removed:
  coreutils-single-8.30-13.el8.x86_64                                           

Complete!
              total        used        free      shared  buff/cache   available
Mem:          125Gi       7.9Gi        72Gi       305Mi        45Gi       116Gi
Swap:            0B          0B          0B
Number of CPUs (nproc): 32
Byte Order: Little Endian
Free disk space:
Filesystem      Size  Used Avail Use% Mounted on
overlay         488G   40G  449G   9% /
tmpfs            64M     0   64M   0% /dev
tmpfs            63G     0   63G   0% /sys/fs/cgroup
/dev/sda1       488G   40G  449G   9% /tmp
tmpfs           117G     0  117G   0% /dev/shm
tmpfs            63G     0   63G   0% /proc/acpi
tmpfs            63G     0   63G   0% /proc/scsi
tmpfs            63G     0   63G   0% /sys/firmware
  % Total    % Received % Xferd  Average Speed   Time    Time     Time  Current
                                 Dload  Upload   Total   Spent    Left  Speed
  0     0    0     0    0     0      0      0 --:--:-- --:--:-- --:--:--     0  0     0    0     0    0     0      0      0 --:--:-- --:--:-- --:--:--     0
100 9025k  100 9025k    0     0  37.6M      0 --:--:-- --:--:-- --:--:-- 37.6M
make: Entering directory '/tmp/cirrus-ci-build/depends'
copying packages: boost libevent qt expat libxcb xcb_proto libXau xproto freetype fontconfig libxkbcommon libxcb_util libxcb_util_render libxcb_util_keysyms libxcb_util_image libxcb_util_wm qrencode bdb sqlite miniupnpc libnatpmp systemtap zeromq
to: /tmp/cirrus-ci-build/depends/i686-pc-linux-gnu
make: Leaving directory '/tmp/cirrus-ci-build/depends'
Statistics zeroed
Set cache size limit to 200.0 MB

Timed out!