
C:\Users\ContainerAdministrator\AppData\Local\Temp\cirrus-ci-build>call git config --global user.email "ci@ci.ci" 

C:\Users\ContainerAdministrator\AppData\Local\Temp\cirrus-ci-build>if 0 NEQ 0 exit /b 0 

C:\Users\ContainerAdministrator\AppData\Local\Temp\cirrus-ci-build>call git config --global user.name "ci" 

C:\Users\ContainerAdministrator\AppData\Local\Temp\cirrus-ci-build>if 0 NEQ 0 exit /b 0 

C:\Users\ContainerAdministrator\AppData\Local\Temp\cirrus-ci-build>call git config core.filemode false 

C:\Users\ContainerAdministrator\AppData\Local\Temp\cirrus-ci-build>if 0 NEQ 0 exit /b 0 

C:\Users\ContainerAdministrator\AppData\Local\Temp\cirrus-ci-build>call git reset --hard 
HEAD is now at d0bea139b combine_logs: Handle multiprocess wallet log files

C:\Users\ContainerAdministrator\AppData\Local\Temp\cirrus-ci-build>if 0 NEQ 0 exit /b 0 

C:\Users\ContainerAdministrator\AppData\Local\Temp\cirrus-ci-build>call PowerShell -NoLogo -Command if ($env:CIRRUS_PR -ne $null) { git fetch $env:CIRRUS_REPO_CLONE_URL $env:CIRRUS_BASE_BRANCH; git merge FETCH_HEAD; } 
From https://github.com/bitcoin/bitcoin
 * branch                master     -> FETCH_HEAD
Auto-merging src/init.cpp
Auto-merging test/functional/feature_config_args.py
Auto-merging test/functional/wallet_groups.py
Merge made by the 'ort' strategy.
 build-aux/m4/ax_boost_base.m4                     | 14 ++--
 configure.ac                                      |  9 ++-
 contrib/guix/patches/glibc-2.24-guix-prefix.patch |  2 +-
 contrib/guix/patches/glibc-2.27-guix-prefix.patch |  2 +-
 contrib/message-capture/message-capture-parser.py |  3 +-
 contrib/seeds/nodes_test.txt                      | 99 ++++++++++++++++++++---
 src/chainparamsseeds.h                            | 96 +++++++++++++++++++---
 src/init.cpp                                      | 17 ++++
 src/net.cpp                                       | 17 +++-
 src/test/util/chainstate.h                        |  7 +-
 src/txmempool.cpp                                 | 48 +++--------
 test/functional/feature_config_args.py            |  3 +-
 test/functional/rpc_invalidateblock.py            |  5 ++
 test/functional/test_runner.py                    |  8 +-
 test/functional/wallet_basic.py                   | 63 ++++++++-------
 test/functional/wallet_groups.py                  |  5 +-
 test/functional/wallet_listsinceblock.py          |  3 +-
 17 files changed, 279 insertions(+), 122 deletions(-)

C:\Users\ContainerAdministrator\AppData\Local\Temp\cirrus-ci-build>if 0 NEQ 0 exit /b 0 
