
C:\Users\ContainerAdministrator\AppData\Local\Temp\cirrus-ci-build>call git config --global user.email "ci@ci.ci" 

C:\Users\ContainerAdministrator\AppData\Local\Temp\cirrus-ci-build>if 0 NEQ 0 exit /b 0 

C:\Users\ContainerAdministrator\AppData\Local\Temp\cirrus-ci-build>call git config --global user.name "ci" 

C:\Users\ContainerAdministrator\AppData\Local\Temp\cirrus-ci-build>if 0 NEQ 0 exit /b 0 

C:\Users\ContainerAdministrator\AppData\Local\Temp\cirrus-ci-build>call git config core.filemode false 

C:\Users\ContainerAdministrator\AppData\Local\Temp\cirrus-ci-build>if 0 NEQ 0 exit /b 0 

C:\Users\ContainerAdministrator\AppData\Local\Temp\cirrus-ci-build>call git reset --hard 
HEAD is now at 3c7d7b91e fuzz: add scanblocks as safe for fuzzing

C:\Users\ContainerAdministrator\AppData\Local\Temp\cirrus-ci-build>if 0 NEQ 0 exit /b 0 

C:\Users\ContainerAdministrator\AppData\Local\Temp\cirrus-ci-build>call PowerShell -NoLogo -Command if ($env:CIRRUS_PR -ne $null) { git fetch $env:CIRRUS_REPO_CLONE_URL $env:CIRRUS_BASE_BRANCH; git merge FETCH_HEAD; } 
From https://github.com/bitcoin/bitcoin
 * branch                master     -> FETCH_HEAD
Auto-merging src/rpc/blockchain.cpp
Auto-merging test/functional/test_runner.py
Merge made by the 'ort' strategy.
 build_msvc/README.md                               |   4 +-
 build_msvc/bitcoin_config.h.in                     |   4 +-
 build_msvc/common.init.vcxproj.in                  |   4 +-
 build_msvc/msvc-autogen.py                         |   2 +-
 ci/test/06_script_a.sh                             |   7 +-
 ci/test/06_script_b.sh                             |  14 +
 ci/test/wrap-qemu.sh                               |   2 +-
 ci/test/wrap-wine.sh                               |   2 +-
 contrib/builder-keys/keys.txt                      |   1 +
 contrib/devtools/iwyu/bitcoin.core.imp             |   1 +
 contrib/guix/manifest.scm                          |   5 +-
 contrib/guix/patches/gcc-10-remap-guix-store.patch |  25 ++
 contrib/signet/miner                               |  12 +-
 contrib/verify-commits/trusted-keys                |   2 +-
 depends/packages/expat.mk                          |   1 +
 depends/packages/native_ds_store.mk                |   2 +-
 depends/packages/native_mac_alias.mk               |   2 +-
 depends/packages/qt.mk                             |   3 +
 doc/build-netbsd.md                                | 122 +++---
 doc/build-unix.md                                  |  23 -
 doc/developer-notes.md                             |  11 +-
 doc/policy/mempool-replacements.md                 |   5 +
 doc/release-notes-24148.md                         |  23 +
 doc/release-notes.md                               |   4 +
 doc/release-notes/release-notes-471.md             |   4 +
 src/Makefile.am                                    |  11 +-
 src/Makefile.test.include                          |   8 +-
 src/Makefile.test_fuzz.include                     |   1 +
 src/bench/coin_selection.cpp                       |   3 +-
 src/bench/gcs_filter.cpp                           |  79 +++-
 src/bench/wallet_loading.cpp                       |   7 +-
 src/bitcoin-chainstate.cpp                         |   4 +-
 src/blockfilter.cpp                                |   8 +-
 src/blockfilter.h                                  |   6 +-
 src/fs.h                                           |   2 +
 src/index/blockfilterindex.cpp                     |  13 +-
 src/index/blockfilterindex.h                       |   2 +-
 src/init.cpp                                       |  23 +-
 src/interfaces/chain.h                             |   4 +
 src/interfaces/wallet.h                            |  12 +-
 src/kernel/chainstatemanager_opts.h                |   4 +
 src/kernel/mempool_options.h                       |   3 +
 src/kernel/mempool_persist.cpp                     | 189 +++++++++
 src/kernel/mempool_persist.h                       |  28 ++
 src/mempool_args.cpp                               |   2 +
 src/net.cpp                                        | 256 +-----------
 src/net.h                                          | 123 +-----
 src/net_processing.cpp                             | 463 +++++++++++++--------
 src/node/blockstorage.cpp                          |   4 +-
 src/node/blockstorage.h                            |   2 +-
 src/node/connection_types.cpp                      |  26 ++
 src/node/connection_types.h                        |  82 ++++
 src/node/eviction.cpp                              | 240 +++++++++++
 src/node/eviction.h                                |  69 +++
 src/node/interfaces.cpp                            |  17 +-
 src/node/mempool_persist_args.cpp                  |  23 +
 src/node/mempool_persist_args.h                    |  25 ++
 src/qt/addresstablemodel.cpp                       |  14 +-
 src/qt/bitcoingui.cpp                              |  33 +-
 src/qt/bitcoingui.h                                |   1 +
 src/qt/optionsdialog.cpp                           |  16 +-
 src/qt/test/wallettests.cpp                        |   2 +-
 src/qt/walletcontroller.cpp                        |  44 ++
 src/qt/walletcontroller.h                          |  20 +
 src/qt/walletframe.cpp                             |   8 +
 src/qt/walletmodel.cpp                             |   6 +-
 src/rpc/blockchain.cpp                             |  53 ++-
 src/rpc/mempool.cpp                                |  19 +-
 src/rpc/rawtransaction.cpp                         | 384 ++++++++---------
 src/script/descriptor.cpp                          | 262 ++++++++++--
 src/script/miniscript.h                            |  34 +-
 src/test/descriptor_tests.cpp                      |  32 +-
 src/test/fuzz/mempool_utils.h                      |  19 +
 src/test/fuzz/node_eviction.cpp                    |   2 +
 src/test/fuzz/process_message.cpp                  |   3 +-
 src/test/fuzz/process_messages.cpp                 |   3 +-
 src/test/fuzz/tx_pool.cpp                          |  10 +-
 src/test/fuzz/txorphan.cpp                         | 149 +++++++
 src/test/fuzz/util.cpp                             |  57 +--
 src/test/fuzz/util.h                               |   2 +-
 src/test/fuzz/validation_load_mempool.cpp          |  15 +-
 src/test/miniscript_tests.cpp                      |  15 +-
 src/test/util/net.cpp                              |  61 +++
 src/test/util/net.h                                |   8 +
 src/test/util/setup_common.cpp                     |   9 +-
 src/test/util/wallet.cpp                           |   7 +-
 src/test/validation_chainstate_tests.cpp           |   4 +-
 src/txmempool.cpp                                  |   9 +-
 src/txmempool.h                                    |  17 +-
 src/univalue/include/univalue.h                    |  17 +-
 src/univalue/lib/univalue.cpp                      |  28 +-
 src/univalue/sources.mk                            |   9 +-
 src/univalue/test/.gitignore                       |   1 -
 src/univalue/test/no_nul.cpp                       |   8 -
 src/univalue/test/object.cpp                       |  74 ++--
 src/univalue/test/unitester.cpp                    |   8 +
 src/util/asmap.cpp                                 |   5 +-
 src/util/bip32.cpp                                 |   7 +-
 src/util/bip32.h                                   |   1 +
 src/util/bytevectorhash.cpp                        |   2 +
 src/util/bytevectorhash.h                          |   3 +-
 src/util/designator.h                              |  21 -
 src/util/error.cpp                                 |   4 +-
 src/util/hasher.cpp                                |   4 +-
 src/util/hasher.h                                  |   6 +
 src/util/message.cpp                               |  18 +-
 src/util/message.h                                 |   3 +-
 src/util/moneystr.cpp                              |   1 +
 src/util/readwritefile.cpp                         |   3 +-
 src/util/result.h                                  |  49 +++
 src/util/serfloat.h                                |   2 +-
 src/util/spanparsing.cpp                           |   3 +-
 src/util/strencodings.cpp                          |   9 +-
 src/util/strencodings.h                            |   5 +-
 src/util/string.cpp                                |   2 +
 src/util/syserror.cpp                              |   1 +
 src/util/thread.cpp                                |   1 +
 src/util/time.cpp                                  |  11 +-
 src/util/time.h                                    |   3 +-
 src/util/translation.h                             |   2 +
 src/util/url.cpp                                   |   3 +-
 src/util/vector.h                                  |   1 +
 src/validation.cpp                                 | 169 +-------
 src/validation.h                                   |  14 +-
 src/wallet/feebumper.cpp                           |  13 +-
 src/wallet/interfaces.cpp                          |  52 ++-
 src/wallet/receive.cpp                             |  16 +-
 src/wallet/rpc/addresses.cpp                       |  51 +--
 src/wallet/rpc/coins.cpp                           |   6 +-
 src/wallet/rpc/spend.cpp                           |  14 +-
 src/wallet/rpc/transactions.cpp                    |  81 ++--
 src/wallet/scriptpubkeyman.cpp                     |  35 +-
 src/wallet/scriptpubkeyman.h                       |   7 +-
 src/wallet/spend.cpp                               | 138 +++---
 src/wallet/spend.h                                 |  26 +-
 src/wallet/test/coinselector_tests.cpp             |  29 +-
 src/wallet/test/fuzz/notifications.cpp             |  11 +-
 src/wallet/test/spend_tests.cpp                    |  15 +-
 src/wallet/test/util.cpp                           |   2 +-
 src/wallet/test/wallet_tests.cpp                   |  43 +-
 src/wallet/wallet.cpp                              | 117 ++++--
 src/wallet/wallet.h                                |  42 +-
 test/functional/feature_dbcrash.py                 |   8 +-
 test/functional/feature_minchainwork.py            |   2 +-
 test/functional/feature_rbf.py                     | 427 ++++++++++---------
 test/functional/mempool_accept.py                  |   6 +-
 test/functional/mempool_persist.py                 |  26 +-
 test/functional/mempool_updatefromblock.py         |  19 +-
 test/functional/p2p_invalid_tx.py                  |  68 ++-
 test/functional/p2p_segwit.py                      |   8 +-
 test/functional/rpc_getblockfrompeer.py            |   9 +-
 test/functional/rpc_packages.py                    |   4 +-
 test/functional/rpc_psbt.py                        |   4 +-
 test/functional/rpc_rawtransaction.py              |   4 +-
 test/functional/rpc_signrawtransactionwithkey.py   | 140 +++++++
 test/functional/test_framework/messages.py         |   2 +-
 test/functional/test_framework/util.py             |   5 +-
 test/functional/test_framework/wallet.py           |  24 +-
 test/functional/test_runner.py                     |   6 +-
 test/functional/wallet_basic.py                    |   2 +-
 test/functional/wallet_bumpfee.py                  |   8 +-
 test/functional/wallet_coinbase_category.py        |   1 +
 test/functional/wallet_listreceivedby.py           |   5 +
 test/functional/wallet_listsinceblock.py           |   4 +-
 test/functional/wallet_miniscript.py               |  93 +++++
 ...n.py => wallet_signrawtransactionwithwallet.py} | 100 +----
 test/lint/lint-circular-dependencies.py            |   1 +
 167 files changed, 3471 insertions(+), 2043 deletions(-)
 create mode 100644 contrib/guix/patches/gcc-10-remap-guix-store.patch
 create mode 100644 doc/release-notes-24148.md
 create mode 100644 doc/release-notes/release-notes-471.md
 create mode 100644 src/kernel/mempool_persist.cpp
 create mode 100644 src/kernel/mempool_persist.h
 create mode 100644 src/node/connection_types.cpp
 create mode 100644 src/node/connection_types.h
 create mode 100644 src/node/eviction.cpp
 create mode 100644 src/node/eviction.h
 create mode 100644 src/node/mempool_persist_args.cpp
 create mode 100644 src/node/mempool_persist_args.h
 create mode 100644 src/test/fuzz/mempool_utils.h
 create mode 100644 src/test/fuzz/txorphan.cpp
 delete mode 100644 src/univalue/test/no_nul.cpp
 delete mode 100644 src/util/designator.h
 create mode 100644 src/util/result.h
 create mode 100755 test/functional/rpc_signrawtransactionwithkey.py
 create mode 100755 test/functional/wallet_miniscript.py
 rename test/functional/{rpc_signrawtransaction.py => wallet_signrawtransactionwithwallet.py} (71%)

C:\Users\ContainerAdministrator\AppData\Local\Temp\cirrus-ci-build>if 0 NEQ 0 exit /b 0 
