./ci/test_run_all.sh
Setting specific values in env
Fallback to default values in env (if not yet set)
CCACHE_SIZE=200M
LC_ALL=C.UTF-8
CCACHE_COMPRESS=1
CONFIG_SHELL=/bin/dash
BASE_BUILD_DIR=/tmp/cirrus-ci-build/ci/scratch/build
UBSAN_OPTIONS=suppressions=/tmp/cirrus-ci-build/test/sanitizer_suppressions/ubsan:print_stacktrace=1:halt_on_error=1:report_error_type=1
ASAN_OPTIONS=detect_stack_use_after_return=1:check_initialization_order=1:strict_init_order=1
BASE_ROOT_DIR=/tmp/cirrus-ci-build
CCACHE_DIR=/tmp/ccache_dir
DEBIAN_FRONTEND=noninteractive
BASE_SCRATCH_DIR=/tmp/cirrus-ci-build/ci/scratch
TSAN_OPTIONS=suppressions=/tmp/cirrus-ci-build/test/sanitizer_suppressions/tsan:halt_on_error=1:log_path=/tmp/cirrus-ci-build/ci/scratch/sanitizer-output/tsan
LSAN_OPTIONS=suppressions=/tmp/cirrus-ci-build/test/sanitizer_suppressions/lsan
BITCOIN_CONFIG=--enable-zmq --with-gui=qt5 --enable-reduce-exports
CCACHE_NOHASHDIR=1
BOOST_TEST_RANDOM=1
CCACHE_TEMPDIR=/tmp/.ccache-temp
BASE_OUTDIR=/tmp/cirrus-ci-build/ci/scratch/out/i686-pc-linux-gnu
PREVIOUS_RELEASES_DIR=/tmp/cirrus-ci-build/releases/i686-pc-linux-gnu
Running on host system without docker wrapper
Last metadata expiration check: 0:00:13 ago on Fri Nov 25 19:08:37 2022.
Dependencies resolved.
================================================================================
 Package               Architecture    Version            Repository       Size
================================================================================
Installing:
 epel-release          noarch          8-11.el8           extras           24 k

Transaction Summary
================================================================================
Install  1 Package

Total download size: 24 k
Installed size: 35 k
Downloading Packages:
epel-release-8-11.el8.noarch.rpm                510 kB/s |  24 kB     00:00    
--------------------------------------------------------------------------------
Total                                            82 kB/s |  24 kB     00:00     
Running transaction check
Transaction check succeeded.
Running transaction test
Transaction test succeeded.
Running transaction
  Preparing        :                                                        1/1 
  Installing       : epel-release-8-11.el8.noarch                           1/1 
  Running scriptlet: epel-release-8-11.el8.noarch                           1/1 
  Verifying        : epel-release-8-11.el8.noarch                           1/1 

Installed:
  epel-release-8-11.el8.noarch                                                  

Complete!
Extra Packages for Enterprise Linux 8 - x86_64   13 MB/s |  13 MB     00:01    
Extra Packages for Enterprise Linux Modular 8 - 1.2 MB/s | 733 kB     00:00    
Last metadata expiration check: 0:00:01 ago on Fri Nov 25 19:08:57 2022.
Package git-2.31.1-2.el8.x86_64 is already installed.
Package which-2.21-18.el8.x86_64 is already installed.
Dependencies resolved.
=======================================================================================
 Package                  Arch    Version                              Repo        Size
=======================================================================================
Installing:
 bison                    x86_64  3.0.4-10.el8                         appstream  688 k
 ccache                   x86_64  3.7.7-1.el8                          epel       232 k
 coreutils                x86_64  8.30-14.el8                          baseos     1.2 M
 dash                     x86_64  0.5.10.2-4.el8                       epel        99 k
 gcc-c++                  x86_64  8.5.0-17.el8                         appstream   12 M
 glibc-devel              i686    2.28-220.el8                         baseos      82 k
 glibc-devel              x86_64  2.28-220.el8                         baseos      83 k
 lbzip2                   x86_64  2.5-15.20171011gitb6dc48a.el8        epel        98 k
 libstdc++-devel          i686    8.5.0-17.el8                         appstream  2.1 M
 libstdc++-devel          x86_64  8.5.0-17.el8                         appstream  2.1 M
 libtool                  x86_64  2.4.6-25.el8                         appstream  709 k
 make                     x86_64  1:4.2.1-11.el8                       baseos     498 k
 patch                    x86_64  2.7.6-11.el8                         baseos     138 k
 procps-ng                x86_64  3.3.15-9.el8                         baseos     329 k
 python3-pip              noarch  9.0.3-22.el8                         appstream   20 k
 python36                 x86_64  3.6.8-38.module_el8.5.0+895+a459eca8 appstream   19 k
 rsync                    x86_64  3.1.3-19.el8                         baseos     410 k
 xz                       x86_64  5.2.4-4.el8                          baseos     153 k
Upgrading:
 glibc                    x86_64  2.28-220.el8                         baseos     2.2 M
 glibc-common             x86_64  2.28-220.el8                         baseos     1.0 M
 glibc-minimal-langpack   x86_64  2.28-220.el8                         baseos      64 k
 libgcc                   x86_64  8.5.0-17.el8                         baseos      81 k
 libstdc++                x86_64  8.5.0-17.el8                         baseos     454 k
Installing dependencies:
 autoconf                 noarch  2.69-29.el8                          appstream  710 k
 automake                 noarch  1.16.1-7.el8                         appstream  713 k
 binutils                 x86_64  2.30-119.el8                         baseos     5.8 M
 coreutils-common         x86_64  8.30-14.el8                          baseos     2.0 M
 cpp                      x86_64  8.5.0-17.el8                         baseos      10 M
 gcc                      x86_64  8.5.0-17.el8                         baseos      23 M
 glibc                    i686    2.28-220.el8                         baseos     2.0 M
 glibc-headers            i686    2.28-220.el8                         baseos     488 k
 glibc-headers            x86_64  2.28-220.el8                         baseos     488 k
 isl                      x86_64  0.16.1-6.el8                         appstream  841 k
 kernel-headers           x86_64  4.18.0-408.el8                       baseos     9.8 M
 libgcc                   i686    8.5.0-17.el8                         baseos      88 k
 libgomp                  x86_64  8.5.0-17.el8                         baseos     207 k
 libmpc                   x86_64  1.1.0-9.1.el8                        appstream   61 k
 libpkgconf               x86_64  1.4.2-1.el8                          baseos      35 k
 libstdc++                i686    8.5.0-17.el8                         baseos     491 k
 libxcrypt                i686    4.1.1-6.el8                          baseos      74 k
 libxcrypt-devel          i686    4.1.1-6.el8                          baseos      25 k
 libxcrypt-devel          x86_64  4.1.1-6.el8                          baseos      25 k
 m4                       x86_64  1.4.18-7.el8                         baseos     223 k
 perl-Data-Dumper         x86_64  2.167-399.el8                        baseos      58 k
 perl-Thread-Queue        noarch  3.13-1.el8                           appstream   24 k
 pkgconf                  x86_64  1.4.2-1.el8                          baseos      38 k
 pkgconf-m4               noarch  1.4.2-1.el8                          baseos      17 k
 pkgconf-pkg-config       x86_64  1.4.2-1.el8                          baseos      15 k
 platform-python-pip      noarch  9.0.3-22.el8                         baseos     1.6 M
 python3-setuptools       noarch  39.2.0-6.el8                         baseos     163 k
Installing weak dependencies:
 glibc-gconv-extra        i686    2.28-220.el8                         baseos     1.6 M
 glibc-gconv-extra        x86_64  2.28-220.el8                         baseos     1.5 M
 glibc-langpack-en        x86_64  2.28-220.el8                         baseos     826 k
Removing dependent packages:
 coreutils-single         x86_64  8.30-13.el8                          @baseos    1.3 M
Downgrading:
 xz-libs                  x86_64  5.2.4-4.el8                          baseos      94 k
Enabling module streams:
 python36                         3.6                                                  

Transaction Summary
=======================================================================================
Install    48 Packages
Upgrade     5 Packages
Remove      1 Package
Downgrade   1 Package

Total download size: 89 M
Downloading Packages:
(1/54): automake-1.16.1-7.el8.noarch.rpm        3.6 MB/s | 713 kB     00:00    
(2/54): autoconf-2.69-29.el8.noarch.rpm         3.5 MB/s | 710 kB     00:00    
(3/54): xz-libs-5.2.4-4.el8.x86_64.rpm          389 kB/s |  94 kB     00:00    
(4/54): bison-3.0.4-10.el8.x86_64.rpm            13 MB/s | 688 kB     00:00    
(5/54): libmpc-1.1.0-9.1.el8.x86_64.rpm         2.2 MB/s |  61 kB     00:00    
(6/54): libstdc++-devel-8.5.0-17.el8.i686.rpm    27 MB/s | 2.1 MB     00:00    
(7/54): isl-0.16.1-6.el8.x86_64.rpm             4.6 MB/s | 841 kB     00:00    
(8/54): libstdc++-devel-8.5.0-17.el8.x86_64.rpm  23 MB/s | 2.1 MB     00:00    
(9/54): libtool-2.4.6-25.el8.x86_64.rpm          16 MB/s | 709 kB     00:00    
(10/54): perl-Thread-Queue-3.13-1.el8.noarch.rp 928 kB/s |  24 kB     00:00    
(11/54): gcc-c++-8.5.0-17.el8.x86_64.rpm         40 MB/s |  12 MB     00:00    
(12/54): python3-pip-9.0.3-22.el8.noarch.rpm    427 kB/s |  20 kB     00:00    
(13/54): python36-3.6.8-38.module_el8.5.0+895+a 444 kB/s |  19 kB     00:00    
(14/54): binutils-2.30-119.el8.x86_64.rpm        17 MB/s | 5.8 MB     00:00    
(15/54): coreutils-8.30-14.el8.x86_64.rpm       3.0 MB/s | 1.2 MB     00:00    
(16/54): coreutils-common-8.30-14.el8.x86_64.rp 4.5 MB/s | 2.0 MB     00:00    
(17/54): glibc-2.28-220.el8.i686.rpm             16 MB/s | 2.0 MB     00:00    
(18/54): cpp-8.5.0-17.el8.x86_64.rpm             34 MB/s |  10 MB     00:00    
(19/54): glibc-devel-2.28-220.el8.i686.rpm      1.0 MB/s |  82 kB     00:00    
(20/54): glibc-devel-2.28-220.el8.x86_64.rpm    1.6 MB/s |  83 kB     00:00    
(21/54): glibc-gconv-extra-2.28-220.el8.i686.rp  14 MB/s | 1.6 MB     00:00    
(22/54): glibc-gconv-extra-2.28-220.el8.x86_64.  15 MB/s | 1.5 MB     00:00    
(23/54): glibc-headers-2.28-220.el8.i686.rpm    8.0 MB/s | 488 kB     00:00    
(24/54): glibc-headers-2.28-220.el8.x86_64.rpm  8.3 MB/s | 488 kB     00:00    
(25/54): glibc-langpack-en-2.28-220.el8.x86_64.  11 MB/s | 826 kB     00:00    
(26/54): libgcc-8.5.0-17.el8.i686.rpm           1.7 MB/s |  88 kB     00:00    
(27/54): gcc-8.5.0-17.el8.x86_64.rpm             37 MB/s |  23 MB     00:00    
(28/54): libgomp-8.5.0-17.el8.x86_64.rpm        2.1 MB/s | 207 kB     00:00    
(29/54): libpkgconf-1.4.2-1.el8.x86_64.rpm      712 kB/s |  35 kB     00:00    
(30/54): libstdc++-8.5.0-17.el8.i686.rpm        7.1 MB/s | 491 kB     00:00    
(31/54): libxcrypt-4.1.1-6.el8.i686.rpm         1.4 MB/s |  74 kB     00:00    
(32/54): kernel-headers-4.18.0-408.el8.x86_64.r  30 MB/s | 9.8 MB     00:00    
(33/54): libxcrypt-devel-4.1.1-6.el8.i686.rpm   336 kB/s |  25 kB     00:00    
(34/54): libxcrypt-devel-4.1.1-6.el8.x86_64.rpm 504 kB/s |  25 kB     00:00    
(35/54): m4-1.4.18-7.el8.x86_64.rpm             4.1 MB/s | 223 kB     00:00    
(36/54): patch-2.7.6-11.el8.x86_64.rpm          2.6 MB/s | 138 kB     00:00    
(37/54): make-4.2.1-11.el8.x86_64.rpm           8.0 MB/s | 498 kB     00:00    
(38/54): perl-Data-Dumper-2.167-399.el8.x86_64. 1.1 MB/s |  58 kB     00:00    
(39/54): pkgconf-1.4.2-1.el8.x86_64.rpm         779 kB/s |  38 kB     00:00    
(40/54): pkgconf-m4-1.4.2-1.el8.noarch.rpm      372 kB/s |  17 kB     00:00    
(41/54): pkgconf-pkg-config-1.4.2-1.el8.x86_64. 319 kB/s |  15 kB     00:00    
(42/54): procps-ng-3.3.15-9.el8.x86_64.rpm      5.6 MB/s | 329 kB     00:00    
(43/54): python3-setuptools-39.2.0-6.el8.noarch 3.0 MB/s | 163 kB     00:00    
(44/54): platform-python-pip-9.0.3-22.el8.noarc  15 MB/s | 1.6 MB     00:00    
(45/54): rsync-3.1.3-19.el8.x86_64.rpm          7.3 MB/s | 410 kB     00:00    
(46/54): xz-5.2.4-4.el8.x86_64.rpm              3.0 MB/s | 153 kB     00:00    
(47/54): lbzip2-2.5-15.20171011gitb6dc48a.el8.x 520 kB/s |  98 kB     00:00    
(48/54): ccache-3.7.7-1.el8.x86_64.rpm          841 kB/s | 232 kB     00:00    
(49/54): dash-0.5.10.2-4.el8.x86_64.rpm         361 kB/s |  99 kB     00:00    
(50/54): glibc-minimal-langpack-2.28-220.el8.x8 1.1 MB/s |  64 kB     00:00    
(51/54): glibc-2.28-220.el8.x86_64.rpm           17 MB/s | 2.2 MB     00:00    
(52/54): glibc-common-2.28-220.el8.x86_64.rpm    11 MB/s | 1.0 MB     00:00    
(53/54): libgcc-8.5.0-17.el8.x86_64.rpm         1.5 MB/s |  81 kB     00:00    
(54/54): libstdc++-8.5.0-17.el8.x86_64.rpm      7.5 MB/s | 454 kB     00:00    
--------------------------------------------------------------------------------
Total                                            29 MB/s |  89 MB     00:03     
Extra Packages for Enterprise Linux 8 - x86_64  1.6 MB/s | 1.6 kB     00:00    
Importing GPG key 0x2F86D6A1:
 Userid     : "Fedora EPEL (8) <epel@fedoraproject.org>"
 Fingerprint: 94E2 79EB 8D8F 25B2 1810 ADF1 21EA 45AB 2F86 D6A1
 From       : /etc/pki/rpm-gpg/RPM-GPG-KEY-EPEL-8
Key imported successfully
Running transaction check
Transaction check succeeded.
Running transaction test
Transaction test succeeded.
Running transaction
  Preparing        :                                                        1/1 
  Upgrading        : libgcc-8.5.0-17.el8.x86_64                            1/61 
  Running scriptlet: libgcc-8.5.0-17.el8.x86_64                            1/61 
  Installing       : kernel-headers-4.18.0-408.el8.x86_64                  2/61 
  Installing       : glibc-langpack-en-2.28-220.el8.x86_64                 3/61 
  Upgrading        : glibc-common-2.28-220.el8.x86_64                      4/61 
  Running scriptlet: glibc-2.28-220.el8.x86_64                             5/61 
  Upgrading        : glibc-2.28-220.el8.x86_64                             5/61 
  Running scriptlet: glibc-2.28-220.el8.x86_64                             5/61 
  Installing       : glibc-gconv-extra-2.28-220.el8.x86_64                 6/61 
  Running scriptlet: glibc-gconv-extra-2.28-220.el8.x86_64                 6/61 
  Installing       : libmpc-1.1.0-9.1.el8.x86_64                           7/61 
  Running scriptlet: glibc-headers-2.28-220.el8.i686                       8/61 
  Installing       : glibc-headers-2.28-220.el8.i686                       8/61 
  Upgrading        : libstdc++-8.5.0-17.el8.x86_64                         9/61 
  Running scriptlet: libstdc++-8.5.0-17.el8.x86_64                         9/61 
  Installing       : m4-1.4.18-7.el8.x86_64                               10/61 
  Running scriptlet: m4-1.4.18-7.el8.x86_64                               10/61 
  Installing       : cpp-8.5.0-17.el8.x86_64                              11/61 
  Running scriptlet: cpp-8.5.0-17.el8.x86_64                              11/61 
  Downgrading      : xz-libs-5.2.4-4.el8.x86_64                           12/61 
  Installing       : isl-0.16.1-6.el8.x86_64                              13/61 
  Running scriptlet: isl-0.16.1-6.el8.x86_64                              13/61 
  Running scriptlet: glibc-headers-2.28-220.el8.x86_64                    14/61 
  Installing       : glibc-headers-2.28-220.el8.x86_64                    14/61 
  Installing       : libgomp-8.5.0-17.el8.x86_64                          15/61 
  Running scriptlet: libgomp-8.5.0-17.el8.x86_64                          15/61 
  Installing       : libpkgconf-1.4.2-1.el8.x86_64                        16/61 
  Installing       : pkgconf-1.4.2-1.el8.x86_64                           17/61 
  Installing       : perl-Data-Dumper-2.167-399.el8.x86_64                18/61 
  Installing       : autoconf-2.69-29.el8.noarch                          19/61 
  Running scriptlet: autoconf-2.69-29.el8.noarch                          19/61 
  Installing       : python3-setuptools-39.2.0-6.el8.noarch               20/61 
  Installing       : platform-python-pip-9.0.3-22.el8.noarch              21/61 
  Installing       : python36-3.6.8-38.module_el8.5.0+895+a459eca8.x86_   22/61 
  Running scriptlet: python36-3.6.8-38.module_el8.5.0+895+a459eca8.x86_   22/61 
  Installing       : python3-pip-9.0.3-22.el8.noarch                      23/61 
  Installing       : pkgconf-m4-1.4.2-1.el8.noarch                        24/61 
  Installing       : pkgconf-pkg-config-1.4.2-1.el8.x86_64                25/61 
  Installing       : libxcrypt-devel-4.1.1-6.el8.x86_64                   26/61 
  Installing       : glibc-devel-2.28-220.el8.x86_64                      27/61 
  Running scriptlet: glibc-devel-2.28-220.el8.x86_64                      27/61 
  Installing       : coreutils-common-8.30-14.el8.x86_64                  28/61 
  Running scriptlet: coreutils-common-8.30-14.el8.x86_64                  28/61 
  Installing       : coreutils-8.30-14.el8.x86_64                         29/61 
  Installing       : binutils-2.30-119.el8.x86_64                         30/61 
  Running scriptlet: binutils-2.30-119.el8.x86_64                         30/61 
  Installing       : perl-Thread-Queue-3.13-1.el8.noarch                  31/61 
  Installing       : glibc-gconv-extra-2.28-220.el8.i686                  32/61 
  Running scriptlet: glibc-gconv-extra-2.28-220.el8.i686                  32/61 
  Running scriptlet: glibc-2.28-220.el8.i686                              33/61 
  Installing       : glibc-2.28-220.el8.i686                              33/61 
  Running scriptlet: glibc-2.28-220.el8.i686                              33/61 
  Installing       : libgcc-8.5.0-17.el8.i686                             34/61 
  Running scriptlet: libgcc-8.5.0-17.el8.i686                             34/61 
  Installing       : automake-1.16.1-7.el8.noarch                         35/61 
  Running scriptlet: ccache-3.7.7-1.el8.x86_64                            36/61 
  Installing       : ccache-3.7.7-1.el8.x86_64                            36/61 
  Installing       : xz-5.2.4-4.el8.x86_64                                37/61 
  Installing       : bison-3.0.4-10.el8.x86_64                            38/61 
  Running scriptlet: bison-3.0.4-10.el8.x86_64                            38/61 
  Installing       : libstdc++-devel-8.5.0-17.el8.x86_64                  39/61 
  Installing       : make-1:4.2.1-11.el8.x86_64                           40/61 
  Running scriptlet: make-1:4.2.1-11.el8.x86_64                           40/61 
  Installing       : patch-2.7.6-11.el8.x86_64                            41/61 
  Installing       : procps-ng-3.3.15-9.el8.x86_64                        42/61 
  Installing       : rsync-3.1.3-19.el8.x86_64                            43/61 
  Installing       : dash-0.5.10.2-4.el8.x86_64                           44/61 
  Running scriptlet: dash-0.5.10.2-4.el8.x86_64                           44/61 
  Installing       : lbzip2-2.5-15.20171011gitb6dc48a.el8.x86_64          45/61 
  Upgrading        : glibc-minimal-langpack-2.28-220.el8.x86_64           46/61 
  Installing       : libstdc++-8.5.0-17.el8.i686                          47/61 
  Running scriptlet: libstdc++-8.5.0-17.el8.i686                          47/61 
  Installing       : libstdc++-devel-8.5.0-17.el8.i686                    48/61 
  Installing       : libxcrypt-4.1.1-6.el8.i686                           49/61 
  Installing       : glibc-devel-2.28-220.el8.i686                        50/61 
  Running scriptlet: glibc-devel-2.28-220.el8.i686                        50/61 
  Installing       : libxcrypt-devel-4.1.1-6.el8.i686                     51/61 
  Installing       : gcc-8.5.0-17.el8.x86_64                              52/61 
  Running scriptlet: gcc-8.5.0-17.el8.x86_64                              52/61 
  Installing       : gcc-c++-8.5.0-17.el8.x86_64                          53/61 
  Running scriptlet: gcc-c++-8.5.0-17.el8.x86_64                          53/61 
  Installing       : libtool-2.4.6-25.el8.x86_64                          54/61 
  Running scriptlet: libtool-2.4.6-25.el8.x86_64                          54/61 
  Cleanup          : libstdc++-8.5.0-15.el8.x86_64                        55/61 
  Running scriptlet: libstdc++-8.5.0-15.el8.x86_64                        55/61 
  Erasing          : coreutils-single-8.30-13.el8.x86_64                  56/61 
  Cleanup          : xz-libs-5.2.4-4.el8_6.x86_64                         57/61 
  Cleanup          : glibc-2.28-211.el8.x86_64                            58/61 
  Cleanup          : glibc-minimal-langpack-2.28-211.el8.x86_64           59/61 
  Cleanup          : glibc-common-2.28-211.el8.x86_64                     60/61 
  Cleanup          : libgcc-8.5.0-15.el8.x86_64                           61/61 
  Running scriptlet: libgcc-8.5.0-15.el8.x86_64                           61/61 
  Running scriptlet: glibc-common-2.28-220.el8.x86_64                     61/61 
  Verifying        : xz-libs-5.2.4-4.el8.x86_64                            1/61 
  Verifying        : xz-libs-5.2.4-4.el8_6.x86_64                          2/61 
  Verifying        : autoconf-2.69-29.el8.noarch                           3/61 
  Verifying        : automake-1.16.1-7.el8.noarch                          4/61 
  Verifying        : bison-3.0.4-10.el8.x86_64                             5/61 
  Verifying        : gcc-c++-8.5.0-17.el8.x86_64                           6/61 
  Verifying        : isl-0.16.1-6.el8.x86_64                               7/61 
  Verifying        : libmpc-1.1.0-9.1.el8.x86_64                           8/61 
  Verifying        : libstdc++-devel-8.5.0-17.el8.i686                     9/61 
  Verifying        : libstdc++-devel-8.5.0-17.el8.x86_64                  10/61 
  Verifying        : libtool-2.4.6-25.el8.x86_64                          11/61 
  Verifying        : perl-Thread-Queue-3.13-1.el8.noarch                  12/61 
  Verifying        : python3-pip-9.0.3-22.el8.noarch                      13/61 
  Verifying        : python36-3.6.8-38.module_el8.5.0+895+a459eca8.x86_   14/61 
  Verifying        : binutils-2.30-119.el8.x86_64                         15/61 
  Verifying        : coreutils-8.30-14.el8.x86_64                         16/61 
  Verifying        : coreutils-common-8.30-14.el8.x86_64                  17/61 
  Verifying        : cpp-8.5.0-17.el8.x86_64                              18/61 
  Verifying        : gcc-8.5.0-17.el8.x86_64                              19/61 
  Verifying        : glibc-2.28-220.el8.i686                              20/61 
  Verifying        : glibc-devel-2.28-220.el8.i686                        21/61 
  Verifying        : glibc-devel-2.28-220.el8.x86_64                      22/61 
  Verifying        : glibc-gconv-extra-2.28-220.el8.i686                  23/61 
  Verifying        : glibc-gconv-extra-2.28-220.el8.x86_64                24/61 
  Verifying        : glibc-headers-2.28-220.el8.i686                      25/61 
  Verifying        : glibc-headers-2.28-220.el8.x86_64                    26/61 
  Verifying        : glibc-langpack-en-2.28-220.el8.x86_64                27/61 
  Verifying        : kernel-headers-4.18.0-408.el8.x86_64                 28/61 
  Verifying        : libgcc-8.5.0-17.el8.i686                             29/61 
  Verifying        : libgomp-8.5.0-17.el8.x86_64                          30/61 
  Verifying        : libpkgconf-1.4.2-1.el8.x86_64                        31/61 
  Verifying        : libstdc++-8.5.0-17.el8.i686                          32/61 
  Verifying        : libxcrypt-4.1.1-6.el8.i686                           33/61 
  Verifying        : libxcrypt-devel-4.1.1-6.el8.i686                     34/61 
  Verifying        : libxcrypt-devel-4.1.1-6.el8.x86_64                   35/61 
  Verifying        : m4-1.4.18-7.el8.x86_64                               36/61 
  Verifying        : make-1:4.2.1-11.el8.x86_64                           37/61 
  Verifying        : patch-2.7.6-11.el8.x86_64                            38/61 
  Verifying        : perl-Data-Dumper-2.167-399.el8.x86_64                39/61 
  Verifying        : pkgconf-1.4.2-1.el8.x86_64                           40/61 
  Verifying        : pkgconf-m4-1.4.2-1.el8.noarch                        41/61 
  Verifying        : pkgconf-pkg-config-1.4.2-1.el8.x86_64                42/61 
  Verifying        : platform-python-pip-9.0.3-22.el8.noarch              43/61 
  Verifying        : procps-ng-3.3.15-9.el8.x86_64                        44/61 
  Verifying        : python3-setuptools-39.2.0-6.el8.noarch               45/61 
  Verifying        : rsync-3.1.3-19.el8.x86_64                            46/61 
  Verifying        : xz-5.2.4-4.el8.x86_64                                47/61 
  Verifying        : ccache-3.7.7-1.el8.x86_64                            48/61 
  Verifying        : dash-0.5.10.2-4.el8.x86_64                           49/61 
  Verifying        : lbzip2-2.5-15.20171011gitb6dc48a.el8.x86_64          50/61 
  Verifying        : glibc-2.28-220.el8.x86_64                            51/61 
  Verifying        : glibc-2.28-211.el8.x86_64                            52/61 
  Verifying        : glibc-common-2.28-220.el8.x86_64                     53/61 
  Verifying        : glibc-common-2.28-211.el8.x86_64                     54/61 
  Verifying        : glibc-minimal-langpack-2.28-220.el8.x86_64           55/61 
  Verifying        : glibc-minimal-langpack-2.28-211.el8.x86_64           56/61 
  Verifying        : libgcc-8.5.0-17.el8.x86_64                           57/61 
  Verifying        : libgcc-8.5.0-15.el8.x86_64                           58/61 
  Verifying        : libstdc++-8.5.0-17.el8.x86_64                        59/61 
  Verifying        : libstdc++-8.5.0-15.el8.x86_64                        60/61 
  Verifying        : coreutils-single-8.30-13.el8.x86_64                  61/61 

Upgraded:
  glibc-2.28-220.el8.x86_64                   glibc-common-2.28-220.el8.x86_64 
  glibc-minimal-langpack-2.28-220.el8.x86_64  libgcc-8.5.0-17.el8.x86_64       
  libstdc++-8.5.0-17.el8.x86_64              
Downgraded:
  xz-libs-5.2.4-4.el8.x86_64                                                    
Installed:
  autoconf-2.69-29.el8.noarch                                                   
  automake-1.16.1-7.el8.noarch                                                  
  binutils-2.30-119.el8.x86_64                                                  
  bison-3.0.4-10.el8.x86_64                                                     
  ccache-3.7.7-1.el8.x86_64                                                     
  coreutils-8.30-14.el8.x86_64                                                  
  coreutils-common-8.30-14.el8.x86_64                                           
  cpp-8.5.0-17.el8.x86_64                                                       
  dash-0.5.10.2-4.el8.x86_64                                                    
  gcc-8.5.0-17.el8.x86_64                                                       
  gcc-c++-8.5.0-17.el8.x86_64                                                   
  glibc-2.28-220.el8.i686                                                       
  glibc-devel-2.28-220.el8.i686                                                 
  glibc-devel-2.28-220.el8.x86_64                                               
  glibc-gconv-extra-2.28-220.el8.i686                                           
  glibc-gconv-extra-2.28-220.el8.x86_64                                         
  glibc-headers-2.28-220.el8.i686                                               
  glibc-headers-2.28-220.el8.x86_64                                             
  glibc-langpack-en-2.28-220.el8.x86_64                                         
  isl-0.16.1-6.el8.x86_64                                                       
  kernel-headers-4.18.0-408.el8.x86_64                                          
  lbzip2-2.5-15.20171011gitb6dc48a.el8.x86_64                                   
  libgcc-8.5.0-17.el8.i686                                                      
  libgomp-8.5.0-17.el8.x86_64                                                   
  libmpc-1.1.0-9.1.el8.x86_64                                                   
  libpkgconf-1.4.2-1.el8.x86_64                                                 
  libstdc++-8.5.0-17.el8.i686                                                   
  libstdc++-devel-8.5.0-17.el8.i686                                             
  libstdc++-devel-8.5.0-17.el8.x86_64                                           
  libtool-2.4.6-25.el8.x86_64                                                   
  libxcrypt-4.1.1-6.el8.i686                                                    
  libxcrypt-devel-4.1.1-6.el8.i686                                              
  libxcrypt-devel-4.1.1-6.el8.x86_64                                            
  m4-1.4.18-7.el8.x86_64                                                        
  make-1:4.2.1-11.el8.x86_64                                                    
  patch-2.7.6-11.el8.x86_64                                                     
  perl-Data-Dumper-2.167-399.el8.x86_64                                         
  perl-Thread-Queue-3.13-1.el8.noarch                                           
  pkgconf-1.4.2-1.el8.x86_64                                                    
  pkgconf-m4-1.4.2-1.el8.noarch                                                 
  pkgconf-pkg-config-1.4.2-1.el8.x86_64                                         
  platform-python-pip-9.0.3-22.el8.noarch                                       
  procps-ng-3.3.15-9.el8.x86_64                                                 
  python3-pip-9.0.3-22.el8.noarch                                               
  python3-setuptools-39.2.0-6.el8.noarch                                        
  python36-3.6.8-38.module_el8.5.0+895+a459eca8.x86_64                          
  rsync-3.1.3-19.el8.x86_64                                                     
  xz-5.2.4-4.el8.x86_64                                                         
Removed:
  coreutils-single-8.30-13.el8.x86_64                                           

Complete!
WARNING: Running pip install with root privileges is generally not a good idea. Try `pip3 install --user` instead.
Collecting pyzmq
  Downloading https://files.pythonhosted.org/packages/6c/33/d68be963793bced811ed51903eacb719ed40387d31bf2dd7abf409390107/pyzmq-24.0.1-cp36-cp36m-manylinux_2_5_x86_64.manylinux1_x86_64.whl (1.1MB)
Installing collected packages: pyzmq
Successfully installed pyzmq-24.0.1
              total        used        free      shared  buff/cache   available
Mem:          125Gi       9.4Gi        46Gi       2.0Mi        70Gi       115Gi
Swap:            0B          0B          0B
Number of CPUs (nproc): 32
Byte Order: Little Endian
Free disk space:
Filesystem      Size  Used Avail Use% Mounted on
overlay         488G   75G  414G  16% /
tmpfs            64M     0   64M   0% /dev
tmpfs            63G     0   63G   0% /sys/fs/cgroup
/dev/sda1       488G   75G  414G  16% /tmp
tmpfs           117G     0  117G   0% /dev/shm
tmpfs            63G     0   63G   0% /proc/acpi
tmpfs            63G     0   63G   0% /proc/scsi
tmpfs            63G     0   63G   0% /sys/firmware
  % Total    % Received % Xferd  Average Speed   Time    Time     Time  Current
                                 Dload  Upload   Total   Spent    Left  Speed
  0     0    0     0    0     0      0      0 --:--:-- --:--:-- --:--:--     0  0     0    0     0    0     0      0      0 --:--:-- --:--:-- --:--:--     0
100 9026k  100 9026k    0     0  37.5M      0 --:--:-- --:--:-- --:--:-- 37.5M
make: Entering directory '/tmp/cirrus-ci-build/depends'
Fetching boost_1_80_0.tar.bz2 from https://boostorg.jfrog.io/artifactory/main/release/1.80.0/source/
  % Total    % Received % Xferd  Average Speed   Time    Time     Time  Current
                                 Dload  Upload   Total   Spent    Left  Speed
  0     0    0     0    0     0      0      0 --:--:-- --:--:-- --:--:--     0  0     0    0     0    0     0      0      0 --:--:-- --:--:-- --:--:--     0
  0     0    0     0    0     0      0      0 --:--:-- --:--:-- --:--:--     0 18  110M   18 20.4M    0     0  12.6M      0  0:00:08  0:00:01  0:00:07 19.9M 55  110M   55 61.0M    0     0  23.7M      0  0:00:04  0:00:02  0:00:02 30.8M 94  110M   94  104M    0     0  29.3M      0  0:00:03  0:00:03 --:--:-- 35.1M100  110M  100  110M    0     0  29.7M      0  0:00:03  0:00:03 --:--:-- 35.3M
/tmp/cirrus-ci-build/depends/work/download/boost-1.80.0/boost_1_80_0.tar.bz2.temp: OK
Extracting boost...
/tmp/cirrus-ci-build/depends/sources/boost_1_80_0.tar.bz2: OK
Preprocessing boost...
Configuring boost...
Building boost...
Staging boost...
Postprocessing boost...
Caching boost...
Fetching libevent-2.1.12-stable.tar.gz from https://github.com/libevent/libevent/releases/download/release-2.1.12-stable/
  % Total    % Received % Xferd  Average Speed   Time    Time     Time  Current
                                 Dload  Upload   Total   Spent    Left  Speed
  0     0    0     0    0     0      0      0 --:--:-- --:--:-- --:--:--     0  0     0    0     0    0     0      0      0 --:--:-- --:--:-- --:--:--     0
  0     0    0     0    0     0      0      0 --:--:-- --:--:-- --:--:--     0100 1075k  100 1075k    0     0  2180k      0 --:--:-- --:--:-- --:--:-- 2844k
/tmp/cirrus-ci-build/depends/work/download/libevent-2.1.12-stable/libevent-2.1.12-stable.tar.gz.temp: OK
Extracting libevent...
/tmp/cirrus-ci-build/depends/sources/libevent-2.1.12-stable.tar.gz: OK
Preprocessing libevent...
Configuring libevent...
Building libevent...
Staging libevent...
Postprocessing libevent...
Caching libevent...
Fetching freetype-2.11.0.tar.xz from https://download.savannah.gnu.org/releases/freetype
  % Total    % Received % Xferd  Average Speed   Time    Time     Time  Current
                                 Dload  Upload   Total   Spent    Left  Speed
  0     0    0     0    0     0      0      0 --:--:-- --:--:-- --:--:--     0  0     0    0     0    0     0      0      0 --:--:-- --:--:-- --:--:--     0  0     0    0     0    0     0      0      0 --:--:-- --:--:-- --:--:--     0
100 2203k  100 2203k    0     0  2114k      0  0:00:01  0:00:01 --:--:-- 2114k
/tmp/cirrus-ci-build/depends/work/download/freetype-2.11.0/freetype-2.11.0.tar.xz.temp: OK
Extracting freetype...
/tmp/cirrus-ci-build/depends/sources/freetype-2.11.0.tar.xz: OK
Preprocessing freetype...
Configuring freetype...
Building freetype...
Staging freetype...
Postprocessing freetype...
Caching freetype...
Fetching expat-2.4.8.tar.xz from https://github.com/libexpat/libexpat/releases/download/R_2_4_8/
  % Total    % Received % Xferd  Average Speed   Time    Time     Time  Current
                                 Dload  Upload   Total   Spent    Left  Speed
  0     0    0     0    0     0      0      0 --:--:-- --:--:-- --:--:--     0  0     0    0     0    0     0      0      0 --:--:-- --:--:-- --:--:--     0
100  443k  100  443k    0     0  1352k      0 --:--:-- --:--:-- --:--:-- 1352k
/tmp/cirrus-ci-build/depends/work/download/expat-2.4.8/expat-2.4.8.tar.xz.temp: OK
Extracting expat...
/tmp/cirrus-ci-build/depends/sources/expat-2.4.8.tar.xz: OK
Preprocessing expat...
Configuring expat...
Building expat...

Timed out!