
C:\Users\ContainerAdministrator\AppData\Local\Temp\cirrus-ci-build>call git config --global user.email "ci@ci.ci" 

C:\Users\ContainerAdministrator\AppData\Local\Temp\cirrus-ci-build>if 0 NEQ 0 exit /b 0 

C:\Users\ContainerAdministrator\AppData\Local\Temp\cirrus-ci-build>call git config --global user.name "ci" 

C:\Users\ContainerAdministrator\AppData\Local\Temp\cirrus-ci-build>if 0 NEQ 0 exit /b 0 

C:\Users\ContainerAdministrator\AppData\Local\Temp\cirrus-ci-build>call git config core.filemode false 

C:\Users\ContainerAdministrator\AppData\Local\Temp\cirrus-ci-build>if 0 NEQ 0 exit /b 0 

C:\Users\ContainerAdministrator\AppData\Local\Temp\cirrus-ci-build>call git reset --hard 
HEAD is now at fee0dea1b test: Test that an unconfirmed not-in-mempool chain is rebroadcast

C:\Users\ContainerAdministrator\AppData\Local\Temp\cirrus-ci-build>if 0 NEQ 0 exit /b 0 

C:\Users\ContainerAdministrator\AppData\Local\Temp\cirrus-ci-build>call PowerShell -NoLogo -Command if ($env:CIRRUS_PR -ne $null) { git fetch $env:CIRRUS_REPO_CLONE_URL $env:CIRRUS_BASE_BRANCH; git merge FETCH_HEAD; } 
From https://github.com/bitcoin/bitcoin
 * branch                master     -> FETCH_HEAD
Auto-merging src/wallet/wallet.cpp
Auto-merging src/wallet/wallet.h
Merge made by the 'ort' strategy.
 .tx/config                                         |    2 +-
 Makefile.am                                        |    2 +
 SECURITY.md                                        |    1 -
 build_msvc/common.init.vcxproj.in                  |    2 +-
 ci/test/00_setup_env_native_qt5.sh                 |    2 +-
 ci/test/05_before_script.sh                        |    4 +-
 ci/test/06_script_b.sh                             |    2 +
 configure.ac                                       |   26 +-
 contrib/guix/INSTALL.md                            |    4 +-
 contrib/guix/README.md                             |    2 +-
 contrib/guix/libexec/build.sh                      |    2 +
 contrib/guix/manifest.scm                          |    8 +-
 .../patches/nsis-disable-installer-reloc.patch     |   30 +
 contrib/seeds/makeseeds.py                         |    7 +-
 contrib/seeds/nodes_main.txt                       | 1502 +++++----
 contrib/seeds/nodes_main_manual.txt                |   77 +-
 depends/config.site.in                             |    7 +-
 depends/hosts/darwin.mk                            |    3 +
 depends/hosts/default.mk                           |    3 +-
 depends/packages/bdb.mk                            |    2 +-
 depends/packages/native_cctools.mk                 |   14 +-
 depends/packages/native_clang.mk                   |    3 +
 depends/packages/native_libtapi.mk                 |    4 +-
 depends/packages/qt.mk                             |   31 +-
 depends/patches/qt/guix_cross_lib_path.patch       |    2 +-
 doc/bitcoin-conf.md                                |    2 +
 doc/descriptors.md                                 |    3 +-
 doc/policy/README.md                               |    2 +-
 doc/policy/mempool-replacements.md                 |    2 +-
 doc/policy/packages.md                             |    4 +-
 doc/release-notes-25504.md                         |    6 +
 share/setup.nsi.in                                 |    9 +-
 src/.clang-tidy                                    |    4 +
 src/Makefile.am                                    |   28 +-
 src/Makefile.bench.include                         |   10 +-
 src/Makefile.test.include                          |   13 +-
 src/addrman.cpp                                    |   10 +-
 src/addrman.h                                      |    7 +-
 src/addrman_impl.h                                 |    4 +-
 src/bench/addrman.cpp                              |    2 +-
 src/bench/coin_selection.cpp                       |    2 +-
 src/bench/descriptors.cpp                          |   30 +
 src/bench/wallet_loading.cpp                       |    5 +-
 src/bitcoin-chainstate.cpp                         |   14 +-
 src/bitcoin-cli.cpp                                |    4 +-
 src/bitcoin-tx.cpp                                 |    2 +-
 src/blockfilter.cpp                                |   18 +-
 src/chain.cpp                                      |    8 +-
 src/chain.h                                        |    8 +-
 src/chainparamsseeds.h                             | 1078 +++---
 src/coins.cpp                                      |    2 +-
 src/consensus/params.h                             |    5 +
 src/core_read.cpp                                  |    2 +-
 src/crc32c/CMakeLists.txt                          |    7 +-
 src/cuckoocache.h                                  |   23 +-
 src/external_signer.cpp                            |    2 +-
 src/fs.h                                           |    4 +
 src/init.cpp                                       |   72 +-
 src/init/common.cpp                                |    2 +-
 src/interfaces/wallet.h                            |   44 +-
 src/kernel/chainstatemanager_opts.h                |    4 +-
 src/kernel/mempool_options.h                       |   19 +
 src/kernel/validation_cache_sizes.h                |   20 +
 src/key.cpp                                        |    1 +
 src/key.h                                          |    4 +-
 src/logging.cpp                                    |    2 +-
 src/mempool_args.cpp                               |   39 -
 src/net.cpp                                        |   11 +-
 src/net_processing.cpp                             |   59 +-
 src/netbase.cpp                                    |    6 +-
 src/node/blockstorage.cpp                          |    2 +-
 src/node/interfaces.cpp                            |   24 +-
 src/node/mempool_args.cpp                          |   99 +
 src/{ => node}/mempool_args.h                      |   13 +-
 src/node/miner.cpp                                 |    4 +-
 src/node/psbt.cpp                                  |    2 +-
 src/node/validation_cache_args.cpp                 |   34 +
 src/node/validation_cache_args.h                   |   17 +
 src/outputtype.cpp                                 |   12 +-
 src/outputtype.h                                   |    1 +
 src/policy/policy.cpp                              |   13 +-
 src/policy/policy.h                                |   10 +-
 src/policy/rbf.cpp                                 |   12 +-
 src/policy/rbf.h                                   |   30 +-
 src/policy/settings.cpp                            |    5 -
 src/policy/settings.h                              |   29 -
 src/primitives/block.h                             |    6 +
 src/protocol.cpp                                   |    7 +-
 src/psbt.h                                         |    3 +
 src/pubkey.cpp                                     |    1 +
 src/pubkey.h                                       |    4 +-
 src/qt/addresstablemodel.cpp                       |    2 +-
 src/qt/bitcoinstrings.cpp                          |   42 +-
 src/qt/guiutil.cpp                                 |    2 +-
 src/qt/locale/bitcoin_en.ts                        |  548 +--
 src/qt/locale/bitcoin_en.xlf                       | 3500 ++++++++++----------
 src/qt/overviewpage.cpp                            |   23 +-
 src/qt/overviewpage.h                              |    1 -
 src/qt/sendcoinsdialog.cpp                         |   12 +-
 src/qt/sendcoinsdialog.h                           |    2 +-
 src/qt/splashscreen.cpp                            |    2 +-
 src/qt/test/wallettests.cpp                        |   32 +-
 src/qt/walletcontroller.cpp                        |   27 +-
 src/qt/walletmodel.cpp                             |   24 +-
 src/qt/walletmodel.h                               |    7 +
 src/rest.cpp                                       |   55 +-
 src/rpc/client.cpp                                 |    3 +
 src/rpc/fees.cpp                                   |    3 +-
 src/rpc/mempool.cpp                                |   10 +-
 src/rpc/mining.cpp                                 |   18 +-
 src/rpc/net.cpp                                    |   12 +-
 src/rpc/rawtransaction_util.cpp                    |    4 +-
 src/rpc/request.cpp                                |    6 +-
 src/rpc/util.cpp                                   |    2 +-
 src/script/descriptor.cpp                          |   52 +-
 src/script/interpreter.h                           |    4 +-
 src/script/sigcache.cpp                            |   18 +-
 src/script/sigcache.h                              |   11 +-
 src/script/sign.cpp                                |   29 +-
 src/script/sign.h                                  |    8 +-
 src/script/signingprovider.cpp                     |   22 +-
 src/script/signingprovider.h                       |    5 +-
 src/script/standard.cpp                            |    3 -
 src/script/standard.h                              |   11 +-
 src/test/addrman_tests.cpp                         |   18 +-
 src/test/base58_tests.cpp                          |    4 +-
 src/test/bip32_tests.cpp                           |   18 +
 src/test/blockfilter_tests.cpp                     |    2 +-
 src/test/descriptor_tests.cpp                      |  125 +-
 src/test/fuzz/integer.cpp                          |    3 -
 src/test/fuzz/key.cpp                              |    6 +-
 src/test/fuzz/rbf.cpp                              |    2 +-
 src/test/fuzz/script.cpp                           |    3 +-
 src/test/fuzz/script_sigcache.cpp                  |   11 +-
 src/test/fuzz/transaction.cpp                      |    5 +-
 src/test/fuzz/tx_pool.cpp                          |   11 +-
 src/test/fuzz/validation_load_mempool.cpp          |    2 +-
 src/test/interfaces_tests.cpp                      |    6 +-
 src/test/key_io_tests.cpp                          |    6 +-
 src/test/miner_tests.cpp                           |   16 +-
 src/test/multisig_tests.cpp                        |   22 +-
 src/test/rbf_tests.cpp                             |    2 +-
 src/test/result_tests.cpp                          |   96 +
 src/test/rpc_tests.cpp                             |    4 +-
 src/test/script_p2sh_tests.cpp                     |   14 +-
 src/test/script_tests.cpp                          |    2 +-
 src/test/sighash_tests.cpp                         |    2 +-
 src/test/skiplist_tests.cpp                        |    6 +-
 src/test/transaction_tests.cpp                     |   30 +-
 src/test/txvalidationcache_tests.cpp               |    5 -
 src/test/util/setup_common.cpp                     |   18 +-
 src/test/util/wallet.cpp                           |    6 +-
 src/test/util_tests.cpp                            |   28 +-
 src/test/validation_block_tests.cpp                |    7 +-
 src/test/validation_chainstate_tests.cpp           |   11 +-
 src/test/validation_chainstatemanager_tests.cpp    |   16 +-
 src/test/validation_flush_tests.cpp                |   11 +-
 src/timedata.cpp                                   |    4 +-
 src/timedata.h                                     |    3 +-
 src/txmempool.cpp                                  |   14 +-
 src/txmempool.h                                    |   18 +-
 src/univalue/include/univalue.h                    |   20 +-
 src/univalue/lib/univalue.cpp                      |   33 +-
 src/univalue/test/object.cpp                       |   45 +-
 src/util/result.h                                  |   87 +-
 src/util/string.cpp                                |    9 +-
 src/util/string.h                                  |   38 +-
 src/util/system.cpp                                |   16 +-
 src/util/system.h                                  |    2 +-
 src/validation.cpp                                 |   92 +-
 src/validation.h                                   |   32 +-
 src/wallet/bdb.cpp                                 |    2 +-
 src/wallet/coinselection.cpp                       |   59 +-
 src/wallet/coinselection.h                         |   48 +-
 src/wallet/external_signer_scriptpubkeyman.cpp     |    3 +-
 src/wallet/feebumper.cpp                           |  104 +-
 src/wallet/feebumper.h                             |   66 +-
 src/wallet/fees.cpp                                |    2 +-
 src/wallet/interfaces.cpp                          |   39 +-
 src/wallet/receive.cpp                             |    8 +-
 src/wallet/receive.h                               |    3 +-
 src/wallet/rpc/addresses.cpp                       |   10 +-
 src/wallet/rpc/coins.cpp                           |    6 +-
 src/wallet/rpc/spend.cpp                           |   40 +-
 src/wallet/rpc/transactions.cpp                    |   25 +-
 src/wallet/rpc/util.cpp                            |   18 +-
 src/wallet/rpc/util.h                              |    4 +
 src/wallet/rpc/wallet.cpp                          |  112 +
 src/wallet/scriptpubkeyman.cpp                     |   87 +-
 src/wallet/scriptpubkeyman.h                       |   14 +-
 src/wallet/spend.cpp                               |  364 +-
 src/wallet/spend.h                                 |   24 +-
 src/wallet/test/availablecoins_tests.cpp           |   32 +-
 src/wallet/test/coinselector_tests.cpp             |  129 +-
 src/wallet/test/feebumper_tests.cpp                |   54 +
 src/wallet/test/fuzz/coinselection.cpp             |    8 +-
 src/wallet/test/fuzz/notifications.cpp             |    5 +-
 src/wallet/test/spend_tests.cpp                    |    4 +-
 src/wallet/test/wallet_tests.cpp                   |  139 +-
 src/wallet/wallet.cpp                              |  135 +-
 src/wallet/wallet.h                                |   32 +-
 src/wallet/walletdb.cpp                            |    6 +-
 src/wallet/wallettool.cpp                          |    2 +-
 test/README.md                                     |    6 +-
 test/functional/README.md                          |    4 +-
 test/functional/data/rpc_decodescript.json         |    2 +-
 test/functional/data/rpc_psbt.json                 |    6 +
 test/functional/example_test.py                    |   11 +-
 test/functional/feature_rbf.py                     |    4 +-
 test/functional/feature_segwit.py                  |    5 +
 test/functional/interface_usdt_validation.py       |   11 +-
 test/functional/mempool_datacarrier.py             |   71 +
 test/functional/mempool_package_limits.py          |  316 +-
 test/functional/mempool_package_onemore.py         |   17 +-
 test/functional/mempool_packages.py                |   45 +-
 test/functional/mocks/invalid_signer.py            |    2 +-
 test/functional/mocks/multi_signers.py             |   30 +
 test/functional/mocks/signer.py                    |    2 +-
 test/functional/p2p_initial_headers_sync.py        |  105 +
 test/functional/p2p_segwit.py                      |    6 +-
 test/functional/rpc_fundrawtransaction.py          |   25 +-
 test/functional/rpc_psbt.py                        |    4 +
 test/functional/rpc_signer.py                      |    5 +-
 test/functional/rpc_signmessagewithprivkey.py      |   22 +-
 test/functional/test_framework/messages.py         |    6 +
 test/functional/test_framework/util.py             |    4 +
 test/functional/test_framework/wallet.py           |   58 +-
 test/functional/test_runner.py                     |    4 +
 test/functional/wallet_abandonconflict.py          |    3 +
 .../functional/wallet_avoid_mixing_output_types.py |    1 +
 test/functional/wallet_balance.py                  |    3 +
 test/functional/wallet_basic.py                    |   35 +-
 test/functional/wallet_bumpfee.py                  |   24 +-
 test/functional/wallet_encryption.py               |   18 +-
 test/functional/wallet_groups.py                   |    4 +
 test/functional/wallet_hd.py                       |    4 +
 test/functional/wallet_importdescriptors.py        |    3 +
 test/functional/wallet_listreceivedby.py           |    2 +
 test/functional/wallet_listsinceblock.py           |   65 +
 test/functional/wallet_signer.py                   |   15 +
 test/functional/wallet_simulaterawtx.py            |  129 +
 test/functional/wallet_taproot.py                  |   17 +-
 test/functional/wallet_transactiontime_rescan.py   |    7 +
 test/get_previous_releases.py                      |  113 +-
 test/lint/lint-includes.py                         |    3 +-
 245 files changed, 7038 insertions(+), 4867 deletions(-)
 create mode 100644 contrib/guix/patches/nsis-disable-installer-reloc.patch
 create mode 100644 doc/release-notes-25504.md
 create mode 100644 src/bench/descriptors.cpp
 create mode 100644 src/kernel/validation_cache_sizes.h
 delete mode 100644 src/mempool_args.cpp
 create mode 100644 src/node/mempool_args.cpp
 rename src/{ => node}/mempool_args.h (57%)
 create mode 100644 src/node/validation_cache_args.cpp
 create mode 100644 src/node/validation_cache_args.h
 create mode 100644 src/test/result_tests.cpp
 create mode 100644 src/wallet/test/feebumper_tests.cpp
 create mode 100755 test/functional/mempool_datacarrier.py
 create mode 100755 test/functional/mocks/multi_signers.py
 create mode 100755 test/functional/p2p_initial_headers_sync.py
 create mode 100755 test/functional/wallet_simulaterawtx.py

C:\Users\ContainerAdministrator\AppData\Local\Temp\cirrus-ci-build>if 0 NEQ 0 exit /b 0 
