./ci/test_run_all.sh
Setting specific values in env
Fallback to default values in env (if not yet set)
CCACHE_SIZE=200M
LC_ALL=C.UTF-8
CCACHE_COMPRESS=1
CONFIG_SHELL=/bin/dash
BASE_BUILD_DIR=/tmp/cirrus-ci-build/ci/scratch/build
UBSAN_OPTIONS=suppressions=/tmp/cirrus-ci-build/test/sanitizer_suppressions/ubsan:print_stacktrace=1:halt_on_error=1:report_error_type=1
ASAN_OPTIONS=detect_stack_use_after_return=1:check_initialization_order=1:strict_init_order=1
BASE_ROOT_DIR=/tmp/cirrus-ci-build
CCACHE_DIR=/tmp/ccache_dir
DEBIAN_FRONTEND=noninteractive
BASE_SCRATCH_DIR=/tmp/cirrus-ci-build/ci/scratch
TSAN_OPTIONS=suppressions=/tmp/cirrus-ci-build/test/sanitizer_suppressions/tsan:halt_on_error=1:log_path=/tmp/cirrus-ci-build/ci/scratch/sanitizer-output/tsan
LSAN_OPTIONS=suppressions=/tmp/cirrus-ci-build/test/sanitizer_suppressions/lsan
BITCOIN_CONFIG=--enable-zmq --with-gui=qt5 --enable-reduce-exports
CCACHE_NOHASHDIR=1
BOOST_TEST_RANDOM=1
CCACHE_TEMPDIR=/tmp/.ccache-temp
BASE_OUTDIR=/tmp/cirrus-ci-build/ci/scratch/out/i686-pc-linux-gnu
PREVIOUS_RELEASES_DIR=/tmp/cirrus-ci-build/releases/i686-pc-linux-gnu
Running on host system without docker wrapper
Last metadata expiration check: 0:00:17 ago on Sat Dec 17 04:04:50 2022.
Dependencies resolved.
================================================================================
 Package               Architecture    Version            Repository       Size
================================================================================
Installing:
 epel-release          noarch          8-11.el8           extras           24 k

Transaction Summary
================================================================================
Install  1 Package

Total download size: 24 k
Installed size: 35 k
Downloading Packages:
epel-release-8-11.el8.noarch.rpm                148 kB/s |  24 kB     00:00    
--------------------------------------------------------------------------------
Total                                            45 kB/s |  24 kB     00:00     
Running transaction check
Transaction check succeeded.
Running transaction test
Transaction test succeeded.
Running transaction
  Preparing        :                                                        1/1 
  Installing       : epel-release-8-11.el8.noarch                           1/1 
  Running scriptlet: epel-release-8-11.el8.noarch                           1/1 
  Verifying        : epel-release-8-11.el8.noarch                           1/1 

Installed:
  epel-release-8-11.el8.noarch                                                  

Complete!
Extra Packages for Enterprise Linux 8 - x86_64   11 MB/s |  13 MB     00:01    
Extra Packages for Enterprise Linux Modular 8 - 738 kB/s | 733 kB     00:00    
Last metadata expiration check: 0:00:01 ago on Sat Dec 17 04:05:14 2022.
Package git-2.31.1-2.el8.x86_64 is already installed.
Package which-2.21-18.el8.x86_64 is already installed.
Dependencies resolved.
=======================================================================================
 Package                  Arch    Version                              Repo        Size
=======================================================================================
Installing:
 bison                    x86_64  3.0.4-10.el8                         appstream  688 k
 ccache                   x86_64  3.7.7-1.el8                          epel       232 k
 coreutils                x86_64  8.30-14.el8                          baseos     1.2 M
 dash                     x86_64  0.5.10.2-4.el8                       epel        99 k
 gcc-c++                  x86_64  8.5.0-17.el8                         appstream   12 M
 glibc-devel              i686    2.28-220.el8                         baseos      82 k
 glibc-devel              x86_64  2.28-220.el8                         baseos      83 k
 lbzip2                   x86_64  2.5-15.20171011gitb6dc48a.el8        epel        98 k
 libstdc++-devel          i686    8.5.0-17.el8                         appstream  2.1 M
 libstdc++-devel          x86_64  8.5.0-17.el8                         appstream  2.1 M
 libtool                  x86_64  2.4.6-25.el8                         appstream  709 k
 make                     x86_64  1:4.2.1-11.el8                       baseos     498 k
 patch                    x86_64  2.7.6-11.el8                         baseos     138 k
 procps-ng                x86_64  3.3.15-9.el8                         baseos     329 k
 python3-zmq              x86_64  19.0.0-1.el8                         epel       418 k
 python36                 x86_64  3.6.8-38.module_el8.5.0+895+a459eca8 appstream   19 k
 rsync                    x86_64  3.1.3-19.el8                         baseos     410 k
 xz                       x86_64  5.2.4-4.el8                          baseos     153 k
Upgrading:
 glibc                    x86_64  2.28-220.el8                         baseos     2.2 M
 glibc-common             x86_64  2.28-220.el8                         baseos     1.0 M
 glibc-minimal-langpack   x86_64  2.28-220.el8                         baseos      64 k
 libgcc                   x86_64  8.5.0-17.el8                         baseos      81 k
 libstdc++                x86_64  8.5.0-17.el8                         baseos     454 k
Installing dependencies:
 autoconf                 noarch  2.69-29.el8                          appstream  710 k
 automake                 noarch  1.16.1-7.el8                         appstream  713 k
 binutils                 x86_64  2.30-119.el8                         baseos     5.8 M
 coreutils-common         x86_64  8.30-14.el8                          baseos     2.0 M
 cpp                      x86_64  8.5.0-17.el8                         baseos      10 M
 gcc                      x86_64  8.5.0-17.el8                         baseos      23 M
 glibc                    i686    2.28-220.el8                         baseos     2.0 M
 glibc-headers            i686    2.28-220.el8                         baseos     488 k
 glibc-headers            x86_64  2.28-220.el8                         baseos     488 k
 isl                      x86_64  0.16.1-6.el8                         appstream  841 k
 kernel-headers           x86_64  4.18.0-408.el8                       baseos     9.8 M
 libgcc                   i686    8.5.0-17.el8                         baseos      88 k
 libgomp                  x86_64  8.5.0-17.el8                         baseos     207 k
 libmpc                   x86_64  1.1.0-9.1.el8                        appstream   61 k
 libpkgconf               x86_64  1.4.2-1.el8                          baseos      35 k
 libsodium                x86_64  1.0.18-2.el8                         epel       162 k
 libstdc++                i686    8.5.0-17.el8                         baseos     491 k
 libunwind                x86_64  1.3.1-3.el8                          epel        75 k
 libxcrypt                i686    4.1.1-6.el8                          baseos      74 k
 libxcrypt-devel          i686    4.1.1-6.el8                          baseos      25 k
 libxcrypt-devel          x86_64  4.1.1-6.el8                          baseos      25 k
 m4                       x86_64  1.4.18-7.el8                         baseos     223 k
 openpgm                  x86_64  5.2.122-21.el8                       epel       180 k
 perl-Data-Dumper         x86_64  2.167-399.el8                        baseos      58 k
 perl-Thread-Queue        noarch  3.13-1.el8                           appstream   24 k
 pkgconf                  x86_64  1.4.2-1.el8                          baseos      38 k
 pkgconf-m4               noarch  1.4.2-1.el8                          baseos      17 k
 pkgconf-pkg-config       x86_64  1.4.2-1.el8                          baseos      15 k
 platform-python-pip      noarch  9.0.3-22.el8                         baseos     1.6 M
 python3-pip              noarch  9.0.3-22.el8                         appstream   20 k
 python3-setuptools       noarch  39.2.0-6.el8                         baseos     163 k
 zeromq                   x86_64  4.3.4-2.el8                          epel       479 k
Installing weak dependencies:
 glibc-gconv-extra        i686    2.28-220.el8                         baseos     1.6 M
 glibc-gconv-extra        x86_64  2.28-220.el8                         baseos     1.5 M
 glibc-langpack-en        x86_64  2.28-220.el8                         baseos     826 k
Removing dependent packages:
 coreutils-single         x86_64  8.30-13.el8                          @baseos    1.3 M
Downgrading:
 xz-libs                  x86_64  5.2.4-4.el8                          baseos      94 k
Enabling module streams:
 python36                         3.6                                                  

Transaction Summary
=======================================================================================
Install    53 Packages
Upgrade     5 Packages
Remove      1 Package
Downgrade   1 Package

Total download size: 90 M
Downloading Packages:
(1/59): xz-libs-5.2.4-4.el8.x86_64.rpm          261 kB/s |  94 kB     00:00    
(2/59): automake-1.16.1-7.el8.noarch.rpm        1.6 MB/s | 713 kB     00:00    
(3/59): autoconf-2.69-29.el8.noarch.rpm         1.4 MB/s | 710 kB     00:00    
(4/59): isl-0.16.1-6.el8.x86_64.rpm             6.4 MB/s | 841 kB     00:00    
(5/59): libmpc-1.1.0-9.1.el8.x86_64.rpm         867 kB/s |  61 kB     00:00    
(6/59): bison-3.0.4-10.el8.x86_64.rpm           1.5 MB/s | 688 kB     00:00    
(7/59): libstdc++-devel-8.5.0-17.el8.i686.rpm    13 MB/s | 2.1 MB     00:00    
(8/59): gcc-c++-8.5.0-17.el8.x86_64.rpm          26 MB/s |  12 MB     00:00    
(9/59): libtool-2.4.6-25.el8.x86_64.rpm         7.8 MB/s | 709 kB     00:00    
(10/59): perl-Thread-Queue-3.13-1.el8.noarch.rp 448 kB/s |  24 kB     00:00    
(11/59): libstdc++-devel-8.5.0-17.el8.x86_64.rp  11 MB/s | 2.1 MB     00:00    
(12/59): python3-pip-9.0.3-22.el8.noarch.rpm    378 kB/s |  20 kB     00:00    
(13/59): python36-3.6.8-38.module_el8.5.0+895+a 372 kB/s |  19 kB     00:00    
(14/59): binutils-2.30-119.el8.x86_64.rpm        15 MB/s | 5.8 MB     00:00    
(15/59): coreutils-8.30-14.el8.x86_64.rpm       2.8 MB/s | 1.2 MB     00:00    
(16/59): coreutils-common-8.30-14.el8.x86_64.rp 4.0 MB/s | 2.0 MB     00:00    
(17/59): cpp-8.5.0-17.el8.x86_64.rpm             40 MB/s |  10 MB     00:00    
(18/59): glibc-2.28-220.el8.i686.rpm             14 MB/s | 2.0 MB     00:00    
(19/59): glibc-devel-2.28-220.el8.i686.rpm      1.2 MB/s |  82 kB     00:00    
(20/59): glibc-devel-2.28-220.el8.x86_64.rpm    679 kB/s |  83 kB     00:00    
(21/59): glibc-gconv-extra-2.28-220.el8.i686.rp  11 MB/s | 1.6 MB     00:00    
(22/59): glibc-gconv-extra-2.28-220.el8.x86_64.  18 MB/s | 1.5 MB     00:00    
(23/59): glibc-headers-2.28-220.el8.i686.rpm    5.8 MB/s | 488 kB     00:00    
(24/59): glibc-headers-2.28-220.el8.x86_64.rpm  5.9 MB/s | 488 kB     00:00    
(25/59): glibc-langpack-en-2.28-220.el8.x86_64.  13 MB/s | 826 kB     00:00    
(26/59): libgcc-8.5.0-17.el8.i686.rpm           1.3 MB/s |  88 kB     00:00    
(27/59): gcc-8.5.0-17.el8.x86_64.rpm             35 MB/s |  23 MB     00:00    
(28/59): libgomp-8.5.0-17.el8.x86_64.rpm        3.6 MB/s | 207 kB     00:00    
(29/59): libpkgconf-1.4.2-1.el8.x86_64.rpm      677 kB/s |  35 kB     00:00    
(30/59): kernel-headers-4.18.0-408.el8.x86_64.r  36 MB/s | 9.8 MB     00:00    
(31/59): libstdc++-8.5.0-17.el8.i686.rpm        4.3 MB/s | 491 kB     00:00    
(32/59): libxcrypt-4.1.1-6.el8.i686.rpm         1.1 MB/s |  74 kB     00:00    
(33/59): libxcrypt-devel-4.1.1-6.el8.x86_64.rpm 465 kB/s |  25 kB     00:00    
(34/59): libxcrypt-devel-4.1.1-6.el8.i686.rpm   384 kB/s |  25 kB     00:00    
(35/59): m4-1.4.18-7.el8.x86_64.rpm             2.4 MB/s | 223 kB     00:00    
(36/59): make-4.2.1-11.el8.x86_64.rpm           8.3 MB/s | 498 kB     00:00    
(37/59): patch-2.7.6-11.el8.x86_64.rpm          2.3 MB/s | 138 kB     00:00    
(38/59): perl-Data-Dumper-2.167-399.el8.x86_64. 1.1 MB/s |  58 kB     00:00    
(39/59): pkgconf-1.4.2-1.el8.x86_64.rpm         705 kB/s |  38 kB     00:00    
(40/59): pkgconf-m4-1.4.2-1.el8.noarch.rpm      314 kB/s |  17 kB     00:00    
(41/59): pkgconf-pkg-config-1.4.2-1.el8.x86_64. 279 kB/s |  15 kB     00:00    
(42/59): procps-ng-3.3.15-9.el8.x86_64.rpm      5.8 MB/s | 329 kB     00:00    
(43/59): platform-python-pip-9.0.3-22.el8.noarc  21 MB/s | 1.6 MB     00:00    
(44/59): python3-setuptools-39.2.0-6.el8.noarch 3.0 MB/s | 163 kB     00:00    
(45/59): rsync-3.1.3-19.el8.x86_64.rpm          7.0 MB/s | 410 kB     00:00    
(46/59): xz-5.2.4-4.el8.x86_64.rpm              2.8 MB/s | 153 kB     00:00    
(47/59): dash-0.5.10.2-4.el8.x86_64.rpm         319 kB/s |  99 kB     00:00    
(48/59): lbzip2-2.5-15.20171011gitb6dc48a.el8.x 308 kB/s |  98 kB     00:00    
(49/59): ccache-3.7.7-1.el8.x86_64.rpm          556 kB/s | 232 kB     00:00    
(50/59): libunwind-1.3.1-3.el8.x86_64.rpm       929 kB/s |  75 kB     00:00    
(51/59): libsodium-1.0.18-2.el8.x86_64.rpm      1.4 MB/s | 162 kB     00:00    
(52/59): openpgm-5.2.122-21.el8.x86_64.rpm      1.5 MB/s | 180 kB     00:00    
(53/59): glibc-2.28-220.el8.x86_64.rpm           28 MB/s | 2.2 MB     00:00    
(54/59): glibc-common-2.28-220.el8.x86_64.rpm    15 MB/s | 1.0 MB     00:00    
(55/59): python3-zmq-19.0.0-1.el8.x86_64.rpm    1.6 MB/s | 418 kB     00:00    
(56/59): zeromq-4.3.4-2.el8.x86_64.rpm          1.9 MB/s | 479 kB     00:00    
(57/59): glibc-minimal-langpack-2.28-220.el8.x8 1.2 MB/s |  64 kB     00:00    
(58/59): libgcc-8.5.0-17.el8.x86_64.rpm         1.5 MB/s |  81 kB     00:00    
(59/59): libstdc++-8.5.0-17.el8.x86_64.rpm      7.5 MB/s | 454 kB     00:00    
--------------------------------------------------------------------------------
Total                                            23 MB/s |  90 MB     00:03     
Extra Packages for Enterprise Linux 8 - x86_64  1.6 MB/s | 1.6 kB     00:00    
Importing GPG key 0x2F86D6A1:
 Userid     : "Fedora EPEL (8) <epel@fedoraproject.org>"
 Fingerprint: 94E2 79EB 8D8F 25B2 1810 ADF1 21EA 45AB 2F86 D6A1
 From       : /etc/pki/rpm-gpg/RPM-GPG-KEY-EPEL-8
Key imported successfully
Running transaction check
Transaction check succeeded.
Running transaction test
Transaction test succeeded.
Running transaction
  Preparing        :                                                        1/1 
  Upgrading        : libgcc-8.5.0-17.el8.x86_64                            1/66 
  Running scriptlet: libgcc-8.5.0-17.el8.x86_64                            1/66 
  Installing       : kernel-headers-4.18.0-408.el8.x86_64                  2/66 
  Installing       : glibc-langpack-en-2.28-220.el8.x86_64                 3/66 
  Upgrading        : glibc-common-2.28-220.el8.x86_64                      4/66 
  Running scriptlet: glibc-2.28-220.el8.x86_64                             5/66 
  Upgrading        : glibc-2.28-220.el8.x86_64                             5/66 
  Running scriptlet: glibc-2.28-220.el8.x86_64                             5/66 
  Installing       : glibc-gconv-extra-2.28-220.el8.x86_64                 6/66 
  Running scriptlet: glibc-gconv-extra-2.28-220.el8.x86_64                 6/66 
  Upgrading        : libstdc++-8.5.0-17.el8.x86_64                         7/66 
  Running scriptlet: libstdc++-8.5.0-17.el8.x86_64                         7/66 
  Installing       : libmpc-1.1.0-9.1.el8.x86_64                           8/66 
  Running scriptlet: glibc-headers-2.28-220.el8.i686                       9/66 
  Installing       : glibc-headers-2.28-220.el8.i686                       9/66 
  Installing       : m4-1.4.18-7.el8.x86_64                               10/66 
  Running scriptlet: m4-1.4.18-7.el8.x86_64                               10/66 
  Installing       : cpp-8.5.0-17.el8.x86_64                              11/66 
  Running scriptlet: cpp-8.5.0-17.el8.x86_64                              11/66 
  Downgrading      : xz-libs-5.2.4-4.el8.x86_64                           12/66 
  Installing       : isl-0.16.1-6.el8.x86_64                              13/66 
  Running scriptlet: isl-0.16.1-6.el8.x86_64                              13/66 
  Running scriptlet: glibc-headers-2.28-220.el8.x86_64                    14/66 
  Installing       : glibc-headers-2.28-220.el8.x86_64                    14/66 
  Installing       : libgomp-8.5.0-17.el8.x86_64                          15/66 
  Running scriptlet: libgomp-8.5.0-17.el8.x86_64                          15/66 
  Installing       : libpkgconf-1.4.2-1.el8.x86_64                        16/66 
  Installing       : pkgconf-1.4.2-1.el8.x86_64                           17/66 
  Installing       : perl-Data-Dumper-2.167-399.el8.x86_64                18/66 
  Installing       : autoconf-2.69-29.el8.noarch                          19/66 
  Running scriptlet: autoconf-2.69-29.el8.noarch                          19/66 
  Installing       : libsodium-1.0.18-2.el8.x86_64                        20/66 
  Installing       : libunwind-1.3.1-3.el8.x86_64                         21/66 
  Installing       : openpgm-5.2.122-21.el8.x86_64                        22/66 
  Installing       : zeromq-4.3.4-2.el8.x86_64                            23/66 
  Installing       : python3-setuptools-39.2.0-6.el8.noarch               24/66 
  Installing       : platform-python-pip-9.0.3-22.el8.noarch              25/66 
  Installing       : python36-3.6.8-38.module_el8.5.0+895+a459eca8.x86_   26/66 
  Running scriptlet: python36-3.6.8-38.module_el8.5.0+895+a459eca8.x86_   26/66 
  Installing       : python3-pip-9.0.3-22.el8.noarch                      27/66 
  Installing       : pkgconf-m4-1.4.2-1.el8.noarch                        28/66 
  Installing       : pkgconf-pkg-config-1.4.2-1.el8.x86_64                29/66 
  Installing       : libxcrypt-devel-4.1.1-6.el8.x86_64                   30/66 
  Installing       : glibc-devel-2.28-220.el8.x86_64                      31/66 
  Running scriptlet: glibc-devel-2.28-220.el8.x86_64                      31/66 
  Installing       : coreutils-common-8.30-14.el8.x86_64                  32/66 
  Running scriptlet: coreutils-common-8.30-14.el8.x86_64                  32/66 
  Installing       : coreutils-8.30-14.el8.x86_64                         33/66 
  Installing       : binutils-2.30-119.el8.x86_64                         34/66 
  Running scriptlet: binutils-2.30-119.el8.x86_64                         34/66 
  Installing       : perl-Thread-Queue-3.13-1.el8.noarch                  35/66 
  Installing       : glibc-gconv-extra-2.28-220.el8.i686                  36/66 
  Running scriptlet: glibc-gconv-extra-2.28-220.el8.i686                  36/66 
  Running scriptlet: glibc-2.28-220.el8.i686                              37/66 
  Installing       : glibc-2.28-220.el8.i686                              37/66 
  Running scriptlet: glibc-2.28-220.el8.i686                              37/66 
  Installing       : libgcc-8.5.0-17.el8.i686                             38/66 
  Running scriptlet: libgcc-8.5.0-17.el8.i686                             38/66 
  Installing       : automake-1.16.1-7.el8.noarch                         39/66 
  Running scriptlet: ccache-3.7.7-1.el8.x86_64                            40/66 
  Installing       : ccache-3.7.7-1.el8.x86_64                            40/66 
  Installing       : python3-zmq-19.0.0-1.el8.x86_64                      41/66 
  Installing       : xz-5.2.4-4.el8.x86_64                                42/66 
  Installing       : bison-3.0.4-10.el8.x86_64                            43/66 
  Running scriptlet: bison-3.0.4-10.el8.x86_64                            43/66 
  Installing       : libstdc++-devel-8.5.0-17.el8.x86_64                  44/66 
  Installing       : make-1:4.2.1-11.el8.x86_64                           45/66 
  Running scriptlet: make-1:4.2.1-11.el8.x86_64                           45/66 
  Installing       : patch-2.7.6-11.el8.x86_64                            46/66 
  Installing       : procps-ng-3.3.15-9.el8.x86_64                        47/66 
  Installing       : rsync-3.1.3-19.el8.x86_64                            48/66 
  Installing       : dash-0.5.10.2-4.el8.x86_64                           49/66 
  Running scriptlet: dash-0.5.10.2-4.el8.x86_64                           49/66 
  Installing       : lbzip2-2.5-15.20171011gitb6dc48a.el8.x86_64          50/66 
  Upgrading        : glibc-minimal-langpack-2.28-220.el8.x86_64           51/66 
  Installing       : libstdc++-8.5.0-17.el8.i686                          52/66 
  Running scriptlet: libstdc++-8.5.0-17.el8.i686                          52/66 
  Installing       : libstdc++-devel-8.5.0-17.el8.i686                    53/66 
  Installing       : libxcrypt-4.1.1-6.el8.i686                           54/66 
  Installing       : glibc-devel-2.28-220.el8.i686                        55/66 
  Running scriptlet: glibc-devel-2.28-220.el8.i686                        55/66 
  Installing       : libxcrypt-devel-4.1.1-6.el8.i686                     56/66 
  Installing       : gcc-8.5.0-17.el8.x86_64                              57/66 
  Running scriptlet: gcc-8.5.0-17.el8.x86_64                              57/66 
  Installing       : gcc-c++-8.5.0-17.el8.x86_64                          58/66 
  Running scriptlet: gcc-c++-8.5.0-17.el8.x86_64                          58/66 
  Installing       : libtool-2.4.6-25.el8.x86_64                          59/66 
  Running scriptlet: libtool-2.4.6-25.el8.x86_64                          59/66 
  Cleanup          : libstdc++-8.5.0-15.el8.x86_64                        60/66 
  Running scriptlet: libstdc++-8.5.0-15.el8.x86_64                        60/66 
  Erasing          : coreutils-single-8.30-13.el8.x86_64                  61/66 
  Cleanup          : xz-libs-5.2.4-4.el8_6.x86_64                         62/66 
  Cleanup          : glibc-2.28-211.el8.x86_64                            63/66 
  Cleanup          : glibc-minimal-langpack-2.28-211.el8.x86_64           64/66 
  Cleanup          : glibc-common-2.28-211.el8.x86_64                     65/66 
  Cleanup          : libgcc-8.5.0-15.el8.x86_64                           66/66 
  Running scriptlet: libgcc-8.5.0-15.el8.x86_64                           66/66 
  Running scriptlet: glibc-common-2.28-220.el8.x86_64                     66/66 
  Verifying        : xz-libs-5.2.4-4.el8.x86_64                            1/66 
  Verifying        : xz-libs-5.2.4-4.el8_6.x86_64                          2/66 
  Verifying        : autoconf-2.69-29.el8.noarch                           3/66 
  Verifying        : automake-1.16.1-7.el8.noarch                          4/66 
  Verifying        : bison-3.0.4-10.el8.x86_64                             5/66 
  Verifying        : gcc-c++-8.5.0-17.el8.x86_64                           6/66 
  Verifying        : isl-0.16.1-6.el8.x86_64                               7/66 
  Verifying        : libmpc-1.1.0-9.1.el8.x86_64                           8/66 
  Verifying        : libstdc++-devel-8.5.0-17.el8.i686                     9/66 
  Verifying        : libstdc++-devel-8.5.0-17.el8.x86_64                  10/66 
  Verifying        : libtool-2.4.6-25.el8.x86_64                          11/66 
  Verifying        : perl-Thread-Queue-3.13-1.el8.noarch                  12/66 
  Verifying        : python3-pip-9.0.3-22.el8.noarch                      13/66 
  Verifying        : python36-3.6.8-38.module_el8.5.0+895+a459eca8.x86_   14/66 
  Verifying        : binutils-2.30-119.el8.x86_64                         15/66 
  Verifying        : coreutils-8.30-14.el8.x86_64                         16/66 
  Verifying        : coreutils-common-8.30-14.el8.x86_64                  17/66 
  Verifying        : cpp-8.5.0-17.el8.x86_64                              18/66 
  Verifying        : gcc-8.5.0-17.el8.x86_64                              19/66 
  Verifying        : glibc-2.28-220.el8.i686                              20/66 
  Verifying        : glibc-devel-2.28-220.el8.i686                        21/66 
  Verifying        : glibc-devel-2.28-220.el8.x86_64                      22/66 
  Verifying        : glibc-gconv-extra-2.28-220.el8.i686                  23/66 
  Verifying        : glibc-gconv-extra-2.28-220.el8.x86_64                24/66 
  Verifying        : glibc-headers-2.28-220.el8.i686                      25/66 
  Verifying        : glibc-headers-2.28-220.el8.x86_64                    26/66 
  Verifying        : glibc-langpack-en-2.28-220.el8.x86_64                27/66 
  Verifying        : kernel-headers-4.18.0-408.el8.x86_64                 28/66 
  Verifying        : libgcc-8.5.0-17.el8.i686                             29/66 
  Verifying        : libgomp-8.5.0-17.el8.x86_64                          30/66 
  Verifying        : libpkgconf-1.4.2-1.el8.x86_64                        31/66 
  Verifying        : libstdc++-8.5.0-17.el8.i686                          32/66 
  Verifying        : libxcrypt-4.1.1-6.el8.i686                           33/66 
  Verifying        : libxcrypt-devel-4.1.1-6.el8.i686                     34/66 
  Verifying        : libxcrypt-devel-4.1.1-6.el8.x86_64                   35/66 
  Verifying        : m4-1.4.18-7.el8.x86_64                               36/66 
  Verifying        : make-1:4.2.1-11.el8.x86_64                           37/66 
  Verifying        : patch-2.7.6-11.el8.x86_64                            38/66 
  Verifying        : perl-Data-Dumper-2.167-399.el8.x86_64                39/66 
  Verifying        : pkgconf-1.4.2-1.el8.x86_64                           40/66 
  Verifying        : pkgconf-m4-1.4.2-1.el8.noarch                        41/66 
  Verifying        : pkgconf-pkg-config-1.4.2-1.el8.x86_64                42/66 
  Verifying        : platform-python-pip-9.0.3-22.el8.noarch              43/66 
  Verifying        : procps-ng-3.3.15-9.el8.x86_64                        44/66 
  Verifying        : python3-setuptools-39.2.0-6.el8.noarch               45/66 
  Verifying        : rsync-3.1.3-19.el8.x86_64                            46/66 
  Verifying        : xz-5.2.4-4.el8.x86_64                                47/66 
  Verifying        : ccache-3.7.7-1.el8.x86_64                            48/66 
  Verifying        : dash-0.5.10.2-4.el8.x86_64                           49/66 
  Verifying        : lbzip2-2.5-15.20171011gitb6dc48a.el8.x86_64          50/66 
  Verifying        : libsodium-1.0.18-2.el8.x86_64                        51/66 
  Verifying        : libunwind-1.3.1-3.el8.x86_64                         52/66 
  Verifying        : openpgm-5.2.122-21.el8.x86_64                        53/66 
  Verifying        : python3-zmq-19.0.0-1.el8.x86_64                      54/66 
  Verifying        : zeromq-4.3.4-2.el8.x86_64                            55/66 
  Verifying        : glibc-2.28-220.el8.x86_64                            56/66 
  Verifying        : glibc-2.28-211.el8.x86_64                            57/66 
  Verifying        : glibc-common-2.28-220.el8.x86_64                     58/66 
  Verifying        : glibc-common-2.28-211.el8.x86_64                     59/66 
  Verifying        : glibc-minimal-langpack-2.28-220.el8.x86_64           60/66 
  Verifying        : glibc-minimal-langpack-2.28-211.el8.x86_64           61/66 
  Verifying        : libgcc-8.5.0-17.el8.x86_64                           62/66 
  Verifying        : libgcc-8.5.0-15.el8.x86_64                           63/66 
  Verifying        : libstdc++-8.5.0-17.el8.x86_64                        64/66 
  Verifying        : libstdc++-8.5.0-15.el8.x86_64                        65/66 
  Verifying        : coreutils-single-8.30-13.el8.x86_64                  66/66 

Upgraded:
  glibc-2.28-220.el8.x86_64                   glibc-common-2.28-220.el8.x86_64 
  glibc-minimal-langpack-2.28-220.el8.x86_64  libgcc-8.5.0-17.el8.x86_64       
  libstdc++-8.5.0-17.el8.x86_64              
Downgraded:
  xz-libs-5.2.4-4.el8.x86_64                                                    
Installed:
  autoconf-2.69-29.el8.noarch                                                   
  automake-1.16.1-7.el8.noarch                                                  
  binutils-2.30-119.el8.x86_64                                                  
  bison-3.0.4-10.el8.x86_64                                                     
  ccache-3.7.7-1.el8.x86_64                                                     
  coreutils-8.30-14.el8.x86_64                                                  
  coreutils-common-8.30-14.el8.x86_64                                           
  cpp-8.5.0-17.el8.x86_64                                                       
  dash-0.5.10.2-4.el8.x86_64                                                    
  gcc-8.5.0-17.el8.x86_64                                                       
  gcc-c++-8.5.0-17.el8.x86_64                                                   
  glibc-2.28-220.el8.i686                                                       
  glibc-devel-2.28-220.el8.i686                                                 
  glibc-devel-2.28-220.el8.x86_64                                               
  glibc-gconv-extra-2.28-220.el8.i686                                           
  glibc-gconv-extra-2.28-220.el8.x86_64                                         
  glibc-headers-2.28-220.el8.i686                                               
  glibc-headers-2.28-220.el8.x86_64                                             
  glibc-langpack-en-2.28-220.el8.x86_64                                         
  isl-0.16.1-6.el8.x86_64                                                       
  kernel-headers-4.18.0-408.el8.x86_64                                          
  lbzip2-2.5-15.20171011gitb6dc48a.el8.x86_64                                   
  libgcc-8.5.0-17.el8.i686                                                      
  libgomp-8.5.0-17.el8.x86_64                                                   
  libmpc-1.1.0-9.1.el8.x86_64                                                   
  libpkgconf-1.4.2-1.el8.x86_64                                                 
  libsodium-1.0.18-2.el8.x86_64                                                 
  libstdc++-8.5.0-17.el8.i686                                                   
  libstdc++-devel-8.5.0-17.el8.i686                                             
  libstdc++-devel-8.5.0-17.el8.x86_64                                           
  libtool-2.4.6-25.el8.x86_64                                                   
  libunwind-1.3.1-3.el8.x86_64                                                  
  libxcrypt-4.1.1-6.el8.i686                                                    
  libxcrypt-devel-4.1.1-6.el8.i686                                              
  libxcrypt-devel-4.1.1-6.el8.x86_64                                            
  m4-1.4.18-7.el8.x86_64                                                        
  make-1:4.2.1-11.el8.x86_64                                                    
  openpgm-5.2.122-21.el8.x86_64                                                 
  patch-2.7.6-11.el8.x86_64                                                     
  perl-Data-Dumper-2.167-399.el8.x86_64                                         
  perl-Thread-Queue-3.13-1.el8.noarch                                           
  pkgconf-1.4.2-1.el8.x86_64                                                    
  pkgconf-m4-1.4.2-1.el8.noarch                                                 
  pkgconf-pkg-config-1.4.2-1.el8.x86_64                                         
  platform-python-pip-9.0.3-22.el8.noarch                                       
  procps-ng-3.3.15-9.el8.x86_64                                                 
  python3-pip-9.0.3-22.el8.noarch                                               
  python3-setuptools-39.2.0-6.el8.noarch                                        
  python3-zmq-19.0.0-1.el8.x86_64                                               
  python36-3.6.8-38.module_el8.5.0+895+a459eca8.x86_64                          
  rsync-3.1.3-19.el8.x86_64                                                     
  xz-5.2.4-4.el8.x86_64                                                         
  zeromq-4.3.4-2.el8.x86_64                                                     
Removed:
  coreutils-single-8.30-13.el8.x86_64                                           

Complete!
              total        used        free      shared  buff/cache   available
Mem:          125Gi       5.3Gi       6.7Gi       2.0Mi       113Gi       119Gi
Swap:            0B          0B          0B
Number of CPUs (nproc): 32
Byte Order: Little Endian
Free disk space:
Filesystem      Size  Used Avail Use% Mounted on
overlay         488G  213G  276G  44% /
tmpfs            64M     0   64M   0% /dev
tmpfs            63G     0   63G   0% /sys/fs/cgroup
/dev/sda1       488G  213G  276G  44% /tmp
tmpfs           117G     0  117G   0% /dev/shm
tmpfs            63G     0   63G   0% /proc/acpi
tmpfs            63G     0   63G   0% /proc/scsi
tmpfs            63G     0   63G   0% /sys/firmware
  % Total    % Received % Xferd  Average Speed   Time    Time     Time  Current
                                 Dload  Upload   Total   Spent    Left  Speed
  0     0    0     0    0     0      0      0 --:--:-- --:--:-- --:--:--     0  0     0    0     0    0     0      0      0 --:--:-- --:--:-- --:--:--     0
100 9026k  100 9026k    0     0  37.0M      0 --:--:-- --:--:-- --:--:-- 37.0M
make: Entering directory '/tmp/cirrus-ci-build/depends'
Fetching boost_1_77_0.tar.bz2 from https://boostorg.jfrog.io/artifactory/main/release/1.77.0/source/
  % Total    % Received % Xferd  Average Speed   Time    Time     Time  Current
                                 Dload  Upload   Total   Spent    Left  Speed
  0     0    0     0    0     0      0      0 --:--:-- --:--:-- --:--:--     0  0     0    0     0    0     0      0      0 --:--:-- --:--:-- --:--:--     0
  0     0    0     0    0     0      0      0 --:--:-- --:--:-- --:--:--     0 19  105M   19 20.3M    0     0  13.7M      0  0:00:07  0:00:01  0:00:06 20.7M 62  105M   62 65.5M    0     0  26.4M      0  0:00:03  0:00:02  0:00:01 33.0M100  105M  100  105M    0     0  31.5M      0  0:00:03  0:00:03 --:--:-- 37.0M
/tmp/cirrus-ci-build/depends/work/download/boost-1.77.0/boost_1_77_0.tar.bz2.temp: OK
Extracting boost...
/tmp/cirrus-ci-build/depends/sources/boost_1_77_0.tar.bz2: OK
Preprocessing boost...
Configuring boost...
Building boost...
Staging boost...
Postprocessing boost...
Caching boost...
Fetching libevent-2.1.12-stable.tar.gz from https://github.com/libevent/libevent/releases/download/release-2.1.12-stable/
  % Total    % Received % Xferd  Average Speed   Time    Time     Time  Current
                                 Dload  Upload   Total   Spent    Left  Speed
  0     0    0     0    0     0      0      0 --:--:-- --:--:-- --:--:--     0  0     0    0     0    0     0      0      0 --:--:-- --:--:-- --:--:--     0
100 1075k  100 1075k    0     0  2460k      0 --:--:-- --:--:-- --:--:-- 2460k
/tmp/cirrus-ci-build/depends/work/download/libevent-2.1.12-stable/libevent-2.1.12-stable.tar.gz.temp: OK
Extracting libevent...
/tmp/cirrus-ci-build/depends/sources/libevent-2.1.12-stable.tar.gz: OK
Preprocessing libevent...
Configuring libevent...
Building libevent...
Staging libevent...
Postprocessing libevent...
Caching libevent...
Fetching freetype-2.11.0.tar.xz from https://download.savannah.gnu.org/releases/freetype
  % Total    % Received % Xferd  Average Speed   Time    Time     Time  Current
                                 Dload  Upload   Total   Spent    Left  Speed
  0     0    0     0    0     0      0      0 --:--:-- --:--:-- --:--:--     0  0     0    0     0    0     0      0      0 --:--:-- --:--:-- --:--:--     0
 12 2203k   12  272k    0     0   275k      0  0:00:07 --:--:--  0:00:07  275k100 2203k  100 2203k    0     0  1983k      0  0:00:01  0:00:01 --:--:-- 15.2M
/tmp/cirrus-ci-build/depends/work/download/freetype-2.11.0/freetype-2.11.0.tar.xz.temp: OK
Extracting freetype...
/tmp/cirrus-ci-build/depends/sources/freetype-2.11.0.tar.xz: OK
Preprocessing freetype...
Configuring freetype...
Building freetype...
Staging freetype...
Postprocessing freetype...
Caching freetype...
Fetching expat-2.4.8.tar.xz from https://github.com/libexpat/libexpat/releases/download/R_2_4_8/
  % Total    % Received % Xferd  Average Speed   Time    Time     Time  Current
                                 Dload  Upload   Total   Spent    Left  Speed
  0     0    0     0    0     0      0      0 --:--:-- --:--:-- --:--:--     0  0     0    0     0    0     0      0      0 --:--:-- --:--:-- --:--:--     0
100  443k  100  443k    0     0  1140k      0 --:--:-- --:--:-- --:--:-- 1140k
/tmp/cirrus-ci-build/depends/work/download/expat-2.4.8/expat-2.4.8.tar.xz.temp: OK
Extracting expat...
/tmp/cirrus-ci-build/depends/sources/expat-2.4.8.tar.xz: OK
Preprocessing expat...
Configuring expat...

Timed out!