
C:\Users\ContainerAdministrator\AppData\Local\Temp\cirrus-ci-build>call git config --global user.email "ci@ci.ci" 

C:\Users\ContainerAdministrator\AppData\Local\Temp\cirrus-ci-build>if 0 NEQ 0 exit /b 0 

C:\Users\ContainerAdministrator\AppData\Local\Temp\cirrus-ci-build>call git config --global user.name "ci" 

C:\Users\ContainerAdministrator\AppData\Local\Temp\cirrus-ci-build>if 0 NEQ 0 exit /b 0 

C:\Users\ContainerAdministrator\AppData\Local\Temp\cirrus-ci-build>call git config core.filemode false 

C:\Users\ContainerAdministrator\AppData\Local\Temp\cirrus-ci-build>if 0 NEQ 0 exit /b 0 

C:\Users\ContainerAdministrator\AppData\Local\Temp\cirrus-ci-build>call git reset --hard 
HEAD is now at 02f9f233c doc: add release note about `/rest/deploymentinfo`

C:\Users\ContainerAdministrator\AppData\Local\Temp\cirrus-ci-build>if 0 NEQ 0 exit /b 0 

C:\Users\ContainerAdministrator\AppData\Local\Temp\cirrus-ci-build>call PowerShell -NoLogo -Command if ($env:CIRRUS_PR -ne $null) { git fetch $env:CIRRUS_REPO_CLONE_URL $env:CIRRUS_BASE_BRANCH; git merge FETCH_HEAD; } 
From https://github.com/bitcoin/bitcoin
 * branch                master     -> FETCH_HEAD
Auto-merging src/rpc/blockchain.cpp
Merge made by the 'ort' strategy.
 .cirrus.yml                                        |   38 +-
 build-aux/m4/l_atomic.m4                           |    5 +-
 build_msvc/README.md                               |   18 +-
 build_msvc/bitcoin_config.h.in                     |    4 +-
 build_msvc/common.init.vcxproj.in                  |    4 +-
 build_msvc/libsecp256k1_config.h                   |   17 -
 build_msvc/msvc-autogen.py                         |    4 +-
 ...c_host.sh => 00_setup_env_mac_native_x86_64.sh} |    0
 ci/test/06_script_a.sh                             |    7 +-
 ci/test/06_script_b.sh                             |   16 +
 ci/test/wrap-qemu.sh                               |    2 +-
 ci/test/wrap-wine.sh                               |    2 +-
 configure.ac                                       |   30 +-
 contrib/builder-keys/keys.txt                      |    1 +
 contrib/devtools/iwyu/bitcoin.core.imp             |    1 +
 contrib/devtools/symbol-check.py                   |    5 +-
 contrib/devtools/test-symbol-check.py              |    2 +-
 contrib/guix/libexec/build.sh                      |    5 +-
 contrib/guix/manifest.scm                          |   54 +-
 .../patches/elfsteem-value-error-python-39.patch   |   13 -
 contrib/guix/patches/gcc-10-remap-guix-store.patch |   25 +
 contrib/guix/patches/glibc-2.24-guix-prefix.patch  |   25 +
 contrib/guix/patches/glibc-2.27-guix-prefix.patch  |   25 +
 .../guix/patches/lief-fix-ppc64-nx-default.patch   |   29 +
 contrib/macdeploy/README.md                        |    2 +-
 contrib/seeds/asmap.py                             |    2 +-
 contrib/signet/miner                               |   12 +-
 contrib/verify-commits/trusted-keys                |    2 +-
 depends/Makefile                                   |    4 +-
 depends/config.site.in                             |    8 +-
 depends/gen_id                                     |    7 +-
 depends/hosts/linux.mk                             |    4 +
 depends/hosts/mingw32.mk                           |    4 +
 depends/hosts/netbsd.mk                            |    4 +
 depends/packages/expat.mk                          |    1 +
 depends/packages/libxkbcommon.mk                   |    5 +
 depends/packages/native_ds_store.mk                |    2 +-
 depends/packages/native_mac_alias.mk               |    2 +-
 depends/packages/qt.mk                             |    7 +-
 depends/packages/sqlite.mk                         |    6 +-
 depends/packages/systemtap.mk                      |    4 +-
 .../patches/qt/fast_fixed_dtoa_no_optimize.patch   |   20 +
 ...e_SDT_ASM_SECTION_AUTOGROUP_SUPPORT_check.patch |   22 +-
 doc/README.md                                      |    2 +-
 doc/build-netbsd.md                                |  122 +-
 doc/build-unix.md                                  |   38 +-
 doc/{ => design}/assumeutxo.md                     |    0
 doc/design/libraries.md                            |  104 ++
 doc/{ => design}/multiprocess.md                   |    0
 doc/developer-notes.md                             |   11 +-
 doc/policy/mempool-replacements.md                 |    5 +
 doc/release-notes-24148.md                         |   23 +
 doc/release-notes.md                               |    4 +
 doc/release-notes/release-notes-471.md             |    4 +
 src/.clang-tidy                                    |    2 +
 src/Makefile.am                                    |   26 +-
 src/Makefile.leveldb.include                       |    1 -
 src/Makefile.test.include                          |   12 +-
 src/Makefile.test_fuzz.include                     |    1 +
 src/bench/checkblock.cpp                           |    1 +
 src/bench/coin_selection.cpp                       |    3 +-
 src/bench/gcs_filter.cpp                           |   79 +-
 src/bench/wallet_loading.cpp                       |   77 +-
 src/bitcoin-chainstate.cpp                         |    4 +-
 src/blockfilter.cpp                                |    8 +-
 src/blockfilter.h                                  |    6 +-
 src/chain.h                                        |    2 +-
 src/coins.h                                        |    1 -
 src/compat.h                                       |    3 -
 src/consensus/consensus.h                          |    2 -
 src/dbwrapper.cpp                                  |   21 +-
 src/dbwrapper.h                                    |   37 +-
 src/fs.cpp                                         |    3 -
 src/fs.h                                           |    2 +
 src/i2p.cpp                                        |    2 +-
 src/index/base.cpp                                 |   64 +-
 src/index/base.h                                   |   24 +-
 src/index/blockfilterindex.cpp                     |   55 +-
 src/index/blockfilterindex.h                       |   14 +-
 src/index/coinstatsindex.cpp                       |   69 +-
 src/index/coinstatsindex.h                         |   10 +-
 src/index/txindex.cpp                              |   17 +-
 src/index/txindex.h                                |    4 +-
 src/init.cpp                                       |   70 +-
 src/interfaces/chain.h                             |   38 +-
 src/interfaces/wallet.h                            |   12 +-
 src/kernel/chain.cpp                               |   26 +
 src/kernel/chain.h                                 |   19 +
 src/kernel/chainstatemanager_opts.h                |    4 +
 src/kernel/mempool_limits.h                        |   30 +
 src/kernel/mempool_options.h                       |   41 +
 src/kernel/mempool_persist.cpp                     |  189 +++
 src/kernel/mempool_persist.h                       |   28 +
 src/mempool_args.cpp                               |   39 +
 src/mempool_args.h                                 |   22 +
 src/minisketch/README.md                           |    4 +-
 src/minisketch/include/minisketch.h                |    3 +-
 src/net.cpp                                        |  312 +----
 src/net.h                                          |  175 +--
 src/net_processing.cpp                             |  749 ++++++----
 src/net_processing.h                               |    9 +-
 src/node/blockstorage.cpp                          |    4 +-
 src/node/blockstorage.h                            |    4 +-
 src/node/chainstate.cpp                            |   13 +
 src/node/chainstate.h                              |    3 -
 src/node/connection_types.cpp                      |   26 +
 src/node/connection_types.h                        |   82 ++
 src/node/eviction.cpp                              |  240 ++++
 src/node/eviction.h                                |   69 +
 src/node/interfaces.cpp                            |   48 +-
 src/node/mempool_persist_args.cpp                  |   23 +
 src/node/mempool_persist_args.h                    |   25 +
 src/policy/fees.cpp                                |   16 +-
 src/policy/fees.h                                  |    4 +-
 src/policy/fees_args.cpp                           |   12 +
 src/policy/fees_args.h                             |   15 +
 src/policy/packages.h                              |    9 +
 src/policy/policy.h                                |   57 +-
 src/psbt.cpp                                       |   69 +-
 src/psbt.h                                         |  296 +++-
 src/pubkey.h                                       |    3 +
 src/qt/addresstablemodel.cpp                       |   14 +-
 src/qt/bitcoin.cpp                                 |   25 +-
 src/qt/bitcoingui.cpp                              |   40 +-
 src/qt/bitcoingui.h                                |    1 +
 src/qt/forms/sendcoinsentry.ui                     | 1437 +++-----------------
 src/qt/guiutil.cpp                                 |   33 +-
 src/qt/guiutil.h                                   |    8 +
 src/qt/intro.cpp                                   |    2 +-
 src/qt/optionsdialog.cpp                           |   26 +-
 src/qt/optionsdialog.h                             |    3 +
 src/qt/rpcconsole.cpp                              |    2 +-
 src/qt/sendcoinsentry.cpp                          |   31 +-
 src/qt/sendcoinsentry.h                            |    6 +-
 src/qt/test/optiontests.cpp                        |   10 +
 src/qt/test/optiontests.h                          |    1 +
 src/qt/test/test_main.cpp                          |    2 -
 src/qt/test/wallettests.cpp                        |    2 +-
 src/qt/utilitydialog.cpp                           |    8 +-
 src/qt/walletcontroller.cpp                        |   44 +
 src/qt/walletcontroller.h                          |   20 +
 src/qt/walletframe.cpp                             |    8 +
 src/qt/walletmodel.cpp                             |   11 +-
 src/qt/walletmodel.h                               |    1 +
 src/random.cpp                                     |    2 +-
 src/rpc/blockchain.cpp                             |   64 +-
 src/rpc/client.cpp                                 |    1 +
 src/rpc/fees.cpp                                   |    4 +-
 src/rpc/mempool.cpp                                |  176 ++-
 src/rpc/net.cpp                                    |   11 +-
 src/rpc/output_script.cpp                          |    5 -
 src/rpc/rawtransaction.cpp                         |  433 ++++--
 src/rpc/server.cpp                                 |   12 +-
 src/script/descriptor.cpp                          |  264 +++-
 src/script/miniscript.h                            |   34 +-
 src/script/sign.cpp                                |   26 +-
 src/script/sign.h                                  |    2 +
 src/script/signingprovider.cpp                     |   21 +-
 src/script/signingprovider.h                       |    5 +-
 src/script/standard.cpp                            |   17 +
 src/script/standard.h                              |    2 +
 src/support/lockedpool.cpp                         |    3 -
 src/test/blockfilter_index_tests.cpp               |   11 +-
 src/test/coinstatsindex_tests.cpp                  |   16 +-
 src/test/denialofservice_tests.cpp                 |   54 +-
 src/test/descriptor_tests.cpp                      |   32 +-
 src/test/fuzz/mempool_utils.h                      |   19 +
 src/test/fuzz/net.cpp                              |    1 -
 src/test/fuzz/node_eviction.cpp                    |    2 +
 src/test/fuzz/policy_estimator.cpp                 |    8 +-
 src/test/fuzz/policy_estimator_io.cpp              |    8 +-
 src/test/fuzz/process_message.cpp                  |    3 +-
 src/test/fuzz/process_messages.cpp                 |    3 +-
 src/test/fuzz/rbf.cpp                              |   21 +-
 src/test/fuzz/rpc.cpp                              |    1 +
 src/test/fuzz/tx_pool.cpp                          |   30 +-
 src/test/fuzz/txorphan.cpp                         |  149 ++
 src/test/fuzz/util.cpp                             |  120 +-
 src/test/fuzz/util.h                               |   13 +-
 src/test/fuzz/validation_load_mempool.cpp          |   19 +-
 src/test/mempool_tests.cpp                         |    8 +-
 src/test/miner_tests.cpp                           |    4 +-
 src/test/miniscript_tests.cpp                      |   17 +-
 src/test/net_tests.cpp                             |   18 +-
 src/test/sock_tests.cpp                            |   18 -
 src/test/txindex_tests.cpp                         |    5 +-
 src/test/util/net.cpp                              |   62 +
 src/test/util/net.h                                |   26 +-
 src/test/util/setup_common.cpp                     |   29 +-
 src/test/util/setup_common.h                       |    3 +
 src/test/util/wallet.cpp                           |    7 +-
 src/test/validation_chainstate_tests.cpp           |    4 +-
 src/txdb.cpp                                       |    6 -
 src/txdb.h                                         |    1 +
 src/txmempool.cpp                                  |   49 +-
 src/txmempool.h                                    |   63 +-
 src/univalue/include/univalue.h                    |   45 +-
 src/univalue/lib/univalue.cpp                      |   37 +-
 src/univalue/lib/univalue_get.cpp                  |   19 +-
 src/univalue/sources.mk                            |    9 +-
 src/univalue/test/.gitignore                       |    1 -
 src/univalue/test/no_nul.cpp                       |    8 -
 src/univalue/test/object.cpp                       |   74 +-
 src/univalue/test/unitester.cpp                    |    8 +
 src/util/asmap.cpp                                 |    5 +-
 src/util/bip32.cpp                                 |    7 +-
 src/util/bip32.h                                   |    1 +
 src/util/bytevectorhash.cpp                        |    2 +
 src/util/bytevectorhash.h                          |    3 +-
 src/util/designator.h                              |   21 -
 src/util/error.cpp                                 |    6 +-
 src/util/error.h                                   |    1 +
 src/util/hasher.cpp                                |    4 +-
 src/util/hasher.h                                  |    6 +
 src/util/message.cpp                               |   18 +-
 src/util/message.h                                 |    3 +-
 src/util/moneystr.cpp                              |    1 +
 src/util/readwritefile.cpp                         |    3 +-
 src/util/result.h                                  |   49 +
 src/util/serfloat.h                                |    2 +-
 src/util/sock.cpp                                  |   60 +-
 src/util/sock.h                                    |   40 +-
 src/util/spanparsing.cpp                           |    3 +-
 src/util/strencodings.cpp                          |    9 +-
 src/util/strencodings.h                            |    5 +-
 src/util/string.cpp                                |    2 +
 src/util/syserror.cpp                              |    1 +
 src/util/system.cpp                                |   62 +-
 src/util/system.h                                  |    8 +
 src/util/thread.cpp                                |    1 +
 src/util/time.cpp                                  |   11 +-
 src/util/time.h                                    |   15 +-
 src/util/translation.h                             |    2 +
 src/util/url.cpp                                   |    3 +-
 src/util/vector.h                                  |    1 +
 src/validation.cpp                                 |  223 +--
 src/validation.h                                   |   35 +-
 src/wallet/bdb.cpp                                 |    6 -
 src/wallet/coincontrol.h                           |    7 +-
 src/wallet/coinselection.cpp                       |    3 -
 src/wallet/feebumper.cpp                           |   15 +-
 src/wallet/interfaces.cpp                          |   58 +-
 src/wallet/receive.cpp                             |   33 +-
 src/wallet/rpc/addresses.cpp                       |   51 +-
 src/wallet/rpc/backup.cpp                          |   20 +-
 src/wallet/rpc/coins.cpp                           |   14 +-
 src/wallet/rpc/spend.cpp                           |   30 +-
 src/wallet/rpc/transactions.cpp                    |   81 +-
 src/wallet/scriptpubkeyman.cpp                     |   48 +-
 src/wallet/scriptpubkeyman.h                       |    7 +-
 src/wallet/spend.cpp                               |  267 ++--
 src/wallet/spend.h                                 |   45 +-
 src/wallet/test/coinselector_tests.cpp             |   40 +-
 src/wallet/test/fuzz/notifications.cpp             |   29 +-
 src/wallet/test/spend_tests.cpp                    |   15 +-
 src/wallet/test/util.cpp                           |    2 +-
 src/wallet/test/wallet_tests.cpp                   |   59 +-
 src/wallet/wallet.cpp                              |  273 ++--
 src/wallet/wallet.h                                |   56 +-
 src/wallet/walletdb.cpp                            |   41 +-
 src/wallet/walletdb.h                              |    1 +
 test/functional/data/rpc_psbt.json                 |   21 +-
 test/functional/feature_dbcrash.py                 |   16 +-
 test/functional/feature_fee_estimation.py          |    4 +-
 test/functional/feature_maxuploadtarget.py         |    2 +-
 test/functional/feature_minchainwork.py            |    2 +-
 test/functional/feature_nulldummy.py               |   65 +-
 test/functional/feature_rbf.py                     |  434 +++---
 test/functional/feature_signet.py                  |    8 +
 test/functional/interface_usdt_utxocache.py        |    3 +-
 test/functional/mempool_accept.py                  |    6 +-
 test/functional/mempool_expiry.py                  |    8 +-
 test/functional/mempool_limit.py                   |    2 +-
 test/functional/mempool_persist.py                 |   26 +-
 test/functional/mempool_reorg.py                   |    6 +-
 test/functional/mempool_unbroadcast.py             |    2 +-
 test/functional/mempool_updatefromblock.py         |   19 +-
 test/functional/mining_prioritisetransaction.py    |    8 +-
 test/functional/p2p_invalid_tx.py                  |   68 +-
 test/functional/p2p_permissions.py                 |    1 +
 test/functional/p2p_segwit.py                      |   10 +-
 test/functional/p2p_timeouts.py                    |    5 +
 test/functional/rpc_blockchain.py                  |    6 +-
 test/functional/rpc_createmultisig.py              |    6 +-
 test/functional/rpc_fundrawtransaction.py          |    2 +-
 test/functional/rpc_getblockfrompeer.py            |    9 +-
 test/functional/rpc_help.py                        |    2 +-
 test/functional/rpc_mempool_info.py                |    2 -
 test/functional/rpc_packages.py                    |  137 +-
 test/functional/rpc_psbt.py                        |   58 +-
 test/functional/rpc_rawtransaction.py              |   20 +-
 test/functional/rpc_signrawtransactionwithkey.py   |  140 ++
 test/functional/test_framework/address.py          |    7 +-
 test/functional/test_framework/blocktools.py       |   24 -
 test/functional/test_framework/key.py              |    4 +
 test/functional/test_framework/messages.py         |    2 +-
 test/functional/test_framework/script_util.py      |    5 +
 test/functional/test_framework/test_framework.py   |   12 +-
 test/functional/test_framework/util.py             |   27 +-
 test/functional/test_framework/wallet.py           |  158 ++-
 test/functional/test_runner.py                     |   11 +-
 test/functional/wallet_balance.py                  |   20 +
 test/functional/wallet_basic.py                    |    4 +-
 test/functional/wallet_bumpfee.py                  |    8 +-
 test/functional/wallet_coinbase_category.py        |    1 +
 test/functional/wallet_hd.py                       |    4 +-
 test/functional/wallet_import_rescan.py            |   57 +-
 test/functional/wallet_importdescriptors.py        |    6 +-
 test/functional/wallet_listreceivedby.py           |    5 +
 test/functional/wallet_listsinceblock.py           |    4 +-
 test/functional/wallet_miniscript.py               |   93 ++
 test/functional/wallet_multiwallet.py              |    2 +-
 ...n.py => wallet_signrawtransactionwithwallet.py} |  100 +-
 test/functional/wallet_taproot.py                  |   33 +-
 test/lint/lint-circular-dependencies.py            |    4 +
 test/sanitizer_suppressions/ubsan                  |    4 +-
 316 files changed, 6838 insertions(+), 4618 deletions(-)
 rename ci/test/{00_setup_env_mac_host.sh => 00_setup_env_mac_native_x86_64.sh} (100%)
 delete mode 100644 contrib/guix/patches/elfsteem-value-error-python-39.patch
 create mode 100644 contrib/guix/patches/gcc-10-remap-guix-store.patch
 create mode 100644 contrib/guix/patches/glibc-2.24-guix-prefix.patch
 create mode 100644 contrib/guix/patches/glibc-2.27-guix-prefix.patch
 create mode 100644 contrib/guix/patches/lief-fix-ppc64-nx-default.patch
 create mode 100644 depends/patches/qt/fast_fixed_dtoa_no_optimize.patch
 rename doc/{ => design}/assumeutxo.md (100%)
 create mode 100644 doc/design/libraries.md
 rename doc/{ => design}/multiprocess.md (100%)
 create mode 100644 doc/release-notes-24148.md
 create mode 100644 doc/release-notes/release-notes-471.md
 create mode 100644 src/kernel/chain.cpp
 create mode 100644 src/kernel/chain.h
 create mode 100644 src/kernel/mempool_limits.h
 create mode 100644 src/kernel/mempool_options.h
 create mode 100644 src/kernel/mempool_persist.cpp
 create mode 100644 src/kernel/mempool_persist.h
 create mode 100644 src/mempool_args.cpp
 create mode 100644 src/mempool_args.h
 create mode 100644 src/node/connection_types.cpp
 create mode 100644 src/node/connection_types.h
 create mode 100644 src/node/eviction.cpp
 create mode 100644 src/node/eviction.h
 create mode 100644 src/node/mempool_persist_args.cpp
 create mode 100644 src/node/mempool_persist_args.h
 create mode 100644 src/policy/fees_args.cpp
 create mode 100644 src/policy/fees_args.h
 create mode 100644 src/test/fuzz/mempool_utils.h
 create mode 100644 src/test/fuzz/txorphan.cpp
 delete mode 100644 src/univalue/test/no_nul.cpp
 delete mode 100644 src/util/designator.h
 create mode 100644 src/util/result.h
 create mode 100755 test/functional/rpc_signrawtransactionwithkey.py
 create mode 100755 test/functional/wallet_miniscript.py
 rename test/functional/{rpc_signrawtransaction.py => wallet_signrawtransactionwithwallet.py} (71%)

C:\Users\ContainerAdministrator\AppData\Local\Temp\cirrus-ci-build>if 0 NEQ 0 exit /b 0 
