
C:\Users\ContainerAdministrator\AppData\Local\Temp\cirrus-ci-build>call git config --global user.email "ci@ci.ci" 

C:\Users\ContainerAdministrator\AppData\Local\Temp\cirrus-ci-build>if 0 NEQ 0 exit /b 0 

C:\Users\ContainerAdministrator\AppData\Local\Temp\cirrus-ci-build>call git config --global user.name "ci" 

C:\Users\ContainerAdministrator\AppData\Local\Temp\cirrus-ci-build>if 0 NEQ 0 exit /b 0 

C:\Users\ContainerAdministrator\AppData\Local\Temp\cirrus-ci-build>call git config core.filemode false 

C:\Users\ContainerAdministrator\AppData\Local\Temp\cirrus-ci-build>if 0 NEQ 0 exit /b 0 

C:\Users\ContainerAdministrator\AppData\Local\Temp\cirrus-ci-build>call git reset --hard 
HEAD is now at 8edd380ae tracing: add dtrace example scripts

C:\Users\ContainerAdministrator\AppData\Local\Temp\cirrus-ci-build>if 0 NEQ 0 exit /b 0 

C:\Users\ContainerAdministrator\AppData\Local\Temp\cirrus-ci-build>call PowerShell -NoLogo -Command if ($env:CIRRUS_PR -ne $null) { git fetch $env:CIRRUS_REPO_CLONE_URL $env:CIRRUS_BASE_BRANCH; git merge FETCH_HEAD; } 
From https://github.com/bitcoin/bitcoin
 * branch                master     -> FETCH_HEAD
Auto-merging src/net_processing.cpp
Merge made by the 'ort' strategy.
 ci/test/06_script_a.sh                  |   7 +-
 contrib/signet/miner                    |  12 +-
 doc/build-unix.md                       |  23 --
 src/net_processing.cpp                  | 463 ++++++++++++++++++++------------
 src/wallet/spend.cpp                    |  11 +-
 test/functional/feature_minchainwork.py |   2 +-
 test/functional/p2p_invalid_tx.py       |  68 ++++-
 test/functional/p2p_segwit.py           |   4 +
 8 files changed, 370 insertions(+), 220 deletions(-)

C:\Users\ContainerAdministrator\AppData\Local\Temp\cirrus-ci-build>if 0 NEQ 0 exit /b 0 
