
C:\Users\ContainerAdministrator\AppData\Local\Temp\cirrus-ci-build>call git config --global user.email "ci@ci.ci" 

C:\Users\ContainerAdministrator\AppData\Local\Temp\cirrus-ci-build>if 0 NEQ 0 exit /b 0 

C:\Users\ContainerAdministrator\AppData\Local\Temp\cirrus-ci-build>call git config --global user.name "ci" 

C:\Users\ContainerAdministrator\AppData\Local\Temp\cirrus-ci-build>if 0 NEQ 0 exit /b 0 

C:\Users\ContainerAdministrator\AppData\Local\Temp\cirrus-ci-build>call git config core.filemode false 

C:\Users\ContainerAdministrator\AppData\Local\Temp\cirrus-ci-build>if 0 NEQ 0 exit /b 0 

C:\Users\ContainerAdministrator\AppData\Local\Temp\cirrus-ci-build>call git reset --hard 
HEAD is now at 4fd41af36 walletdb: Remove loading code where the database is iterated

C:\Users\ContainerAdministrator\AppData\Local\Temp\cirrus-ci-build>if 0 NEQ 0 exit /b 0 

C:\Users\ContainerAdministrator\AppData\Local\Temp\cirrus-ci-build>call PowerShell -NoLogo -Command if ($env:CIRRUS_PR -ne $null) { git fetch $env:CIRRUS_REPO_CLONE_URL $env:CIRRUS_BASE_BRANCH; git merge FETCH_HEAD; } 
From https://github.com/bitcoin/bitcoin
 * branch                master     -> FETCH_HEAD
Merge made by the 'ort' strategy.
 ci/test/06_script_a.sh                             |   7 +-
 contrib/guix/libexec/build.sh                      |   1 +
 contrib/guix/manifest.scm                          |  11 +-
 .../patches/elfsteem-value-error-python-39.patch   |  13 -
 contrib/guix/patches/glibc-2.24-guix-prefix.patch  |  25 ++
 contrib/guix/patches/glibc-2.27-guix-prefix.patch  |  25 ++
 contrib/signet/miner                               |  12 +-
 doc/build-unix.md                                  |  23 -
 src/Makefile.am                                    |   3 +-
 src/net_processing.cpp                             | 463 +++++++++++++--------
 src/rpc/blockchain.cpp                             |   6 +-
 src/wallet/spend.cpp                               |  11 +-
 test/functional/feature_dbcrash.py                 |   8 +-
 test/functional/feature_minchainwork.py            |   2 +-
 test/functional/p2p_invalid_tx.py                  |  68 ++-
 test/functional/p2p_segwit.py                      |   4 +
 test/functional/wallet_basic.py                    |   2 +-
 17 files changed, 439 insertions(+), 245 deletions(-)
 delete mode 100644 contrib/guix/patches/elfsteem-value-error-python-39.patch
 create mode 100644 contrib/guix/patches/glibc-2.24-guix-prefix.patch
 create mode 100644 contrib/guix/patches/glibc-2.27-guix-prefix.patch

C:\Users\ContainerAdministrator\AppData\Local\Temp\cirrus-ci-build>if 0 NEQ 0 exit /b 0 
