./ci/test_run_all.sh
Setting specific values in env
Fallback to default values in env (if not yet set)
CCACHE_SIZE=200M
LC_ALL=C.UTF-8
CCACHE_COMPRESS=1
CONFIG_SHELL=/bin/dash
BASE_BUILD_DIR=/tmp/cirrus-ci-build/ci/scratch/build
UBSAN_OPTIONS=suppressions=/tmp/cirrus-ci-build/test/sanitizer_suppressions/ubsan:print_stacktrace=1:halt_on_error=1:report_error_type=1
ASAN_OPTIONS=detect_stack_use_after_return=1:check_initialization_order=1:strict_init_order=1
BASE_ROOT_DIR=/tmp/cirrus-ci-build
CCACHE_DIR=/tmp/ccache_dir
DEBIAN_FRONTEND=noninteractive
BASE_SCRATCH_DIR=/tmp/cirrus-ci-build/ci/scratch
TSAN_OPTIONS=suppressions=/tmp/cirrus-ci-build/test/sanitizer_suppressions/tsan:halt_on_error=1:log_path=/tmp/cirrus-ci-build/ci/scratch/sanitizer-output/tsan
LSAN_OPTIONS=suppressions=/tmp/cirrus-ci-build/test/sanitizer_suppressions/lsan
BITCOIN_CONFIG=--enable-zmq --with-gui=qt5 --enable-reduce-exports
CCACHE_NOHASHDIR=1
BOOST_TEST_RANDOM=1
CCACHE_TEMPDIR=/tmp/.ccache-temp
BASE_OUTDIR=/tmp/cirrus-ci-build/ci/scratch/out/i686-pc-linux-gnu
PREVIOUS_RELEASES_DIR=/tmp/cirrus-ci-build/releases/i686-pc-linux-gnu
Running on host system without docker wrapper
Last metadata expiration check: 0:00:19 ago on Fri Oct 14 15:29:26 2022.
Dependencies resolved.
================================================================================
 Package               Architecture    Version            Repository       Size
================================================================================
Installing:
 epel-release          noarch          8-11.el8           extras           24 k

Transaction Summary
================================================================================
Install  1 Package

Total download size: 24 k
Installed size: 35 k
Downloading Packages:
epel-release-8-11.el8.noarch.rpm                180 kB/s |  24 kB     00:00    
--------------------------------------------------------------------------------
Total                                           102 kB/s |  24 kB     00:00     
Running transaction check
Transaction check succeeded.
Running transaction test
Transaction test succeeded.
Running transaction
  Preparing        :                                                        1/1 
  Installing       : epel-release-8-11.el8.noarch                           1/1 
  Running scriptlet: epel-release-8-11.el8.noarch                           1/1 
  Verifying        : epel-release-8-11.el8.noarch                           1/1 

Installed:
  epel-release-8-11.el8.noarch                                                  

Complete!
Extra Packages for Enterprise Linux 8 - x86_64  5.2 MB/s |  13 MB     00:02    
Extra Packages for Enterprise Linux Modular 8 - 702 kB/s | 733 kB     00:01    
Package git-2.31.1-2.el8.x86_64 is already installed.
Package which-2.21-18.el8.x86_64 is already installed.
Dependencies resolved.
=======================================================================================
 Package                  Arch    Version                              Repo        Size
=======================================================================================
Installing:
 bison                    x86_64  3.0.4-10.el8                         appstream  688 k
 ccache                   x86_64  3.7.7-1.el8                          epel       232 k
 coreutils                x86_64  8.30-13.el8                          baseos     1.2 M
 dash                     x86_64  0.5.10.2-4.el8                       epel        99 k
 gcc-c++                  x86_64  8.5.0-15.el8                         appstream   12 M
 glibc-devel              i686    2.28-214.el8                         baseos      81 k
 glibc-devel              x86_64  2.28-214.el8                         baseos      82 k
 lbzip2                   x86_64  2.5-15.20171011gitb6dc48a.el8        epel        98 k
 libstdc++-devel          i686    8.5.0-15.el8                         appstream  2.1 M
 libstdc++-devel          x86_64  8.5.0-15.el8                         appstream  2.1 M
 libtool                  x86_64  2.4.6-25.el8                         appstream  709 k
 make                     x86_64  1:4.2.1-11.el8                       baseos     498 k
 patch                    x86_64  2.7.6-11.el8                         baseos     138 k
 procps-ng                x86_64  3.3.15-9.el8                         baseos     329 k
 python3-pip              noarch  9.0.3-22.el8                         appstream   20 k
 python36                 x86_64  3.6.8-38.module_el8.5.0+895+a459eca8 appstream   19 k
 rsync                    x86_64  3.1.3-19.el8                         baseos     410 k
 xz                       x86_64  5.2.4-4.el8                          baseos     153 k
Upgrading:
 glibc                    x86_64  2.28-214.el8                         baseos     2.2 M
 glibc-common             x86_64  2.28-214.el8                         baseos     1.0 M
 glibc-minimal-langpack   x86_64  2.28-214.el8                         baseos      64 k
Installing dependencies:
 autoconf                 noarch  2.69-29.el8                          appstream  710 k
 automake                 noarch  1.16.1-7.el8                         appstream  713 k
 binutils                 x86_64  2.30-119.el8                         baseos     5.8 M
 coreutils-common         x86_64  8.30-13.el8                          baseos     2.0 M
 cpp                      x86_64  8.5.0-15.el8                         appstream   10 M
 gcc                      x86_64  8.5.0-15.el8                         appstream   23 M
 glibc                    i686    2.28-214.el8                         baseos     2.0 M
 glibc-headers            i686    2.28-214.el8                         baseos     486 k
 glibc-headers            x86_64  2.28-214.el8                         baseos     486 k
 isl                      x86_64  0.16.1-6.el8                         appstream  841 k
 kernel-headers           x86_64  4.18.0-408.el8                       baseos     9.8 M
 libgcc                   i686    8.5.0-15.el8                         baseos      88 k
 libgomp                  x86_64  8.5.0-15.el8                         baseos     207 k
 libmpc                   x86_64  1.1.0-9.1.el8                        appstream   61 k
 libpkgconf               x86_64  1.4.2-1.el8                          baseos      35 k
 libstdc++                i686    8.5.0-15.el8                         baseos     491 k
 libxcrypt                i686    4.1.1-6.el8                          baseos      74 k
 libxcrypt-devel          i686    4.1.1-6.el8                          baseos      25 k
 libxcrypt-devel          x86_64  4.1.1-6.el8                          baseos      25 k
 m4                       x86_64  1.4.18-7.el8                         baseos     223 k
 perl-Data-Dumper         x86_64  2.167-399.el8                        baseos      58 k
 perl-Thread-Queue        noarch  3.13-1.el8                           appstream   24 k
 pkgconf                  x86_64  1.4.2-1.el8                          baseos      38 k
 pkgconf-m4               noarch  1.4.2-1.el8                          baseos      17 k
 pkgconf-pkg-config       x86_64  1.4.2-1.el8                          baseos      15 k
 platform-python-pip      noarch  9.0.3-22.el8                         baseos     1.6 M
 python3-setuptools       noarch  39.2.0-6.el8                         baseos     163 k
Installing weak dependencies:
 glibc-gconv-extra        i686    2.28-214.el8                         baseos     1.6 M
 glibc-gconv-extra        x86_64  2.28-214.el8                         baseos     1.5 M
 glibc-langpack-en        x86_64  2.28-214.el8                         baseos     825 k
Removing dependent packages:
 coreutils-single         x86_64  8.30-13.el8                          @baseos    1.3 M
Downgrading:
 xz-libs                  x86_64  5.2.4-4.el8                          baseos      94 k
Enabling module streams:
 python36                         3.6                                                  

Transaction Summary
=======================================================================================
Install    48 Packages
Upgrade     3 Packages
Remove      1 Package
Downgrade   1 Package

Total download size: 88 M
Downloading Packages:
(1/52): xz-libs-5.2.4-4.el8.x86_64.rpm          278 kB/s |  94 kB     00:00    
(2/52): automake-1.16.1-7.el8.noarch.rpm        1.2 MB/s | 713 kB     00:00    
(3/52): autoconf-2.69-29.el8.noarch.rpm         1.1 MB/s | 710 kB     00:00    
(4/52): bison-3.0.4-10.el8.x86_64.rpm           1.6 MB/s | 688 kB     00:00    
(5/52): cpp-8.5.0-15.el8.x86_64.rpm             8.9 MB/s |  10 MB     00:01    
(6/52): isl-0.16.1-6.el8.x86_64.rpm             1.4 MB/s | 841 kB     00:00    
(7/52): libmpc-1.1.0-9.1.el8.x86_64.rpm         271 kB/s |  61 kB     00:00    
(8/52): gcc-c++-8.5.0-15.el8.x86_64.rpm         3.5 MB/s |  12 MB     00:03    
(9/52): libstdc++-devel-8.5.0-15.el8.x86_64.rpm 3.7 MB/s | 2.1 MB     00:00    
(10/52): gcc-8.5.0-15.el8.x86_64.rpm            5.4 MB/s |  23 MB     00:04    
(11/52): perl-Thread-Queue-3.13-1.el8.noarch.rp 139 kB/s |  24 kB     00:00    
(12/52): libtool-2.4.6-25.el8.x86_64.rpm        1.6 MB/s | 709 kB     00:00    
(13/52): python3-pip-9.0.3-22.el8.noarch.rpm    117 kB/s |  20 kB     00:00    
(14/52): python36-3.6.8-38.module_el8.5.0+895+a 116 kB/s |  19 kB     00:00    
(15/52): coreutils-8.30-13.el8.x86_64.rpm       2.3 MB/s | 1.2 MB     00:00    
(16/52): libstdc++-devel-8.5.0-15.el8.i686.rpm  624 kB/s | 2.1 MB     00:03    
(17/52): binutils-2.30-119.el8.x86_64.rpm       5.7 MB/s | 5.8 MB     00:01    
(18/52): coreutils-common-8.30-13.el8.x86_64.rp 3.0 MB/s | 2.0 MB     00:00    
(19/52): glibc-2.28-214.el8.i686.rpm            3.2 MB/s | 2.0 MB     00:00    
(20/52): glibc-devel-2.28-214.el8.i686.rpm      290 kB/s |  81 kB     00:00    
(21/52): glibc-devel-2.28-214.el8.x86_64.rpm    273 kB/s |  82 kB     00:00    
(22/52): glibc-gconv-extra-2.28-214.el8.i686.rp 3.3 MB/s | 1.6 MB     00:00    
(23/52): glibc-gconv-extra-2.28-214.el8.x86_64. 2.8 MB/s | 1.5 MB     00:00    
(24/52): glibc-headers-2.28-214.el8.i686.rpm    1.1 MB/s | 486 kB     00:00    
(25/52): glibc-headers-2.28-214.el8.x86_64.rpm  1.2 MB/s | 486 kB     00:00    
(26/52): glibc-langpack-en-2.28-214.el8.x86_64. 2.0 MB/s | 825 kB     00:00    
(27/52): libgcc-8.5.0-15.el8.i686.rpm           302 kB/s |  88 kB     00:00    
(28/52): libgomp-8.5.0-15.el8.x86_64.rpm        693 kB/s | 207 kB     00:00    
(29/52): libpkgconf-1.4.2-1.el8.x86_64.rpm      192 kB/s |  35 kB     00:00    
(30/52): libxcrypt-4.1.1-6.el8.i686.rpm         317 kB/s |  74 kB     00:00    
(31/52): libstdc++-8.5.0-15.el8.i686.rpm        1.2 MB/s | 491 kB     00:00    
(32/52): libxcrypt-devel-4.1.1-6.el8.i686.rpm   143 kB/s |  25 kB     00:00    
(33/52): libxcrypt-devel-4.1.1-6.el8.x86_64.rpm 146 kB/s |  25 kB     00:00    
(34/52): m4-1.4.18-7.el8.x86_64.rpm             667 kB/s | 223 kB     00:00    
(35/52): kernel-headers-4.18.0-408.el8.x86_64.r 7.1 MB/s | 9.8 MB     00:01    
(36/52): perl-Data-Dumper-2.167-399.el8.x86_64. 251 kB/s |  58 kB     00:00    
(37/52): make-4.2.1-11.el8.x86_64.rpm           1.0 MB/s | 498 kB     00:00    
(38/52): patch-2.7.6-11.el8.x86_64.rpm          492 kB/s | 138 kB     00:00    
(39/52): pkgconf-1.4.2-1.el8.x86_64.rpm         219 kB/s |  38 kB     00:00    
(40/52): pkgconf-m4-1.4.2-1.el8.noarch.rpm       97 kB/s |  17 kB     00:00    
(41/52): pkgconf-pkg-config-1.4.2-1.el8.x86_64.  88 kB/s |  15 kB     00:00    
(42/52): python3-setuptools-39.2.0-6.el8.noarch 558 kB/s | 163 kB     00:00    
(43/52): procps-ng-3.3.15-9.el8.x86_64.rpm      941 kB/s | 329 kB     00:00    
(44/52): platform-python-pip-9.0.3-22.el8.noarc 3.2 MB/s | 1.6 MB     00:00    
(45/52): xz-5.2.4-4.el8.x86_64.rpm              465 kB/s | 153 kB     00:00    
(46/52): rsync-3.1.3-19.el8.x86_64.rpm          1.0 MB/s | 410 kB     00:00    
(47/52): dash-0.5.10.2-4.el8.x86_64.rpm         360 kB/s |  99 kB     00:00    
(48/52): ccache-3.7.7-1.el8.x86_64.rpm          482 kB/s | 232 kB     00:00    
(49/52): lbzip2-2.5-15.20171011gitb6dc48a.el8.x 348 kB/s |  98 kB     00:00    
(50/52): glibc-minimal-langpack-2.28-214.el8.x8 289 kB/s |  64 kB     00:00    
(51/52): glibc-2.28-214.el8.x86_64.rpm          2.8 MB/s | 2.2 MB     00:00    
(52/52): glibc-common-2.28-214.el8.x86_64.rpm   580 kB/s | 1.0 MB     00:01    
--------------------------------------------------------------------------------
Total                                           7.0 MB/s |  88 MB     00:12     
Extra Packages for Enterprise Linux 8 - x86_64  1.6 MB/s | 1.6 kB     00:00    
Importing GPG key 0x2F86D6A1:
 Userid     : "Fedora EPEL (8) <epel@fedoraproject.org>"
 Fingerprint: 94E2 79EB 8D8F 25B2 1810 ADF1 21EA 45AB 2F86 D6A1
 From       : /etc/pki/rpm-gpg/RPM-GPG-KEY-EPEL-8
Key imported successfully
Running transaction check
Transaction check succeeded.
Running transaction test
Transaction test succeeded.
Running transaction
  Preparing        :                                                        1/1 
  Installing       : kernel-headers-4.18.0-408.el8.x86_64                  1/57 
  Installing       : glibc-langpack-en-2.28-214.el8.x86_64                 2/57 
  Upgrading        : glibc-common-2.28-214.el8.x86_64                      3/57 
  Running scriptlet: glibc-2.28-214.el8.x86_64                             4/57 
  Upgrading        : glibc-2.28-214.el8.x86_64                             4/57 
  Running scriptlet: glibc-2.28-214.el8.x86_64                             4/57 
  Installing       : glibc-gconv-extra-2.28-214.el8.x86_64                 5/57 
  Running scriptlet: glibc-gconv-extra-2.28-214.el8.x86_64                 5/57 
  Installing       : libmpc-1.1.0-9.1.el8.x86_64                           6/57 
  Running scriptlet: glibc-headers-2.28-214.el8.i686                       7/57 
  Installing       : glibc-headers-2.28-214.el8.i686                       7/57 
  Installing       : m4-1.4.18-7.el8.x86_64                                8/57 
  Running scriptlet: m4-1.4.18-7.el8.x86_64                                8/57 
  Installing       : cpp-8.5.0-15.el8.x86_64                               9/57 
  Running scriptlet: cpp-8.5.0-15.el8.x86_64                               9/57 
  Downgrading      : xz-libs-5.2.4-4.el8.x86_64                           10/57 
  Installing       : isl-0.16.1-6.el8.x86_64                              11/57 
  Running scriptlet: isl-0.16.1-6.el8.x86_64                              11/57 
  Running scriptlet: glibc-headers-2.28-214.el8.x86_64                    12/57 
  Installing       : glibc-headers-2.28-214.el8.x86_64                    12/57 
  Installing       : libgomp-8.5.0-15.el8.x86_64                          13/57 
  Running scriptlet: libgomp-8.5.0-15.el8.x86_64                          13/57 
  Installing       : libpkgconf-1.4.2-1.el8.x86_64                        14/57 
  Installing       : pkgconf-1.4.2-1.el8.x86_64                           15/57 
  Installing       : perl-Data-Dumper-2.167-399.el8.x86_64                16/57 
  Installing       : autoconf-2.69-29.el8.noarch                          17/57 
  Running scriptlet: autoconf-2.69-29.el8.noarch                          17/57 
  Installing       : python3-setuptools-39.2.0-6.el8.noarch               18/57 
  Installing       : platform-python-pip-9.0.3-22.el8.noarch              19/57 
  Installing       : python36-3.6.8-38.module_el8.5.0+895+a459eca8.x86_   20/57 
  Running scriptlet: python36-3.6.8-38.module_el8.5.0+895+a459eca8.x86_   20/57 
  Installing       : python3-pip-9.0.3-22.el8.noarch                      21/57 
  Installing       : pkgconf-m4-1.4.2-1.el8.noarch                        22/57 
  Installing       : pkgconf-pkg-config-1.4.2-1.el8.x86_64                23/57 
  Installing       : libxcrypt-devel-4.1.1-6.el8.x86_64                   24/57 
  Installing       : glibc-devel-2.28-214.el8.x86_64                      25/57 
  Running scriptlet: glibc-devel-2.28-214.el8.x86_64                      25/57 
  Installing       : coreutils-common-8.30-13.el8.x86_64                  26/57 
  Running scriptlet: coreutils-common-8.30-13.el8.x86_64                  26/57 
  Installing       : coreutils-8.30-13.el8.x86_64                         27/57 
  Installing       : binutils-2.30-119.el8.x86_64                         28/57 
  Running scriptlet: binutils-2.30-119.el8.x86_64                         28/57 
  Installing       : perl-Thread-Queue-3.13-1.el8.noarch                  29/57 
  Installing       : automake-1.16.1-7.el8.noarch                         30/57 
  Running scriptlet: ccache-3.7.7-1.el8.x86_64                            31/57 
  Installing       : ccache-3.7.7-1.el8.x86_64                            31/57 
  Installing       : xz-5.2.4-4.el8.x86_64                                32/57 
  Installing       : bison-3.0.4-10.el8.x86_64                            33/57 
  Running scriptlet: bison-3.0.4-10.el8.x86_64                            33/57 
  Installing       : make-1:4.2.1-11.el8.x86_64                           34/57 
  Running scriptlet: make-1:4.2.1-11.el8.x86_64                           34/57 
  Installing       : patch-2.7.6-11.el8.x86_64                            35/57 
  Installing       : procps-ng-3.3.15-9.el8.x86_64                        36/57 
  Installing       : rsync-3.1.3-19.el8.x86_64                            37/57 
  Installing       : dash-0.5.10.2-4.el8.x86_64                           38/57 
  Running scriptlet: dash-0.5.10.2-4.el8.x86_64                           38/57 
  Installing       : lbzip2-2.5-15.20171011gitb6dc48a.el8.x86_64          39/57 
  Upgrading        : glibc-minimal-langpack-2.28-214.el8.x86_64           40/57 
  Installing       : libstdc++-devel-8.5.0-15.el8.x86_64                  41/57 
  Installing       : glibc-gconv-extra-2.28-214.el8.i686                  42/57 
  Running scriptlet: glibc-gconv-extra-2.28-214.el8.i686                  42/57 
  Running scriptlet: glibc-2.28-214.el8.i686                              43/57 
  Installing       : glibc-2.28-214.el8.i686                              43/57 
  Running scriptlet: glibc-2.28-214.el8.i686                              43/57 
  Installing       : libgcc-8.5.0-15.el8.i686                             44/57 
  Running scriptlet: libgcc-8.5.0-15.el8.i686                             44/57 
  Installing       : libstdc++-8.5.0-15.el8.i686                          45/57 
  Running scriptlet: libstdc++-8.5.0-15.el8.i686                          45/57 
  Installing       : libstdc++-devel-8.5.0-15.el8.i686                    46/57 
  Installing       : libxcrypt-4.1.1-6.el8.i686                           47/57 
  Installing       : glibc-devel-2.28-214.el8.i686                        48/57 
  Running scriptlet: glibc-devel-2.28-214.el8.i686                        48/57 
  Installing       : libxcrypt-devel-4.1.1-6.el8.i686                     49/57 
  Installing       : gcc-8.5.0-15.el8.x86_64                              50/57 
  Running scriptlet: gcc-8.5.0-15.el8.x86_64                              50/57 
  Installing       : gcc-c++-8.5.0-15.el8.x86_64                          51/57 
  Running scriptlet: gcc-c++-8.5.0-15.el8.x86_64                          51/57 
  Installing       : libtool-2.4.6-25.el8.x86_64                          52/57 
  Running scriptlet: libtool-2.4.6-25.el8.x86_64                          52/57 
  Erasing          : coreutils-single-8.30-13.el8.x86_64                  53/57 
  Cleanup          : xz-libs-5.2.4-4.el8_6.x86_64                         54/57 
  Cleanup          : glibc-2.28-211.el8.x86_64                            55/57 
  Cleanup          : glibc-minimal-langpack-2.28-211.el8.x86_64           56/57 
  Cleanup          : glibc-common-2.28-211.el8.x86_64                     57/57 
  Running scriptlet: glibc-common-2.28-211.el8.x86_64                     57/57 
  Running scriptlet: glibc-common-2.28-214.el8.x86_64                     57/57 
  Verifying        : xz-libs-5.2.4-4.el8.x86_64                            1/57 
  Verifying        : xz-libs-5.2.4-4.el8_6.x86_64                          2/57 
  Verifying        : autoconf-2.69-29.el8.noarch                           3/57 
  Verifying        : automake-1.16.1-7.el8.noarch                          4/57 
  Verifying        : bison-3.0.4-10.el8.x86_64                             5/57 
  Verifying        : cpp-8.5.0-15.el8.x86_64                               6/57 
  Verifying        : gcc-8.5.0-15.el8.x86_64                               7/57 
  Verifying        : gcc-c++-8.5.0-15.el8.x86_64                           8/57 
  Verifying        : isl-0.16.1-6.el8.x86_64                               9/57 
  Verifying        : libmpc-1.1.0-9.1.el8.x86_64                          10/57 
  Verifying        : libstdc++-devel-8.5.0-15.el8.i686                    11/57 
  Verifying        : libstdc++-devel-8.5.0-15.el8.x86_64                  12/57 
  Verifying        : libtool-2.4.6-25.el8.x86_64                          13/57 
  Verifying        : perl-Thread-Queue-3.13-1.el8.noarch                  14/57 
  Verifying        : python3-pip-9.0.3-22.el8.noarch                      15/57 
  Verifying        : python36-3.6.8-38.module_el8.5.0+895+a459eca8.x86_   16/57 
  Verifying        : binutils-2.30-119.el8.x86_64                         17/57 
  Verifying        : coreutils-8.30-13.el8.x86_64                         18/57 
  Verifying        : coreutils-common-8.30-13.el8.x86_64                  19/57 
  Verifying        : glibc-2.28-214.el8.i686                              20/57 
  Verifying        : glibc-devel-2.28-214.el8.i686                        21/57 
  Verifying        : glibc-devel-2.28-214.el8.x86_64                      22/57 
  Verifying        : glibc-gconv-extra-2.28-214.el8.i686                  23/57 
  Verifying        : glibc-gconv-extra-2.28-214.el8.x86_64                24/57 
  Verifying        : glibc-headers-2.28-214.el8.i686                      25/57 
  Verifying        : glibc-headers-2.28-214.el8.x86_64                    26/57 
  Verifying        : glibc-langpack-en-2.28-214.el8.x86_64                27/57 
  Verifying        : kernel-headers-4.18.0-408.el8.x86_64                 28/57 
  Verifying        : libgcc-8.5.0-15.el8.i686                             29/57 
  Verifying        : libgomp-8.5.0-15.el8.x86_64                          30/57 
  Verifying        : libpkgconf-1.4.2-1.el8.x86_64                        31/57 
  Verifying        : libstdc++-8.5.0-15.el8.i686                          32/57 
  Verifying        : libxcrypt-4.1.1-6.el8.i686                           33/57 
  Verifying        : libxcrypt-devel-4.1.1-6.el8.i686                     34/57 
  Verifying        : libxcrypt-devel-4.1.1-6.el8.x86_64                   35/57 
  Verifying        : m4-1.4.18-7.el8.x86_64                               36/57 
  Verifying        : make-1:4.2.1-11.el8.x86_64                           37/57 
  Verifying        : patch-2.7.6-11.el8.x86_64                            38/57 
  Verifying        : perl-Data-Dumper-2.167-399.el8.x86_64                39/57 
  Verifying        : pkgconf-1.4.2-1.el8.x86_64                           40/57 
  Verifying        : pkgconf-m4-1.4.2-1.el8.noarch                        41/57 
  Verifying        : pkgconf-pkg-config-1.4.2-1.el8.x86_64                42/57 
  Verifying        : platform-python-pip-9.0.3-22.el8.noarch              43/57 
  Verifying        : procps-ng-3.3.15-9.el8.x86_64                        44/57 
  Verifying        : python3-setuptools-39.2.0-6.el8.noarch               45/57 
  Verifying        : rsync-3.1.3-19.el8.x86_64                            46/57 
  Verifying        : xz-5.2.4-4.el8.x86_64                                47/57 
  Verifying        : ccache-3.7.7-1.el8.x86_64                            48/57 
  Verifying        : dash-0.5.10.2-4.el8.x86_64                           49/57 
  Verifying        : lbzip2-2.5-15.20171011gitb6dc48a.el8.x86_64          50/57 
  Verifying        : glibc-2.28-214.el8.x86_64                            51/57 
  Verifying        : glibc-2.28-211.el8.x86_64                            52/57 
  Verifying        : glibc-common-2.28-214.el8.x86_64                     53/57 
  Verifying        : glibc-common-2.28-211.el8.x86_64                     54/57 
  Verifying        : glibc-minimal-langpack-2.28-214.el8.x86_64           55/57 
  Verifying        : glibc-minimal-langpack-2.28-211.el8.x86_64           56/57 
  Verifying        : coreutils-single-8.30-13.el8.x86_64                  57/57 

Upgraded:
  glibc-2.28-214.el8.x86_64                   glibc-common-2.28-214.el8.x86_64 
  glibc-minimal-langpack-2.28-214.el8.x86_64 
Downgraded:
  xz-libs-5.2.4-4.el8.x86_64                                                    
Installed:
  autoconf-2.69-29.el8.noarch                                                   
  automake-1.16.1-7.el8.noarch                                                  
  binutils-2.30-119.el8.x86_64                                                  
  bison-3.0.4-10.el8.x86_64                                                     
  ccache-3.7.7-1.el8.x86_64                                                     
  coreutils-8.30-13.el8.x86_64                                                  
  coreutils-common-8.30-13.el8.x86_64                                           
  cpp-8.5.0-15.el8.x86_64                                                       
  dash-0.5.10.2-4.el8.x86_64                                                    
  gcc-8.5.0-15.el8.x86_64                                                       
  gcc-c++-8.5.0-15.el8.x86_64                                                   
  glibc-2.28-214.el8.i686                                                       
  glibc-devel-2.28-214.el8.i686                                                 
  glibc-devel-2.28-214.el8.x86_64                                               
  glibc-gconv-extra-2.28-214.el8.i686                                           
  glibc-gconv-extra-2.28-214.el8.x86_64                                         
  glibc-headers-2.28-214.el8.i686                                               
  glibc-headers-2.28-214.el8.x86_64                                             
  glibc-langpack-en-2.28-214.el8.x86_64                                         
  isl-0.16.1-6.el8.x86_64                                                       
  kernel-headers-4.18.0-408.el8.x86_64                                          
  lbzip2-2.5-15.20171011gitb6dc48a.el8.x86_64                                   
  libgcc-8.5.0-15.el8.i686                                                      
  libgomp-8.5.0-15.el8.x86_64                                                   
  libmpc-1.1.0-9.1.el8.x86_64                                                   
  libpkgconf-1.4.2-1.el8.x86_64                                                 
  libstdc++-8.5.0-15.el8.i686                                                   
  libstdc++-devel-8.5.0-15.el8.i686                                             
  libstdc++-devel-8.5.0-15.el8.x86_64                                           
  libtool-2.4.6-25.el8.x86_64                                                   
  libxcrypt-4.1.1-6.el8.i686                                                    
  libxcrypt-devel-4.1.1-6.el8.i686                                              
  libxcrypt-devel-4.1.1-6.el8.x86_64                                            
  m4-1.4.18-7.el8.x86_64                                                        
  make-1:4.2.1-11.el8.x86_64                                                    
  patch-2.7.6-11.el8.x86_64                                                     
  perl-Data-Dumper-2.167-399.el8.x86_64                                         
  perl-Thread-Queue-3.13-1.el8.noarch                                           
  pkgconf-1.4.2-1.el8.x86_64                                                    
  pkgconf-m4-1.4.2-1.el8.noarch                                                 
  pkgconf-pkg-config-1.4.2-1.el8.x86_64                                         
  platform-python-pip-9.0.3-22.el8.noarch                                       
  procps-ng-3.3.15-9.el8.x86_64                                                 
  python3-pip-9.0.3-22.el8.noarch                                               
  python3-setuptools-39.2.0-6.el8.noarch                                        
  python36-3.6.8-38.module_el8.5.0+895+a459eca8.x86_64                          
  rsync-3.1.3-19.el8.x86_64                                                     
  xz-5.2.4-4.el8.x86_64                                                         
Removed:
  coreutils-single-8.30-13.el8.x86_64                                           

Complete!
WARNING: Running pip install with root privileges is generally not a good idea. Try `pip3 install --user` instead.
Collecting pyzmq
  Downloading https://files.pythonhosted.org/packages/6c/33/d68be963793bced811ed51903eacb719ed40387d31bf2dd7abf409390107/pyzmq-24.0.1-cp36-cp36m-manylinux_2_5_x86_64.manylinux1_x86_64.whl (1.1MB)
Installing collected packages: pyzmq
Successfully installed pyzmq-24.0.1
              total        used        free      shared  buff/cache   available
Mem:          125Gi       7.2Gi       2.7Gi       2.0Mi       115Gi       117Gi
Swap:            0B          0B          0B
Number of CPUs (nproc): 32
Byte Order: Little Endian
Free disk space:
Filesystem      Size  Used Avail Use% Mounted on
overlay         488G  258G  231G  53% /
tmpfs            64M     0   64M   0% /dev
tmpfs            63G     0   63G   0% /sys/fs/cgroup
/dev/sda1       488G  258G  231G  53% /tmp
tmpfs           117G     0  117G   0% /dev/shm
tmpfs            63G     0   63G   0% /proc/acpi
tmpfs            63G     0   63G   0% /proc/scsi
tmpfs            63G     0   63G   0% /sys/firmware
  % Total    % Received % Xferd  Average Speed   Time    Time     Time  Current
                                 Dload  Upload   Total   Spent    Left  Speed
  0     0    0     0    0     0      0      0 --:--:-- --:--:-- --:--:--     0  0     0    0     0    0     0      0      0 --:--:-- --:--:-- --:--:--     0
curl: (22) The requested URL returned error: 502 

Exit status: 22