./ci/test_run_all.sh
Setting specific values in env
Fallback to default values in env (if not yet set)
CCACHE_SIZE=200M
LC_ALL=C.UTF-8
CCACHE_COMPRESS=1
CONFIG_SHELL=/bin/dash
BASE_BUILD_DIR=/tmp/cirrus-ci-build/ci/scratch/build
UBSAN_OPTIONS=suppressions=/tmp/cirrus-ci-build/test/sanitizer_suppressions/ubsan:print_stacktrace=1:halt_on_error=1:report_error_type=1
ASAN_OPTIONS=detect_stack_use_after_return=1:check_initialization_order=1:strict_init_order=1
BASE_ROOT_DIR=/tmp/cirrus-ci-build
CCACHE_DIR=/tmp/ccache_dir
DEBIAN_FRONTEND=noninteractive
BASE_SCRATCH_DIR=/tmp/cirrus-ci-build/ci/scratch
TSAN_OPTIONS=suppressions=/tmp/cirrus-ci-build/test/sanitizer_suppressions/tsan:halt_on_error=1:log_path=/tmp/cirrus-ci-build/ci/scratch/sanitizer-output/tsan
LSAN_OPTIONS=suppressions=/tmp/cirrus-ci-build/test/sanitizer_suppressions/lsan
BITCOIN_CONFIG=--enable-zmq --with-gui=qt5 --enable-reduce-exports
CCACHE_NOHASHDIR=1
BOOST_TEST_RANDOM=1
CCACHE_TEMPDIR=/tmp/.ccache-temp
BASE_OUTDIR=/tmp/cirrus-ci-build/ci/scratch/out/i686-pc-linux-gnu
PREVIOUS_RELEASES_DIR=/tmp/cirrus-ci-build/releases/i686-pc-linux-gnu
Running on host system without docker wrapper
Last metadata expiration check: 0:00:19 ago on Sat Oct  1 22:06:59 2022.
Dependencies resolved.
================================================================================
 Package               Architecture    Version            Repository       Size
================================================================================
Installing:
 epel-release          noarch          8-11.el8           extras           24 k

Transaction Summary
================================================================================
Install  1 Package

Total download size: 24 k
Installed size: 35 k
Downloading Packages:
epel-release-8-11.el8.noarch.rpm                130 kB/s |  24 kB     00:00    
--------------------------------------------------------------------------------
Total                                            82 kB/s |  24 kB     00:00     
Running transaction check
Transaction check succeeded.
Running transaction test
Transaction test succeeded.
Running transaction
  Preparing        :                                                        1/1 
  Installing       : epel-release-8-11.el8.noarch                           1/1 
  Running scriptlet: epel-release-8-11.el8.noarch                           1/1 
  Verifying        : epel-release-8-11.el8.noarch                           1/1 

Installed:
  epel-release-8-11.el8.noarch                                                  

Complete!
Extra Packages for Enterprise Linux 8 - x86_64   14 MB/s |  13 MB     00:00    
Extra Packages for Enterprise Linux Modular 8 - 876 kB/s | 733 kB     00:00    
Package git-2.31.1-2.el8.x86_64 is already installed.
Package which-2.21-18.el8.x86_64 is already installed.
Dependencies resolved.
================================================================================
 Package            Arch   Version                              Repo       Size
================================================================================
Installing:
 bison              x86_64 3.0.4-10.el8                         appstream 688 k
 ccache             x86_64 3.7.7-1.el8                          epel      232 k
 coreutils          x86_64 8.30-13.el8                          baseos    1.2 M
 dash               x86_64 0.5.10.2-4.el8                       epel       99 k
 gcc-c++            x86_64 8.5.0-15.el8                         appstream  12 M
 glibc-devel        i686   2.28-211.el8                         baseos     81 k
 glibc-devel        x86_64 2.28-211.el8                         baseos     82 k
 lbzip2             x86_64 2.5-15.20171011gitb6dc48a.el8        epel       98 k
 libstdc++-devel    i686   8.5.0-15.el8                         appstream 2.1 M
 libstdc++-devel    x86_64 8.5.0-15.el8                         appstream 2.1 M
 libtool            x86_64 2.4.6-25.el8                         appstream 709 k
 make               x86_64 1:4.2.1-11.el8                       baseos    498 k
 patch              x86_64 2.7.6-11.el8                         baseos    138 k
 procps-ng          x86_64 3.3.15-9.el8                         baseos    329 k
 python3-zmq        x86_64 19.0.0-1.el8                         epel      418 k
 python36           x86_64 3.6.8-38.module_el8.5.0+895+a459eca8 appstream  19 k
 rsync              x86_64 3.1.3-19.el8                         baseos    410 k
 xz                 x86_64 5.2.4-4.el8                          baseos    153 k
Installing dependencies:
 autoconf           noarch 2.69-29.el8                          appstream 710 k
 automake           noarch 1.16.1-7.el8                         appstream 713 k
 binutils           x86_64 2.30-117.el8                         baseos    5.8 M
 coreutils-common   x86_64 8.30-13.el8                          baseos    2.0 M
 cpp                x86_64 8.5.0-15.el8                         appstream  10 M
 gcc                x86_64 8.5.0-15.el8                         appstream  23 M
 glibc              i686   2.28-211.el8                         baseos    2.0 M
 glibc-gconv-extra  x86_64 2.28-211.el8                         baseos    1.5 M
 glibc-headers      i686   2.28-211.el8                         baseos    486 k
 glibc-headers      x86_64 2.28-211.el8                         baseos    486 k
 isl                x86_64 0.16.1-6.el8                         appstream 841 k
 kernel-headers     x86_64 4.18.0-408.el8                       baseos    9.8 M
 libgcc             i686   8.5.0-15.el8                         baseos     88 k
 libgomp            x86_64 8.5.0-15.el8                         baseos    207 k
 libmpc             x86_64 1.1.0-9.1.el8                        appstream  61 k
 libpkgconf         x86_64 1.4.2-1.el8                          baseos     35 k
 libsodium          x86_64 1.0.18-2.el8                         epel      162 k
 libstdc++          i686   8.5.0-15.el8                         baseos    491 k
 libunwind          x86_64 1.3.1-3.el8                          epel       75 k
 libxcrypt          i686   4.1.1-6.el8                          baseos     74 k
 libxcrypt-devel    i686   4.1.1-6.el8                          baseos     25 k
 libxcrypt-devel    x86_64 4.1.1-6.el8                          baseos     25 k
 m4                 x86_64 1.4.18-7.el8                         baseos    223 k
 openpgm            x86_64 5.2.122-21.el8                       epel      180 k
 perl-Data-Dumper   x86_64 2.167-399.el8                        baseos     58 k
 perl-Thread-Queue  noarch 3.13-1.el8                           appstream  24 k
 pkgconf            x86_64 1.4.2-1.el8                          baseos     38 k
 pkgconf-m4         noarch 1.4.2-1.el8                          baseos     17 k
 pkgconf-pkg-config x86_64 1.4.2-1.el8                          baseos     15 k
 platform-python-pip
                    noarch 9.0.3-22.el8                         baseos    1.6 M
 python3-pip        noarch 9.0.3-22.el8                         appstream  20 k
 python3-setuptools noarch 39.2.0-6.el8                         baseos    163 k
 zeromq             x86_64 4.3.4-2.el8                          epel      479 k
Installing weak dependencies:
 glibc-gconv-extra  i686   2.28-211.el8                         appstream 1.6 M
 glibc-langpack-en  x86_64 2.28-211.el8                         baseos    825 k
Removing dependent packages:
 coreutils-single   x86_64 8.30-13.el8                          @baseos   1.3 M
Downgrading:
 xz-libs            x86_64 5.2.4-4.el8                          baseos     94 k
Enabling module streams:
 python36                  3.6                                                 

Transaction Summary
================================================================================
Install    53 Packages
Remove      1 Package
Downgrade   1 Package

Total download size: 86 M
Downloading Packages:
(1/54): xz-libs-5.2.4-4.el8.x86_64.rpm          330 kB/s |  94 kB     00:00    
(2/54): autoconf-2.69-29.el8.noarch.rpm         1.9 MB/s | 710 kB     00:00    
(3/54): automake-1.16.1-7.el8.noarch.rpm        1.9 MB/s | 713 kB     00:00    
(4/54): bison-3.0.4-10.el8.x86_64.rpm           2.1 MB/s | 688 kB     00:00    
(5/54): cpp-8.5.0-15.el8.x86_64.rpm              10 MB/s |  10 MB     00:01    
(6/54): gcc-8.5.0-15.el8.x86_64.rpm              22 MB/s |  23 MB     00:01    
(7/54): isl-0.16.1-6.el8.x86_64.rpm              10 MB/s | 841 kB     00:00    
(8/54): glibc-gconv-extra-2.28-211.el8.i686.rpm 6.6 MB/s | 1.6 MB     00:00    
(9/54): libmpc-1.1.0-9.1.el8.x86_64.rpm         485 kB/s |  61 kB     00:00    
(10/54): libstdc++-devel-8.5.0-15.el8.x86_64.rp  18 MB/s | 2.1 MB     00:00    
(11/54): gcc-c++-8.5.0-15.el8.x86_64.rpm        9.8 MB/s |  12 MB     00:01    
(12/54): libtool-2.4.6-25.el8.x86_64.rpm        8.3 MB/s | 709 kB     00:00    
(13/54): libstdc++-devel-8.5.0-15.el8.i686.rpm  7.2 MB/s | 2.1 MB     00:00    
(14/54): python36-3.6.8-38.module_el8.5.0+895+a 915 kB/s |  19 kB     00:00    
(15/54): perl-Thread-Queue-3.13-1.el8.noarch.rp 307 kB/s |  24 kB     00:00    
(16/54): python3-pip-9.0.3-22.el8.noarch.rpm    282 kB/s |  20 kB     00:00    
(17/54): coreutils-8.30-13.el8.x86_64.rpm       4.5 MB/s | 1.2 MB     00:00    
(18/54): coreutils-common-8.30-13.el8.x86_64.rp 6.9 MB/s | 2.0 MB     00:00    
(19/54): glibc-devel-2.28-211.el8.i686.rpm      2.3 MB/s |  81 kB     00:00    
(20/54): binutils-2.30-117.el8.x86_64.rpm        16 MB/s | 5.8 MB     00:00    
(21/54): glibc-devel-2.28-211.el8.x86_64.rpm    2.3 MB/s |  82 kB     00:00    
(22/54): glibc-2.28-211.el8.i686.rpm             19 MB/s | 2.0 MB     00:00    
(23/54): glibc-headers-2.28-211.el8.i686.rpm     11 MB/s | 486 kB     00:00    
(24/54): glibc-headers-2.28-211.el8.x86_64.rpm   11 MB/s | 486 kB     00:00    
(25/54): glibc-gconv-extra-2.28-211.el8.x86_64.  21 MB/s | 1.5 MB     00:00    
(26/54): glibc-langpack-en-2.28-211.el8.x86_64.  19 MB/s | 825 kB     00:00    
(27/54): libgcc-8.5.0-15.el8.i686.rpm           2.3 MB/s |  88 kB     00:00    
(28/54): libgomp-8.5.0-15.el8.x86_64.rpm        5.4 MB/s | 207 kB     00:00    
(29/54): libpkgconf-1.4.2-1.el8.x86_64.rpm      1.0 MB/s |  35 kB     00:00    
(30/54): libstdc++-8.5.0-15.el8.i686.rpm         10 MB/s | 491 kB     00:00    
(31/54): libxcrypt-4.1.1-6.el8.i686.rpm         2.0 MB/s |  74 kB     00:00    
(32/54): libxcrypt-devel-4.1.1-6.el8.i686.rpm   757 kB/s |  25 kB     00:00    
(33/54): libxcrypt-devel-4.1.1-6.el8.x86_64.rpm 713 kB/s |  25 kB     00:00    
(34/54): m4-1.4.18-7.el8.x86_64.rpm             5.7 MB/s | 223 kB     00:00    
(35/54): make-4.2.1-11.el8.x86_64.rpm            11 MB/s | 498 kB     00:00    
(36/54): patch-2.7.6-11.el8.x86_64.rpm          3.2 MB/s | 138 kB     00:00    
(37/54): perl-Data-Dumper-2.167-399.el8.x86_64. 1.6 MB/s |  58 kB     00:00    
(38/54): kernel-headers-4.18.0-408.el8.x86_64.r  33 MB/s | 9.8 MB     00:00    
(39/54): pkgconf-m4-1.4.2-1.el8.noarch.rpm      286 kB/s |  17 kB     00:00    
(40/54): pkgconf-1.4.2-1.el8.x86_64.rpm         459 kB/s |  38 kB     00:00    
(41/54): pkgconf-pkg-config-1.4.2-1.el8.x86_64. 464 kB/s |  15 kB     00:00    
(42/54): python3-setuptools-39.2.0-6.el8.noarch 4.0 MB/s | 163 kB     00:00    
(43/54): platform-python-pip-9.0.3-22.el8.noarc  21 MB/s | 1.6 MB     00:00    
(44/54): procps-ng-3.3.15-9.el8.x86_64.rpm      4.9 MB/s | 329 kB     00:00    
(45/54): rsync-3.1.3-19.el8.x86_64.rpm           10 MB/s | 410 kB     00:00    
(46/54): xz-5.2.4-4.el8.x86_64.rpm              4.2 MB/s | 153 kB     00:00    
(47/54): dash-0.5.10.2-4.el8.x86_64.rpm         451 kB/s |  99 kB     00:00    
(48/54): lbzip2-2.5-15.20171011gitb6dc48a.el8.x 441 kB/s |  98 kB     00:00    
(49/54): ccache-3.7.7-1.el8.x86_64.rpm          873 kB/s | 232 kB     00:00    
(50/54): libunwind-1.3.1-3.el8.x86_64.rpm       359 kB/s |  75 kB     00:00    
(51/54): libsodium-1.0.18-2.el8.x86_64.rpm      734 kB/s | 162 kB     00:00    
(52/54): openpgm-5.2.122-21.el8.x86_64.rpm      678 kB/s | 180 kB     00:00    
(53/54): python3-zmq-19.0.0-1.el8.x86_64.rpm    1.5 MB/s | 418 kB     00:00    
(54/54): zeromq-4.3.4-2.el8.x86_64.rpm          1.8 MB/s | 479 kB     00:00    
--------------------------------------------------------------------------------
Total                                            23 MB/s |  86 MB     00:03     
Extra Packages for Enterprise Linux 8 - x86_64  1.6 MB/s | 1.6 kB     00:00    
Importing GPG key 0x2F86D6A1:
 Userid     : "Fedora EPEL (8) <epel@fedoraproject.org>"
 Fingerprint: 94E2 79EB 8D8F 25B2 1810 ADF1 21EA 45AB 2F86 D6A1
 From       : /etc/pki/rpm-gpg/RPM-GPG-KEY-EPEL-8
Key imported successfully
Running transaction check
Transaction check succeeded.
Running transaction test
Transaction test succeeded.
Running transaction
  Preparing        :                                                        1/1 
  Installing       : kernel-headers-4.18.0-408.el8.x86_64                  1/56 
  Installing       : python3-setuptools-39.2.0-6.el8.noarch                2/56 
  Installing       : platform-python-pip-9.0.3-22.el8.noarch               3/56 
  Installing       : python36-3.6.8-38.module_el8.5.0+895+a459eca8.x86_    4/56 
  Running scriptlet: python36-3.6.8-38.module_el8.5.0+895+a459eca8.x86_    4/56 
  Installing       : python3-pip-9.0.3-22.el8.noarch                       5/56 
  Installing       : pkgconf-m4-1.4.2-1.el8.noarch                         6/56 
  Installing       : coreutils-common-8.30-13.el8.x86_64                   7/56 
  Running scriptlet: coreutils-common-8.30-13.el8.x86_64                   7/56 
  Installing       : perl-Thread-Queue-3.13-1.el8.noarch                   8/56 
  Installing       : glibc-gconv-extra-2.28-211.el8.x86_64                 9/56 
  Running scriptlet: glibc-gconv-extra-2.28-211.el8.x86_64                 9/56 
  Installing       : libstdc++-devel-8.5.0-15.el8.x86_64                  10/56 
  Installing       : libgcc-8.5.0-15.el8.i686                             11/56 
  Running scriptlet: libgcc-8.5.0-15.el8.i686                             11/56 
  Installing       : glibc-langpack-en-2.28-211.el8.x86_64                12/56 
  Running scriptlet: glibc-2.28-211.el8.i686                              13/56 
  Installing       : glibc-2.28-211.el8.i686                              13/56 
  Running scriptlet: glibc-2.28-211.el8.i686                              13/56 
  Installing       : glibc-gconv-extra-2.28-211.el8.i686                  14/56 
  Running scriptlet: glibc-gconv-extra-2.28-211.el8.i686                  14/56 
  Installing       : libmpc-1.1.0-9.1.el8.x86_64                          15/56 
  Running scriptlet: glibc-headers-2.28-211.el8.i686                      16/56 
  Installing       : glibc-headers-2.28-211.el8.i686                      16/56 
  Installing       : coreutils-8.30-13.el8.x86_64                         17/56 
  Installing       : m4-1.4.18-7.el8.x86_64                               18/56 
  Running scriptlet: m4-1.4.18-7.el8.x86_64                               18/56 
  Installing       : binutils-2.30-117.el8.x86_64                         19/56 
  Running scriptlet: binutils-2.30-117.el8.x86_64                         19/56 
  Installing       : cpp-8.5.0-15.el8.x86_64                              20/56 
  Running scriptlet: cpp-8.5.0-15.el8.x86_64                              20/56 
  Downgrading      : xz-libs-5.2.4-4.el8.x86_64                           21/56 
  Installing       : isl-0.16.1-6.el8.x86_64                              22/56 
  Running scriptlet: isl-0.16.1-6.el8.x86_64                              22/56 
  Running scriptlet: glibc-headers-2.28-211.el8.x86_64                    23/56 
  Installing       : glibc-headers-2.28-211.el8.x86_64                    23/56 
  Installing       : libgomp-8.5.0-15.el8.x86_64                          24/56 
  Running scriptlet: libgomp-8.5.0-15.el8.x86_64                          24/56 
  Installing       : libpkgconf-1.4.2-1.el8.x86_64                        25/56 
  Installing       : pkgconf-1.4.2-1.el8.x86_64                           26/56 
  Installing       : pkgconf-pkg-config-1.4.2-1.el8.x86_64                27/56 
  Installing       : glibc-devel-2.28-211.el8.x86_64                      28/56 
  Running scriptlet: glibc-devel-2.28-211.el8.x86_64                      28/56 
  Installing       : libxcrypt-devel-4.1.1-6.el8.x86_64                   29/56 
  Installing       : perl-Data-Dumper-2.167-399.el8.x86_64                30/56 
  Installing       : autoconf-2.69-29.el8.noarch                          31/56 
  Running scriptlet: autoconf-2.69-29.el8.noarch                          31/56 
  Installing       : automake-1.16.1-7.el8.noarch                         32/56 
  Installing       : libsodium-1.0.18-2.el8.x86_64                        33/56 
  Installing       : libunwind-1.3.1-3.el8.x86_64                         34/56 
  Installing       : openpgm-5.2.122-21.el8.x86_64                        35/56 
  Installing       : zeromq-4.3.4-2.el8.x86_64                            36/56 
  Installing       : python3-zmq-19.0.0-1.el8.x86_64                      37/56 
  Installing       : xz-5.2.4-4.el8.x86_64                                38/56 
  Installing       : bison-3.0.4-10.el8.x86_64                            39/56 
  Running scriptlet: bison-3.0.4-10.el8.x86_64                            39/56 
  Running scriptlet: ccache-3.7.7-1.el8.x86_64                            40/56 
  Installing       : ccache-3.7.7-1.el8.x86_64                            40/56 
  Installing       : make-1:4.2.1-11.el8.x86_64                           41/56 
  Running scriptlet: make-1:4.2.1-11.el8.x86_64                           41/56 
  Installing       : patch-2.7.6-11.el8.x86_64                            42/56 
  Installing       : procps-ng-3.3.15-9.el8.x86_64                        43/56 
  Installing       : rsync-3.1.3-19.el8.x86_64                            44/56 
  Installing       : dash-0.5.10.2-4.el8.x86_64                           45/56 
  Running scriptlet: dash-0.5.10.2-4.el8.x86_64                           45/56 
  Installing       : lbzip2-2.5-15.20171011gitb6dc48a.el8.x86_64          46/56 
  Installing       : libstdc++-8.5.0-15.el8.i686                          47/56 
  Running scriptlet: libstdc++-8.5.0-15.el8.i686                          47/56 
  Installing       : libstdc++-devel-8.5.0-15.el8.i686                    48/56 
  Installing       : libxcrypt-4.1.1-6.el8.i686                           49/56 
  Installing       : glibc-devel-2.28-211.el8.i686                        50/56 
  Running scriptlet: glibc-devel-2.28-211.el8.i686                        50/56 
  Installing       : libxcrypt-devel-4.1.1-6.el8.i686                     51/56 
  Installing       : gcc-8.5.0-15.el8.x86_64                              52/56 
  Running scriptlet: gcc-8.5.0-15.el8.x86_64                              52/56 
  Installing       : gcc-c++-8.5.0-15.el8.x86_64                          53/56 
  Running scriptlet: gcc-c++-8.5.0-15.el8.x86_64                          53/56 
  Installing       : libtool-2.4.6-25.el8.x86_64                          54/56 
  Running scriptlet: libtool-2.4.6-25.el8.x86_64                          54/56 
  Erasing          : coreutils-single-8.30-13.el8.x86_64                  55/56 
  Cleanup          : xz-libs-5.2.4-4.el8_6.x86_64                         56/56 
  Running scriptlet: xz-libs-5.2.4-4.el8_6.x86_64                         56/56 
  Verifying        : xz-libs-5.2.4-4.el8.x86_64                            1/56 
  Verifying        : xz-libs-5.2.4-4.el8_6.x86_64                          2/56 
  Verifying        : autoconf-2.69-29.el8.noarch                           3/56 
  Verifying        : automake-1.16.1-7.el8.noarch                          4/56 
  Verifying        : bison-3.0.4-10.el8.x86_64                             5/56 
  Verifying        : cpp-8.5.0-15.el8.x86_64                               6/56 
  Verifying        : gcc-8.5.0-15.el8.x86_64                               7/56 
  Verifying        : gcc-c++-8.5.0-15.el8.x86_64                           8/56 
  Verifying        : glibc-gconv-extra-2.28-211.el8.i686                   9/56 
  Verifying        : isl-0.16.1-6.el8.x86_64                              10/56 
  Verifying        : libmpc-1.1.0-9.1.el8.x86_64                          11/56 
  Verifying        : libstdc++-devel-8.5.0-15.el8.i686                    12/56 
  Verifying        : libstdc++-devel-8.5.0-15.el8.x86_64                  13/56 
  Verifying        : libtool-2.4.6-25.el8.x86_64                          14/56 
  Verifying        : perl-Thread-Queue-3.13-1.el8.noarch                  15/56 
  Verifying        : python3-pip-9.0.3-22.el8.noarch                      16/56 
  Verifying        : python36-3.6.8-38.module_el8.5.0+895+a459eca8.x86_   17/56 
  Verifying        : binutils-2.30-117.el8.x86_64                         18/56 
  Verifying        : coreutils-8.30-13.el8.x86_64                         19/56 
  Verifying        : coreutils-common-8.30-13.el8.x86_64                  20/56 
  Verifying        : glibc-2.28-211.el8.i686                              21/56 
  Verifying        : glibc-devel-2.28-211.el8.i686                        22/56 
  Verifying        : glibc-devel-2.28-211.el8.x86_64                      23/56 
  Verifying        : glibc-gconv-extra-2.28-211.el8.x86_64                24/56 
  Verifying        : glibc-headers-2.28-211.el8.i686                      25/56 
  Verifying        : glibc-headers-2.28-211.el8.x86_64                    26/56 
  Verifying        : glibc-langpack-en-2.28-211.el8.x86_64                27/56 
  Verifying        : kernel-headers-4.18.0-408.el8.x86_64                 28/56 
  Verifying        : libgcc-8.5.0-15.el8.i686                             29/56 
  Verifying        : libgomp-8.5.0-15.el8.x86_64                          30/56 
  Verifying        : libpkgconf-1.4.2-1.el8.x86_64                        31/56 
  Verifying        : libstdc++-8.5.0-15.el8.i686                          32/56 
  Verifying        : libxcrypt-4.1.1-6.el8.i686                           33/56 
  Verifying        : libxcrypt-devel-4.1.1-6.el8.i686                     34/56 
  Verifying        : libxcrypt-devel-4.1.1-6.el8.x86_64                   35/56 
  Verifying        : m4-1.4.18-7.el8.x86_64                               36/56 
  Verifying        : make-1:4.2.1-11.el8.x86_64                           37/56 
  Verifying        : patch-2.7.6-11.el8.x86_64                            38/56 
  Verifying        : perl-Data-Dumper-2.167-399.el8.x86_64                39/56 
  Verifying        : pkgconf-1.4.2-1.el8.x86_64                           40/56 
  Verifying        : pkgconf-m4-1.4.2-1.el8.noarch                        41/56 
  Verifying        : pkgconf-pkg-config-1.4.2-1.el8.x86_64                42/56 
  Verifying        : platform-python-pip-9.0.3-22.el8.noarch              43/56 
  Verifying        : procps-ng-3.3.15-9.el8.x86_64                        44/56 
  Verifying        : python3-setuptools-39.2.0-6.el8.noarch               45/56 
  Verifying        : rsync-3.1.3-19.el8.x86_64                            46/56 
  Verifying        : xz-5.2.4-4.el8.x86_64                                47/56 
  Verifying        : ccache-3.7.7-1.el8.x86_64                            48/56 
  Verifying        : dash-0.5.10.2-4.el8.x86_64                           49/56 
  Verifying        : lbzip2-2.5-15.20171011gitb6dc48a.el8.x86_64          50/56 
  Verifying        : libsodium-1.0.18-2.el8.x86_64                        51/56 
  Verifying        : libunwind-1.3.1-3.el8.x86_64                         52/56 
  Verifying        : openpgm-5.2.122-21.el8.x86_64                        53/56 
  Verifying        : python3-zmq-19.0.0-1.el8.x86_64                      54/56 
  Verifying        : zeromq-4.3.4-2.el8.x86_64                            55/56 
  Verifying        : coreutils-single-8.30-13.el8.x86_64                  56/56 

Downgraded:
  xz-libs-5.2.4-4.el8.x86_64                                                    
Installed:
  autoconf-2.69-29.el8.noarch                                                   
  automake-1.16.1-7.el8.noarch                                                  
  binutils-2.30-117.el8.x86_64                                                  
  bison-3.0.4-10.el8.x86_64                                                     
  ccache-3.7.7-1.el8.x86_64                                                     
  coreutils-8.30-13.el8.x86_64                                                  
  coreutils-common-8.30-13.el8.x86_64                                           
  cpp-8.5.0-15.el8.x86_64                                                       
  dash-0.5.10.2-4.el8.x86_64                                                    
  gcc-8.5.0-15.el8.x86_64                                                       
  gcc-c++-8.5.0-15.el8.x86_64                                                   
  glibc-2.28-211.el8.i686                                                       
  glibc-devel-2.28-211.el8.i686                                                 
  glibc-devel-2.28-211.el8.x86_64                                               
  glibc-gconv-extra-2.28-211.el8.i686                                           
  glibc-gconv-extra-2.28-211.el8.x86_64                                         
  glibc-headers-2.28-211.el8.i686                                               
  glibc-headers-2.28-211.el8.x86_64                                             
  glibc-langpack-en-2.28-211.el8.x86_64                                         
  isl-0.16.1-6.el8.x86_64                                                       
  kernel-headers-4.18.0-408.el8.x86_64                                          
  lbzip2-2.5-15.20171011gitb6dc48a.el8.x86_64                                   
  libgcc-8.5.0-15.el8.i686                                                      
  libgomp-8.5.0-15.el8.x86_64                                                   
  libmpc-1.1.0-9.1.el8.x86_64                                                   
  libpkgconf-1.4.2-1.el8.x86_64                                                 
  libsodium-1.0.18-2.el8.x86_64                                                 
  libstdc++-8.5.0-15.el8.i686                                                   
  libstdc++-devel-8.5.0-15.el8.i686                                             
  libstdc++-devel-8.5.0-15.el8.x86_64                                           
  libtool-2.4.6-25.el8.x86_64                                                   
  libunwind-1.3.1-3.el8.x86_64                                                  
  libxcrypt-4.1.1-6.el8.i686                                                    
  libxcrypt-devel-4.1.1-6.el8.i686                                              
  libxcrypt-devel-4.1.1-6.el8.x86_64                                            
  m4-1.4.18-7.el8.x86_64                                                        
  make-1:4.2.1-11.el8.x86_64                                                    
  openpgm-5.2.122-21.el8.x86_64                                                 
  patch-2.7.6-11.el8.x86_64                                                     
  perl-Data-Dumper-2.167-399.el8.x86_64                                         
  perl-Thread-Queue-3.13-1.el8.noarch                                           
  pkgconf-1.4.2-1.el8.x86_64                                                    
  pkgconf-m4-1.4.2-1.el8.noarch                                                 
  pkgconf-pkg-config-1.4.2-1.el8.x86_64                                         
  platform-python-pip-9.0.3-22.el8.noarch                                       
  procps-ng-3.3.15-9.el8.x86_64                                                 
  python3-pip-9.0.3-22.el8.noarch                                               
  python3-setuptools-39.2.0-6.el8.noarch                                        
  python3-zmq-19.0.0-1.el8.x86_64                                               
  python36-3.6.8-38.module_el8.5.0+895+a459eca8.x86_64                          
  rsync-3.1.3-19.el8.x86_64                                                     
  xz-5.2.4-4.el8.x86_64                                                         
  zeromq-4.3.4-2.el8.x86_64                                                     
Removed:
  coreutils-single-8.30-13.el8.x86_64                                           

Complete!
              total        used        free      shared  buff/cache   available
Mem:          125Gi       8.2Gi        28Gi       3.0Mi        88Gi       116Gi
Swap:            0B          0B          0B
Number of CPUs (nproc): 32
Byte Order: Little Endian
Free disk space:
Filesystem      Size  Used Avail Use% Mounted on
overlay         488G  255G  234G  53% /
tmpfs            64M     0   64M   0% /dev
tmpfs            63G     0   63G   0% /sys/fs/cgroup
/dev/sda1       488G  255G  234G  53% /tmp
tmpfs           117G     0  117G   0% /dev/shm
tmpfs            63G     0   63G   0% /proc/acpi
tmpfs            63G     0   63G   0% /proc/scsi
tmpfs            63G     0   63G   0% /sys/firmware
  % Total    % Received % Xferd  Average Speed   Time    Time     Time  Current
                                 Dload  Upload   Total   Spent    Left  Speed
  0     0    0     0    0     0      0      0 --:--:-- --:--:-- --:--:--     0  0     0    0     0    0     0      0      0 --:--:-- --:--:-- --:--:--     0  0     0    0     0    0     0      0      0 --:--:-- --:--:-- --:--:--     0
100 9025k  100 9025k    0     0  15.1M      0 --:--:-- --:--:-- --:--:-- 15.1M
make: Entering directory '/tmp/cirrus-ci-build/depends'
copying packages: boost libevent qt expat libxcb xcb_proto libXau xproto freetype fontconfig libxkbcommon libxcb_util libxcb_util_render libxcb_util_keysyms libxcb_util_image libxcb_util_wm qrencode bdb sqlite miniupnpc libnatpmp systemtap zeromq
to: /tmp/cirrus-ci-build/depends/i686-pc-linux-gnu

Timed out!