
C:\Users\ContainerAdministrator\AppData\Local\Temp\cirrus-ci-build>call git config --global user.email "ci@ci.ci" 

C:\Users\ContainerAdministrator\AppData\Local\Temp\cirrus-ci-build>if 0 NEQ 0 exit /b 0 

C:\Users\ContainerAdministrator\AppData\Local\Temp\cirrus-ci-build>call git config --global user.name "ci" 

C:\Users\ContainerAdministrator\AppData\Local\Temp\cirrus-ci-build>if 0 NEQ 0 exit /b 0 

C:\Users\ContainerAdministrator\AppData\Local\Temp\cirrus-ci-build>call git config core.filemode false 

C:\Users\ContainerAdministrator\AppData\Local\Temp\cirrus-ci-build>if 0 NEQ 0 exit /b 0 

C:\Users\ContainerAdministrator\AppData\Local\Temp\cirrus-ci-build>call git reset --hard 
HEAD is now at 6c5af6257 Bugfix: Wallet: Return util::Error rather than non-error nullptr when CreateWallet/LoadWallet/RestoreWallet fail

C:\Users\ContainerAdministrator\AppData\Local\Temp\cirrus-ci-build>if 0 NEQ 0 exit /b 0 

C:\Users\ContainerAdministrator\AppData\Local\Temp\cirrus-ci-build>call PowerShell -NoLogo -Command if ($env:CIRRUS_PR -ne $null) { git fetch $env:CIRRUS_REPO_CLONE_URL $env:CIRRUS_BASE_BRANCH; git merge FETCH_HEAD; } 
From https://github.com/bitcoin/bitcoin
 * branch                master     -> FETCH_HEAD
Auto-merging src/wallet/interfaces.cpp
Auto-merging src/wallet/wallet.cpp
Merge made by the 'ort' strategy.
 .cirrus.yml                                        |    6 +-
 Makefile.am                                        |    2 +
 SECURITY.md                                        |    2 +-
 build-aux/m4/ax_boost_base.m4                      |   14 +-
 build_msvc/common.init.vcxproj.in                  |    2 +-
 ci/test/06_script_b.sh                             |    1 +
 configure.ac                                       |   33 +-
 contrib/guix/INSTALL.md                            |    4 +-
 contrib/guix/README.md                             |    2 +-
 contrib/guix/libexec/build.sh                      |    3 +-
 contrib/guix/manifest.scm                          |   33 +-
 contrib/guix/patches/glibc-2.24-guix-prefix.patch  |    2 +-
 contrib/guix/patches/glibc-2.27-guix-prefix.patch  |    2 +-
 contrib/message-capture/message-capture-parser.py  |    3 +-
 contrib/seeds/makeseeds.py                         |    7 +-
 contrib/seeds/nodes_main.txt                       | 1502 ++++++-----
 contrib/seeds/nodes_main_manual.txt                |   77 +-
 contrib/seeds/nodes_test.txt                       |   99 +-
 depends/hosts/default.mk                           |    3 +-
 depends/packages/libevent.mk                       |    3 +-
 depends/packages/qt.mk                             |   32 +-
 depends/patches/qt/guix_cross_lib_path.patch       |    2 +-
 doc/README.md                                      |    1 -
 doc/bitcoin-conf.md                                |    2 +
 doc/build-osx.md                                   |    8 -
 doc/descriptors.md                                 |    7 +-
 doc/design/assumeutxo.md                           |    4 +-
 doc/developer-notes.md                             |   10 +-
 doc/i2p.md                                         |   26 +-
 doc/managing-wallets.md                            |   27 +-
 doc/policy/packages.md                             |    2 +-
 doc/release-notes-15936.md                         |   15 -
 doc/release-notes-24098.md                         |   22 -
 doc/release-notes-24118.md                         |   10 -
 doc/release-notes-24148.md                         |   23 -
 doc/release-notes-24198.md                         |    6 -
 doc/release-notes-24494.md                         |    2 -
 doc/release-notes-25610.md                         |   12 -
 doc/release-notes.md                               |  124 -
 doc/release-notes/release-notes-24408.md           |    5 -
 doc/release-notes/release-notes-471.md             |    4 -
 share/setup.nsi.in                                 |    9 +-
 src/.clang-tidy                                    |   11 +
 src/Makefile.am                                    |   24 +-
 src/Makefile.bench.include                         |   12 +-
 src/Makefile.qt.include                            |    2 +-
 src/Makefile.qttest.include                        |    2 +-
 src/Makefile.test.include                          |   21 +-
 src/Makefile.test_fuzz.include                     |    2 +-
 src/Makefile.test_util.include                     |    2 +-
 src/addrdb.cpp                                     |    4 +-
 src/banman.cpp                                     |    8 +-
 src/bench/coin_selection.cpp                       |    2 +-
 src/bench/descriptors.cpp                          |   30 +
 src/bitcoin-chainstate.cpp                         |   17 +-
 src/bitcoin-cli.cpp                                |    2 +-
 src/bitcoin-tx.cpp                                 |    3 +-
 src/blockfilter.cpp                                |   18 +-
 src/blockfilter.h                                  |   11 +-
 src/chain.cpp                                      |   47 +-
 src/chain.h                                        |   16 +-
 src/chainparams.cpp                                |   40 +-
 src/chainparamsseeds.h                             | 1174 +++++----
 src/coins.cpp                                      |    2 +-
 src/consensus/params.h                             |    5 +
 src/consensus/validation.h                         |    1 +
 src/core_read.cpp                                  |    2 +-
 src/crc32c/CMakeLists.txt                          |    7 +-
 src/external_signer.cpp                            |    2 +-
 src/fs.cpp                                         |    2 +-
 src/fs.h                                           |    4 +
 src/hash.cpp                                       |    2 +-
 src/headerssync.cpp                                |  317 +++
 src/headerssync.h                                  |  277 +++
 src/httpserver.cpp                                 |    6 +-
 src/i2p.cpp                                        |   64 +-
 src/i2p.h                                          |   19 +
 src/index/base.cpp                                 |    7 +-
 src/index/base.h                                   |   11 +-
 src/index/blockfilterindex.cpp                     |    4 +-
 src/index/blockfilterindex.h                       |    6 +-
 src/index/coinstatsindex.cpp                       |    9 +-
 src/index/coinstatsindex.h                         |   14 +-
 src/index/txindex.cpp                              |    2 +-
 src/index/txindex.h                                |    2 -
 src/init.cpp                                       |   73 +-
 src/init/common.cpp                                |   28 +-
 src/init/common.h                                  |    1 +
 src/interfaces/node.h                              |    2 +-
 src/kernel/chainstatemanager_opts.h                |    4 +-
 src/kernel/mempool_persist.cpp                     |    2 +-
 src/kernel/mempool_persist.h                       |    4 +-
 src/key.cpp                                        |    1 +
 src/key.h                                          |    4 +-
 src/logging.cpp                                    |   85 +-
 src/logging.h                                      |   55 +-
 src/net.cpp                                        |  130 +-
 src/net.h                                          |   60 +-
 src/net_processing.cpp                             |  517 +++-
 src/net_processing.h                               |    1 +
 src/netbase.cpp                                    |    6 +-
 src/node/blockstorage.cpp                          |    4 +-
 src/node/blockstorage.h                            |    6 +-
 src/node/chainstate.cpp                            |   25 +-
 src/node/interface_ui.cpp                          |    2 +-
 src/node/interface_ui.h                            |    2 +-
 src/node/interfaces.cpp                            |   10 +-
 src/node/mempool_args.cpp                          |    3 +-
 src/node/miner.cpp                                 |    8 +-
 src/node/miner.h                                   |    6 +-
 src/node/utxo_snapshot.h                           |    2 +-
 src/outputtype.cpp                                 |   12 +-
 src/outputtype.h                                   |    1 +
 src/policy/policy.h                                |    2 +-
 src/policy/rbf.cpp                                 |   12 +-
 src/policy/rbf.h                                   |   30 +-
 src/pow.cpp                                        |   51 +
 src/pow.h                                          |   14 +
 src/primitives/block.h                             |    8 +-
 src/protocol.cpp                                   |    7 +-
 src/psbt.h                                         |    3 +
 src/pubkey.cpp                                     |    1 +
 src/pubkey.h                                       |    4 +-
 src/qt/bitcoin.cpp                                 |    2 +
 src/qt/bitcoingui.cpp                              |   28 +-
 src/qt/bitcoingui.h                                |    5 +-
 src/qt/bitcoinstrings.cpp                          |   49 +-
 src/qt/clientmodel.cpp                             |   18 +-
 src/qt/clientmodel.h                               |   10 +-
 src/qt/forms/intro.ui                              |    2 +-
 src/qt/guiutil.cpp                                 |    2 +-
 src/qt/locale/bitcoin_en.ts                        |  230 +-
 src/qt/locale/bitcoin_en.xlf                       | 2628 ++++++++++----------
 src/qt/modaloverlay.cpp                            |   12 +-
 src/qt/modaloverlay.h                              |    3 +-
 src/qt/overviewpage.cpp                            |   23 +-
 src/qt/overviewpage.h                              |    1 -
 src/qt/rpcconsole.cpp                              |   10 +-
 src/qt/rpcconsole.h                                |    4 +-
 src/qt/sendcoinsdialog.cpp                         |   14 +-
 src/qt/sendcoinsdialog.h                           |    6 +-
 src/qt/splashscreen.cpp                            |    2 +-
 src/qt/test/wallettests.cpp                        |   32 +-
 src/qt/walletcontroller.cpp                        |    4 +
 src/qt/walletmodel.cpp                             |   20 +-
 src/qt/walletmodel.h                               |    7 +
 src/rest.cpp                                       |   14 +-
 src/rpc/blockchain.cpp                             |   22 +-
 src/rpc/blockchain.h                               |    4 +-
 src/rpc/client.cpp                                 |    1 +
 src/rpc/mempool.cpp                                |    8 +-
 src/rpc/mining.cpp                                 |   26 +-
 src/rpc/net.cpp                                    |    6 +-
 src/rpc/rawtransaction.cpp                         |    2 +-
 src/rpc/rawtransaction_util.cpp                    |    4 +-
 src/rpc/server.cpp                                 |    2 -
 src/rpc/txoutproof.cpp                             |    2 +-
 src/rpc/util.cpp                                   |    5 +-
 src/script/descriptor.cpp                          |   27 +-
 src/script/interpreter.h                           |    4 +-
 src/script/sign.cpp                                |   24 +-
 src/script/sign.h                                  |    8 +-
 src/script/signingprovider.cpp                     |   22 +-
 src/script/signingprovider.h                       |    5 +-
 src/sync.h                                         |    2 +-
 src/test/base58_tests.cpp                          |    4 +-
 src/test/bip32_tests.cpp                           |   18 +
 src/test/blockfilter_index_tests.cpp               |    8 +-
 src/test/blockfilter_tests.cpp                     |    2 +-
 src/test/coinstatsindex_tests.cpp                  |   13 +-
 src/test/denialofservice_tests.cpp                 |    1 -
 src/test/descriptor_tests.cpp                      |  125 +-
 src/test/fuzz/bitdeque.cpp                         |  542 ++++
 src/test/fuzz/key.cpp                              |    2 -
 src/test/fuzz/mempool_utils.h                      |    2 +-
 src/test/fuzz/pow.cpp                              |   37 +
 src/test/fuzz/script.cpp                           |    1 -
 src/test/fuzz/tx_pool.cpp                          |    4 +-
 src/test/fuzz/txorphan.cpp                         |    1 -
 src/test/fuzz/util.cpp                             |    1 -
 src/test/fuzz/util.h                               |    7 +-
 src/test/fuzz/utxo_snapshot.cpp                    |    2 +-
 src/test/headers_sync_chainwork_tests.cpp          |  146 ++
 src/test/i2p_tests.cpp                             |    6 +-
 src/test/interfaces_tests.cpp                      |    6 +-
 src/test/key_io_tests.cpp                          |    6 +-
 src/test/logging_tests.cpp                         |  125 +-
 src/test/miner_tests.cpp                           |   12 +-
 src/test/net_tests.cpp                             |    2 +-
 src/test/pow_tests.cpp                             |   27 +-
 src/test/rbf_tests.cpp                             |    2 +-
 src/test/script_tests.cpp                          |    2 +-
 src/test/sighash_tests.cpp                         |    2 +-
 src/test/skiplist_tests.cpp                        |    2 +-
 src/test/transaction_tests.cpp                     |    8 +-
 src/test/util/chainstate.h                         |    7 +-
 src/test/util/mining.cpp                           |    2 +-
 src/test/util/net.cpp                              |    2 -
 src/test/util/net.h                                |    1 -
 src/test/util/setup_common.cpp                     |    7 +-
 src/test/util/setup_common.h                       |    4 +-
 src/test/util/validation.h                         |    2 +-
 src/test/util_tests.cpp                            |   35 +-
 src/test/validation_block_tests.cpp                |   17 +-
 src/test/validation_chainstate_tests.cpp           |   21 +-
 src/test/validation_chainstatemanager_tests.cpp    |   38 +-
 src/test/validation_flush_tests.cpp                |   13 +-
 src/threadinterrupt.h                              |    1 +
 src/timedata.cpp                                   |    4 +-
 src/timedata.h                                     |    2 +-
 src/txmempool.cpp                                  |   48 +-
 src/txmempool.h                                    |    4 +-
 src/uint256.h                                      |   11 +-
 src/univalue/include/univalue.h                    |    8 +-
 src/univalue/lib/univalue.cpp                      |   20 +-
 src/util/bip32.cpp                                 |    2 -
 src/util/bitdeque.h                                |  469 ++++
 src/util/message.cpp                               |    1 -
 src/util/strencodings.cpp                          |    1 -
 src/util/string.cpp                                |    8 +-
 src/util/string.h                                  |   39 +-
 src/util/system.cpp                                |   10 +-
 src/util/system.h                                  |    2 +-
 src/util/thread.cpp                                |    6 +-
 src/util/thread.h                                  |    3 +-
 src/validation.cpp                                 |  240 +-
 src/validation.h                                   |  114 +-
 src/wallet/bdb.cpp                                 |   10 +-
 src/wallet/coinselection.cpp                       |   59 +-
 src/wallet/coinselection.h                         |   48 +-
 src/wallet/external_signer_scriptpubkeyman.cpp     |    3 +-
 src/wallet/feebumper.cpp                           |   98 +-
 src/wallet/feebumper.h                             |   66 +-
 src/wallet/interfaces.cpp                          |    2 +-
 src/wallet/load.cpp                                |    2 +-
 src/wallet/receive.cpp                             |    8 +-
 src/wallet/receive.h                               |    3 +-
 src/wallet/rpc/addresses.cpp                       |    2 +-
 src/wallet/rpc/backup.cpp                          |   67 +-
 src/wallet/rpc/coins.cpp                           |    6 +-
 src/wallet/rpc/spend.cpp                           |   59 +-
 src/wallet/rpc/transactions.cpp                    |   25 +-
 src/wallet/rpc/util.cpp                            |   18 +-
 src/wallet/rpc/util.h                              |    4 +
 src/wallet/rpc/wallet.cpp                          |   54 +
 src/wallet/scriptpubkeyman.cpp                     |  358 ++-
 src/wallet/scriptpubkeyman.h                       |   14 +-
 src/wallet/spend.cpp                               |  300 ++-
 src/wallet/spend.h                                 |   22 +-
 src/wallet/test/availablecoins_tests.cpp           |   14 +-
 src/wallet/test/coinselector_tests.cpp             |  125 +-
 src/wallet/test/feebumper_tests.cpp                |   54 +
 src/wallet/test/fuzz/coinselection.cpp             |    8 +-
 src/wallet/test/ismine_tests.cpp                   |   37 +
 src/wallet/test/spend_tests.cpp                    |    2 +-
 src/wallet/test/wallet_tests.cpp                   |   26 +-
 src/wallet/test/walletload_tests.cpp               |   54 +
 src/wallet/transaction.h                           |    7 +
 src/wallet/wallet.cpp                              |  668 ++++-
 src/wallet/wallet.h                                |   44 +-
 src/wallet/walletdb.cpp                            |   73 +-
 src/wallet/walletdb.h                              |    9 +-
 src/wallet/wallettool.cpp                          |    2 +-
 src/wallet/walletutil.h                            |   14 +
 src/zmq/zmqnotificationinterface.cpp               |    2 +-
 src/zmq/zmqpublishnotifier.cpp                     |    1 -
 test/functional/README.md                          |    4 +-
 test/functional/data/rpc_psbt.json                 |    6 +
 test/functional/example_test.py                    |   11 +-
 test/functional/feature_block.py                   |    2 +-
 test/functional/feature_config_args.py             |    3 +-
 test/functional/feature_proxy.py                   |   21 +-
 test/functional/feature_rbf.py                     |    4 +-
 test/functional/mempool_accept.py                  |    2 +-
 test/functional/mempool_datacarrier.py             |   71 +
 test/functional/mempool_expiry.py                  |    2 +-
 test/functional/mempool_package_onemore.py         |   17 +-
 test/functional/mempool_packages.py                |   45 +-
 test/functional/mocks/invalid_signer.py            |    2 +-
 test/functional/mocks/multi_signers.py             |   30 +
 test/functional/mocks/signer.py                    |    2 +-
 test/functional/p2p_compactblocks.py               |   24 +
 test/functional/p2p_dos_header_tree.py             |    3 +-
 .../p2p_headers_sync_with_minchainwork.py          |  164 ++
 test/functional/p2p_i2p_sessions.py                |   36 +
 test/functional/p2p_initial_headers_sync.py        |  105 +
 test/functional/p2p_leak.py                        |    5 +-
 test/functional/p2p_unrequested_blocks.py          |   14 +-
 test/functional/rpc_blockchain.py                  |   21 +-
 test/functional/rpc_estimatefee.py                 |    8 +-
 test/functional/rpc_fundrawtransaction.py          |  145 +-
 test/functional/rpc_getblockfrompeer.py            |    4 +-
 test/functional/rpc_getdescriptorinfo.py           |    2 +-
 test/functional/rpc_invalidateblock.py             |    5 +
 test/functional/rpc_psbt.py                        |    4 +
 test/functional/rpc_rawtransaction.py              |    6 +-
 test/functional/rpc_signer.py                      |    5 +-
 test/functional/test_framework/messages.py         |    7 +
 test/functional/test_framework/test_node.py        |    2 +
 test/functional/test_runner.py                     |   16 +-
 test/functional/tool_wallet.py                     |   10 +-
 test/functional/wallet_abandonconflict.py          |    3 +
 .../functional/wallet_avoid_mixing_output_types.py |    1 +
 test/functional/wallet_balance.py                  |    4 +-
 test/functional/wallet_basic.py                    |   46 +-
 test/functional/wallet_bumpfee.py                  |   26 +-
 test/functional/wallet_encryption.py               |   18 +-
 test/functional/wallet_groups.py                   |    7 +-
 test/functional/wallet_hd.py                       |    4 +
 test/functional/wallet_importdescriptors.py        |    3 +
 test/functional/wallet_listreceivedby.py           |    2 +
 test/functional/wallet_listsinceblock.py           |   66 +
 test/functional/wallet_migration.py                |  407 +++
 test/functional/wallet_resendwallettransactions.py |   74 +-
 test/functional/wallet_sendall.py                  |   32 +
 test/functional/wallet_signer.py                   |   15 +
 test/functional/wallet_transactiontime_rescan.py   |    7 +
 test/lint/lint-includes.py                         |    3 +-
 test/sanitizer_suppressions/tsan                   |    2 +-
 319 files changed, 10596 insertions(+), 4410 deletions(-)
 delete mode 100644 doc/release-notes-15936.md
 delete mode 100644 doc/release-notes-24098.md
 delete mode 100644 doc/release-notes-24118.md
 delete mode 100644 doc/release-notes-24148.md
 delete mode 100644 doc/release-notes-24198.md
 delete mode 100644 doc/release-notes-24494.md
 delete mode 100644 doc/release-notes-25610.md
 delete mode 100644 doc/release-notes.md
 delete mode 100644 doc/release-notes/release-notes-24408.md
 delete mode 100644 doc/release-notes/release-notes-471.md
 create mode 100644 src/bench/descriptors.cpp
 create mode 100644 src/headerssync.cpp
 create mode 100644 src/headerssync.h
 create mode 100644 src/test/fuzz/bitdeque.cpp
 create mode 100644 src/test/headers_sync_chainwork_tests.cpp
 create mode 100644 src/util/bitdeque.h
 create mode 100644 src/wallet/test/feebumper_tests.cpp
 create mode 100644 src/wallet/test/walletload_tests.cpp
 create mode 100755 test/functional/mempool_datacarrier.py
 create mode 100755 test/functional/mocks/multi_signers.py
 create mode 100755 test/functional/p2p_headers_sync_with_minchainwork.py
 create mode 100755 test/functional/p2p_i2p_sessions.py
 create mode 100755 test/functional/p2p_initial_headers_sync.py
 create mode 100755 test/functional/wallet_migration.py

C:\Users\ContainerAdministrator\AppData\Local\Temp\cirrus-ci-build>if 0 NEQ 0 exit /b 0 
