
C:\Users\ContainerAdministrator\AppData\Local\Temp\cirrus-ci-build>call git config --global user.email "ci@ci.ci" 

C:\Users\ContainerAdministrator\AppData\Local\Temp\cirrus-ci-build>if 0 NEQ 0 exit /b 0 

C:\Users\ContainerAdministrator\AppData\Local\Temp\cirrus-ci-build>call git config --global user.name "ci" 

C:\Users\ContainerAdministrator\AppData\Local\Temp\cirrus-ci-build>if 0 NEQ 0 exit /b 0 

C:\Users\ContainerAdministrator\AppData\Local\Temp\cirrus-ci-build>call git config core.filemode false 

C:\Users\ContainerAdministrator\AppData\Local\Temp\cirrus-ci-build>if 0 NEQ 0 exit /b 0 

C:\Users\ContainerAdministrator\AppData\Local\Temp\cirrus-ci-build>call git reset --hard 
HEAD is now at 50e893ba6 Small edits

C:\Users\ContainerAdministrator\AppData\Local\Temp\cirrus-ci-build>if 0 NEQ 0 exit /b 0 

C:\Users\ContainerAdministrator\AppData\Local\Temp\cirrus-ci-build>call PowerShell -NoLogo -Command if ($env:CIRRUS_PR -ne $null) { git fetch $env:CIRRUS_REPO_CLONE_URL $env:CIRRUS_BASE_BRANCH; git merge FETCH_HEAD; } 
From https://github.com/bitcoin/bitcoin
 * branch                master     -> FETCH_HEAD
Merge made by the 'ort' strategy.
 .cirrus.yml                                        |   20 +-
 .tx/config                                         |    2 +-
 Makefile.am                                        |    2 +
 REVIEWERS                                          |  123 -
 SECURITY.md                                        |    1 -
 build-aux/m4/l_atomic.m4                           |    5 +-
 build_msvc/README.md                               |    6 +-
 build_msvc/bitcoin_config.h.in                     |    4 +-
 build_msvc/common.init.vcxproj.in                  |    4 +-
 build_msvc/msvc-autogen.py                         |    2 +-
 ci/test/00_setup_env_native_asan.sh                |   11 +-
 ci/test/00_setup_env_native_fuzz_with_valgrind.sh  |    2 +-
 ci/test/00_setup_env_native_qt5.sh                 |    2 +-
 ci/test/00_setup_env_native_tidy.sh                |    2 +-
 ci/test/00_setup_env_native_valgrind.sh            |    2 +-
 ci/test/04_install.sh                              |    8 +
 ci/test/05_before_script.sh                        |    4 +-
 ci/test/06_script_b.sh                             |   22 +-
 ci/test/wrap-qemu.sh                               |    2 +-
 ci/test/wrap-wine.sh                               |    2 +-
 configure.ac                                       |   36 +-
 contrib/devtools/iwyu/bitcoin.core.imp             |    1 +
 contrib/guix/INSTALL.md                            |    4 +-
 contrib/guix/README.md                             |    2 +-
 contrib/guix/libexec/build.sh                      |    2 +
 contrib/guix/manifest.scm                          |   29 +-
 .../patches/nsis-disable-installer-reloc.patch     |   30 +
 contrib/signet/miner                               |  101 +-
 contrib/valgrind.supp                              |   21 -
 depends/config.site.in                             |   15 +-
 depends/hosts/darwin.mk                            |    3 +
 depends/hosts/default.mk                           |    3 +-
 depends/hosts/linux.mk                             |    4 +
 depends/hosts/mingw32.mk                           |    4 +
 depends/hosts/netbsd.mk                            |    4 +
 depends/packages/bdb.mk                            |    2 +-
 depends/packages/expat.mk                          |    8 +-
 depends/packages/libxcb.mk                         |    3 +-
 depends/packages/native_cctools.mk                 |   14 +-
 depends/packages/native_clang.mk                   |    3 +
 depends/packages/native_ds_store.mk                |    2 +-
 depends/packages/native_libtapi.mk                 |    4 +-
 depends/packages/native_mac_alias.mk               |    2 +-
 depends/packages/qt.mk                             |   52 +-
 depends/patches/libxcb/remove_pthread_stubs.patch  |   12 +
 depends/patches/qt/dont_hardcode_x86_64.patch      |    4 +-
 .../patches/qt/fast_fixed_dtoa_no_optimize.patch   |   20 +
 depends/patches/qt/fix_android_jni_static.patch    |    2 +-
 depends/patches/qt/fix_limits_header.patch         |   33 -
 depends/patches/qt/guix_cross_lib_path.patch       |   17 +
 doc/dependencies.md                                |    2 +-
 doc/descriptors.md                                 |    3 +-
 doc/developer-notes.md                             |   11 +-
 doc/policy/README.md                               |    2 +-
 doc/policy/mempool-replacements.md                 |    6 +-
 doc/policy/packages.md                             |    2 +-
 doc/release-notes-24148.md                         |   23 +
 doc/release-notes-25504.md                         |    6 +
 doc/release-notes-25610.md                         |   12 +
 doc/release-notes.md                               |    4 +-
 doc/release-notes/release-notes-471.md             |    4 +
 share/setup.nsi.in                                 |    9 +-
 src/.clang-tidy                                    |    8 +
 src/Makefile.am                                    |   40 +-
 src/Makefile.bench.include                         |   10 +-
 src/Makefile.test.include                          |   21 +-
 src/Makefile.test_fuzz.include                     |    1 +
 src/addrman.cpp                                    |  151 +-
 src/addrman.h                                      |   26 +-
 src/addrman_impl.h                                 |   42 +-
 src/bench/addrman.cpp                              |    2 +-
 src/bench/checkblock.cpp                           |    1 +
 src/bench/coin_selection.cpp                       |    6 +-
 src/bench/descriptors.cpp                          |   30 +
 src/bench/wallet_loading.cpp                       |    8 +-
 src/bitcoin-chainstate.cpp                         |   45 +-
 src/bitcoin-cli.cpp                                |    6 +-
 src/bitcoin-tx.cpp                                 |    4 +-
 src/bitcoin-util.cpp                               |    2 +-
 src/bitcoin-wallet.cpp                             |    2 +-
 src/bitcoind.cpp                                   |    2 +-
 src/blockfilter.cpp                                |    6 +-
 src/chain.cpp                                      |   15 +-
 src/chain.h                                        |   26 +-
 src/chainparams.cpp                                |    2 +-
 src/coins.cpp                                      |    8 +-
 src/{ => compat}/compat.h                          |   46 +-
 src/core_read.cpp                                  |    2 +-
 src/crc32c/CMakeLists.txt                          |    7 +-
 src/crypto/muhash.cpp                              |    4 +-
 src/cuckoocache.h                                  |   23 +-
 src/dbwrapper.cpp                                  |   19 +-
 src/dbwrapper.h                                    |   16 +-
 src/external_signer.cpp                            |    4 +-
 src/fs.h                                           |    6 +
 src/hash.cpp                                       |    4 +-
 src/hash.h                                         |   36 +-
 src/httpserver.cpp                                 |    2 +-
 src/i2p.cpp                                        |    2 +-
 src/i2p.h                                          |    2 +-
 src/index/base.cpp                                 |   68 +-
 src/index/base.h                                   |   28 +-
 src/index/blockfilterindex.cpp                     |   50 +-
 src/index/blockfilterindex.h                       |   12 +-
 src/index/coinstatsindex.cpp                       |   69 +-
 src/index/coinstatsindex.h                         |   10 +-
 src/index/txindex.cpp                              |   17 +-
 src/index/txindex.h                                |    4 +-
 src/init.cpp                                       |  250 +-
 src/init/common.cpp                                |    2 +-
 src/interfaces/chain.h                             |   38 +-
 src/interfaces/wallet.h                            |   48 +-
 src/kernel/chain.cpp                               |   26 +
 src/kernel/chain.h                                 |   19 +
 src/kernel/chainstatemanager_opts.h                |    4 +
 src/kernel/checks.cpp                              |   11 +-
 src/kernel/checks.h                                |   10 +-
 src/kernel/coinstats.cpp                           |   24 +-
 src/kernel/coinstats.h                             |    6 +-
 src/kernel/mempool_options.h                       |   19 +
 src/kernel/mempool_persist.cpp                     |  189 ++
 src/kernel/mempool_persist.h                       |   28 +
 src/kernel/validation_cache_sizes.h                |   20 +
 src/key.cpp                                        |    1 +
 src/key.h                                          |    4 +-
 src/leveldb/util/env_posix.cc                      |    2 +-
 src/logging.cpp                                    |    2 +-
 src/mapport.cpp                                    |    2 +-
 src/mempool_args.cpp                               |   39 -
 src/net.cpp                                        |  104 +-
 src/net.h                                          |   54 +-
 src/net_processing.cpp                             |  290 +-
 src/net_processing.h                               |    1 +
 src/netaddress.h                                   |    2 +-
 src/netbase.cpp                                    |    8 +-
 src/netbase.h                                      |    2 +-
 src/node/blockstorage.cpp                          |   14 +-
 src/node/blockstorage.h                            |    2 +-
 src/node/chainstate.cpp                            |  114 +-
 src/node/chainstate.h                              |   85 +-
 src/node/interfaces.cpp                            |  123 +-
 src/node/mempool_args.cpp                          |   99 +
 src/{ => node}/mempool_args.h                      |   13 +-
 src/node/mempool_persist_args.cpp                  |   23 +
 src/node/mempool_persist_args.h                    |   25 +
 src/node/psbt.cpp                                  |    2 +-
 src/node/validation_cache_args.cpp                 |   34 +
 src/node/validation_cache_args.h                   |   17 +
 src/outputtype.cpp                                 |   12 +-
 src/outputtype.h                                   |    1 +
 src/policy/fees.cpp                                |   16 +-
 src/policy/fees.h                                  |    6 +-
 src/policy/policy.cpp                              |   13 +-
 src/policy/policy.h                                |    8 +-
 src/policy/settings.cpp                            |    5 -
 src/policy/settings.h                              |   29 -
 src/primitives/transaction.cpp                     |    7 +-
 src/primitives/transaction.h                       |   14 +-
 src/protocol.h                                     |   11 +-
 src/psbt.h                                         |   12 +
 src/pubkey.cpp                                     |    7 +-
 src/pubkey.h                                       |    4 +-
 src/qt/addresstablemodel.cpp                       |   14 +-
 src/qt/bitcoin.cpp                                 |    2 -
 src/qt/bitcoingui.cpp                              |   43 +-
 src/qt/bitcoingui.h                                |    1 +
 src/qt/bitcoinstrings.cpp                          |   42 +-
 src/qt/guiutil.cpp                                 |    2 +-
 src/qt/locale/bitcoin_en.ts                        |  548 +--
 src/qt/locale/bitcoin_en.xlf                       | 3500 ++++++++++----------
 src/qt/main.cpp                                    |    2 +-
 src/qt/optionsdialog.cpp                           |   17 +-
 src/qt/overviewpage.cpp                            |   23 +-
 src/qt/overviewpage.h                              |    1 -
 src/qt/rpcconsole.cpp                              |    2 +-
 src/qt/sendcoinsdialog.cpp                         |   12 +-
 src/qt/sendcoinsdialog.h                           |    2 +-
 src/qt/splashscreen.cpp                            |    2 +-
 src/qt/test/test_main.cpp                          |    2 -
 src/qt/test/wallettests.cpp                        |   34 +-
 src/qt/walletcontroller.cpp                        |   67 +-
 src/qt/walletcontroller.h                          |   20 +
 src/qt/walletframe.cpp                             |    8 +
 src/qt/walletmodel.cpp                             |   31 +-
 src/qt/walletmodel.h                               |    8 +
 src/random.cpp                                     |    2 +-
 src/random.h                                       |   17 +-
 src/randomenv.cpp                                  |    2 +-
 src/rest.cpp                                       |   55 +-
 src/rpc/blockchain.cpp                             |   73 +-
 src/rpc/blockchain.h                               |    2 +-
 src/rpc/client.cpp                                 |    3 +
 src/rpc/fees.cpp                                   |    5 +-
 src/rpc/mempool.cpp                                |   23 +-
 src/rpc/mining.cpp                                 |   22 +-
 src/rpc/net.cpp                                    |   37 +-
 src/rpc/node.cpp                                   |    6 +-
 src/rpc/output_script.cpp                          |    5 -
 src/rpc/rawtransaction.cpp                         |  400 +--
 src/rpc/rawtransaction_util.cpp                    |   11 +-
 src/rpc/rawtransaction_util.h                      |    3 +-
 src/rpc/request.cpp                                |    6 +-
 src/rpc/util.cpp                                   |    2 +-
 src/script/descriptor.cpp                          |  314 +-
 src/script/interpreter.cpp                         |   32 +-
 src/script/interpreter.h                           |    6 +-
 src/script/miniscript.h                            |   34 +-
 src/script/script.h                                |    2 +-
 src/script/sigcache.cpp                            |   18 +-
 src/script/sigcache.h                              |   11 +-
 src/script/sign.cpp                                |   26 +-
 src/script/sign.h                                  |    6 -
 src/script/signingprovider.cpp                     |   22 +-
 src/script/signingprovider.h                       |    5 +-
 src/script/standard.cpp                            |   11 +-
 src/script/standard.h                              |   11 +-
 src/serialize.h                                    |   23 +
 src/streams.h                                      |   69 +-
 src/test/addrman_tests.cpp                         |   26 +-
 src/test/base58_tests.cpp                          |    4 +-
 src/test/bip32_tests.cpp                           |   18 +
 src/test/blockfilter_index_tests.cpp               |   11 +-
 src/test/blockfilter_tests.cpp                     |    2 +-
 src/test/coinstatsindex_tests.cpp                  |   16 +-
 src/test/denialofservice_tests.cpp                 |   44 +-
 src/test/descriptor_tests.cpp                      |   66 +-
 src/test/flatfile_tests.cpp                        |   12 +-
 src/test/fuzz/addrman.cpp                          |   18 +-
 src/test/fuzz/autofile.cpp                         |    4 +-
 src/test/fuzz/chain.cpp                            |    3 +-
 src/test/fuzz/integer.cpp                          |    3 -
 src/test/fuzz/key.cpp                              |    6 +-
 src/test/fuzz/load_external_block_file.cpp         |   11 +-
 src/test/fuzz/mempool_utils.h                      |   19 +
 src/test/fuzz/net.cpp                              |    1 -
 src/test/fuzz/parse_univalue.cpp                   |    2 +-
 src/test/fuzz/policy_estimator.cpp                 |    2 +-
 src/test/fuzz/policy_estimator_io.cpp              |    2 +-
 src/test/fuzz/process_message.cpp                  |    3 +-
 src/test/fuzz/process_messages.cpp                 |    3 +-
 src/test/fuzz/rbf.cpp                              |    2 +-
 src/test/fuzz/script.cpp                           |    3 +-
 src/test/fuzz/script_sigcache.cpp                  |   11 +-
 src/test/fuzz/transaction.cpp                      |    5 +-
 src/test/fuzz/tx_pool.cpp                          |   31 +-
 src/test/fuzz/txorphan.cpp                         |   22 +-
 src/test/fuzz/util.cpp                             |   65 +-
 src/test/fuzz/util.h                               |   19 +-
 src/test/fuzz/utxo_snapshot.cpp                    |    4 +-
 src/test/fuzz/validation_load_mempool.cpp          |   17 +-
 src/test/interfaces_tests.cpp                      |    6 +-
 src/test/key_io_tests.cpp                          |    6 +-
 src/test/miner_tests.cpp                           |   16 +-
 src/test/miniscript_tests.cpp                      |   17 +-
 src/test/multisig_tests.cpp                        |   22 +-
 src/test/net_tests.cpp                             |   25 +-
 src/test/netbase_tests.cpp                         |   18 +-
 src/test/random_tests.cpp                          |   10 +
 src/test/rbf_tests.cpp                             |  230 ++
 src/test/result_tests.cpp                          |   96 +
 src/test/rpc_tests.cpp                             |    4 +-
 src/test/script_p2sh_tests.cpp                     |   14 +-
 src/test/script_tests.cpp                          |   28 +-
 src/test/sighash_tests.cpp                         |    2 +-
 src/test/skiplist_tests.cpp                        |    6 +-
 src/test/sock_tests.cpp                            |    2 +-
 src/test/system_tests.cpp                          |    5 -
 src/test/transaction_tests.cpp                     |   30 +-
 src/test/txindex_tests.cpp                         |    5 +-
 src/test/txvalidationcache_tests.cpp               |    5 -
 src/test/util/chainstate.h                         |    6 +-
 src/test/util/net.cpp                              |   59 +
 src/test/util/net.h                                |   10 +-
 src/test/util/setup_common.cpp                     |   62 +-
 src/test/util/wallet.cpp                           |    7 +-
 src/test/util_tests.cpp                            |   16 +
 src/test/validation_block_tests.cpp                |    7 +-
 src/test/validation_chainstate_tests.cpp           |   11 +-
 src/test/validation_chainstatemanager_tests.cpp    |   26 +-
 src/test/validation_flush_tests.cpp                |   11 +-
 src/threadinterrupt.cpp                            |   12 +-
 src/threadinterrupt.h                              |    5 +-
 src/timedata.h                                     |    7 +-
 src/torcontrol.cpp                                 |    2 +-
 src/txdb.cpp                                       |    2 +-
 src/txdb.h                                         |    1 +
 src/txmempool.cpp                                  |   22 +-
 src/txmempool.h                                    |   32 +-
 src/txorphanage.cpp                                |    4 +-
 src/txorphanage.h                                  |    2 +-
 src/univalue/include/univalue.h                    |  105 +-
 src/univalue/lib/univalue.cpp                      |   70 +-
 src/univalue/lib/univalue_get.cpp                  |   19 +-
 src/univalue/sources.mk                            |    9 +-
 src/univalue/test/.gitignore                       |    1 -
 src/univalue/test/no_nul.cpp                       |    8 -
 src/univalue/test/object.cpp                       |  119 +-
 src/univalue/test/unitester.cpp                    |    8 +
 src/util/asmap.cpp                                 |    7 +-
 src/util/bip32.cpp                                 |    7 +-
 src/util/bip32.h                                   |    1 +
 src/util/bytevectorhash.cpp                        |    2 +
 src/util/bytevectorhash.h                          |    3 +-
 src/util/designator.h                              |   21 -
 src/util/error.cpp                                 |    4 +-
 src/util/hasher.cpp                                |    4 +-
 src/util/hasher.h                                  |    6 +
 src/util/message.cpp                               |   20 +-
 src/util/message.h                                 |    3 +-
 src/util/moneystr.cpp                              |    1 +
 src/util/readwritefile.cpp                         |    3 +-
 src/util/result.h                                  |   84 +
 src/util/serfloat.h                                |    2 +-
 src/util/sock.cpp                                  |    2 +-
 src/util/sock.h                                    |    2 +-
 src/util/spanparsing.cpp                           |    3 +-
 src/util/strencodings.cpp                          |    9 +-
 src/util/strencodings.h                            |    5 +-
 src/util/string.cpp                                |    9 +-
 src/util/string.h                                  |    2 +-
 src/util/syserror.cpp                              |    1 +
 src/util/system.cpp                                |   18 +-
 src/util/system.h                                  |    4 +-
 src/util/thread.cpp                                |    1 +
 src/util/time.cpp                                  |   13 +-
 src/util/time.h                                    |    6 +-
 src/util/translation.h                             |    2 +
 src/util/url.cpp                                   |    3 +-
 src/util/vector.h                                  |    1 +
 src/validation.cpp                                 |  251 +-
 src/validation.h                                   |   76 +-
 src/wallet/bdb.cpp                                 |    3 +-
 src/wallet/coinselection.h                         |    2 -
 src/wallet/dump.cpp                                |    4 +-
 src/wallet/external_signer_scriptpubkeyman.cpp     |    3 +-
 src/wallet/feebumper.cpp                           |   15 +-
 src/wallet/fees.cpp                                |    2 +-
 src/wallet/interfaces.cpp                          |   53 +-
 src/wallet/receive.cpp                             |   82 +-
 src/wallet/receive.h                               |    9 +-
 src/wallet/rpc/addresses.cpp                       |   48 +-
 src/wallet/rpc/backup.cpp                          |   60 +-
 src/wallet/rpc/coins.cpp                           |   22 +-
 src/wallet/rpc/encrypt.cpp                         |   14 +-
 src/wallet/rpc/signmessage.cpp                     |    2 +-
 src/wallet/rpc/spend.cpp                           |   62 +-
 src/wallet/rpc/transactions.cpp                    |   53 +-
 src/wallet/rpc/util.cpp                            |   18 +-
 src/wallet/rpc/util.h                              |    4 +
 src/wallet/rpc/wallet.cpp                          |  126 +-
 src/wallet/scriptpubkeyman.cpp                     |   96 +-
 src/wallet/scriptpubkeyman.h                       |   15 +-
 src/wallet/spend.cpp                               |  302 +-
 src/wallet/spend.h                                 |   74 +-
 src/wallet/test/availablecoins_tests.cpp           |  107 +
 src/wallet/test/coinselector_tests.cpp             |  288 +-
 src/wallet/test/fuzz/notifications.cpp             |   28 +-
 src/wallet/test/spend_tests.cpp                    |   17 +-
 src/wallet/test/util.cpp                           |    2 +-
 src/wallet/test/wallet_tests.cpp                   |  192 +-
 src/wallet/wallet.cpp                              |  230 +-
 src/wallet/wallet.h                                |   45 +-
 src/wallet/walletdb.cpp                            |    6 +-
 src/wallet/wallettool.cpp                          |    2 +-
 test/README.md                                     |    6 +-
 test/functional/README.md                          |    4 +-
 test/functional/data/rpc_decodescript.json         |    2 +-
 test/functional/data/rpc_psbt.json                 |    6 +
 test/functional/example_test.py                    |   11 +-
 test/functional/feature_addrman.py                 |    2 +-
 test/functional/feature_minchainwork.py            |    2 +-
 test/functional/feature_rbf.py                     |   16 +-
 test/functional/feature_segwit.py                  |    5 +
 test/functional/feature_taproot.py                 |   16 +-
 test/functional/interface_usdt_net.py              |    2 +-
 test/functional/interface_usdt_utxocache.py        |   40 +-
 test/functional/interface_usdt_validation.py       |   13 +-
 test/functional/mempool_accept.py                  |    6 +-
 test/functional/mempool_datacarrier.py             |   71 +
 test/functional/mempool_package_limits.py          |  316 +-
 test/functional/mempool_package_onemore.py         |   17 +-
 test/functional/mempool_packages.py                |   45 +-
 test/functional/mempool_persist.py                 |   26 +-
 test/functional/mining_prioritisetransaction.py    |    4 +-
 test/functional/mocks/invalid_signer.py            |    2 +-
 test/functional/mocks/multi_signers.py             |   30 +
 test/functional/mocks/signer.py                    |    2 +-
 test/functional/p2p_initial_headers_sync.py        |  105 +
 test/functional/p2p_permissions.py                 |    3 +-
 test/functional/p2p_segwit.py                      |   10 +-
 test/functional/rpc_blockchain.py                  |    6 +-
 test/functional/rpc_fundrawtransaction.py          |   27 +-
 test/functional/rpc_getblockfrompeer.py            |    9 +-
 test/functional/rpc_help.py                        |    2 +-
 test/functional/rpc_packages.py                    |    4 +-
 test/functional/rpc_psbt.py                        |   77 +-
 test/functional/rpc_rawtransaction.py              |   18 +-
 test/functional/rpc_signer.py                      |    5 +-
 test/functional/rpc_signmessagewithprivkey.py      |   22 +-
 test/functional/rpc_signrawtransactionwithkey.py   |  140 +
 test/functional/test_framework/messages.py         |   22 +-
 test/functional/test_framework/psbt.py             |  131 +
 test/functional/test_framework/util.py             |   17 +-
 test/functional/test_framework/wallet.py           |   58 +-
 test/functional/test_runner.py                     |   11 +-
 test/functional/wallet_address_types.py            |   28 +-
 .../functional/wallet_avoid_mixing_output_types.py |  177 +
 test/functional/wallet_balance.py                  |   20 +
 test/functional/wallet_basic.py                    |   35 +-
 test/functional/wallet_bumpfee.py                  |    8 +-
 test/functional/wallet_coinbase_category.py        |    1 +
 test/functional/wallet_encryption.py               |   18 +-
 test/functional/wallet_hd.py                       |    4 +-
 test/functional/wallet_import_rescan.py            |   57 +-
 test/functional/wallet_importdescriptors.py        |    4 +-
 test/functional/wallet_listsinceblock.py           |   67 +-
 test/functional/wallet_listtransactions.py         |    6 +-
 test/functional/wallet_miniscript.py               |   93 +
 test/functional/wallet_multiwallet.py              |    2 +-
 test/functional/wallet_signer.py                   |   15 +
 ...n.py => wallet_signrawtransactionwithwallet.py} |  100 +-
 test/functional/wallet_simulaterawtx.py            |  129 +
 test/functional/wallet_taproot.py                  |   17 +-
 test/get_previous_releases.py                      |  113 +-
 test/lint/lint-circular-dependencies.py            |    4 +
 test/lint/lint-includes.py                         |    3 +-
 426 files changed, 9505 insertions(+), 6104 deletions(-)
 create mode 100644 contrib/guix/patches/nsis-disable-installer-reloc.patch
 create mode 100644 depends/patches/libxcb/remove_pthread_stubs.patch
 create mode 100644 depends/patches/qt/fast_fixed_dtoa_no_optimize.patch
 delete mode 100644 depends/patches/qt/fix_limits_header.patch
 create mode 100644 depends/patches/qt/guix_cross_lib_path.patch
 create mode 100644 doc/release-notes-24148.md
 create mode 100644 doc/release-notes-25504.md
 create mode 100644 doc/release-notes-25610.md
 create mode 100644 doc/release-notes/release-notes-471.md
 create mode 100644 src/bench/descriptors.cpp
 rename src/{ => compat}/compat.h (71%)
 create mode 100644 src/kernel/chain.cpp
 create mode 100644 src/kernel/chain.h
 create mode 100644 src/kernel/mempool_persist.cpp
 create mode 100644 src/kernel/mempool_persist.h
 create mode 100644 src/kernel/validation_cache_sizes.h
 delete mode 100644 src/mempool_args.cpp
 create mode 100644 src/node/mempool_args.cpp
 rename src/{ => node}/mempool_args.h (57%)
 create mode 100644 src/node/mempool_persist_args.cpp
 create mode 100644 src/node/mempool_persist_args.h
 create mode 100644 src/node/validation_cache_args.cpp
 create mode 100644 src/node/validation_cache_args.h
 create mode 100644 src/test/fuzz/mempool_utils.h
 create mode 100644 src/test/rbf_tests.cpp
 create mode 100644 src/test/result_tests.cpp
 delete mode 100644 src/univalue/test/no_nul.cpp
 delete mode 100644 src/util/designator.h
 create mode 100644 src/util/result.h
 create mode 100644 src/wallet/test/availablecoins_tests.cpp
 create mode 100755 test/functional/mempool_datacarrier.py
 create mode 100755 test/functional/mocks/multi_signers.py
 create mode 100755 test/functional/p2p_initial_headers_sync.py
 create mode 100755 test/functional/rpc_signrawtransactionwithkey.py
 create mode 100644 test/functional/test_framework/psbt.py
 create mode 100755 test/functional/wallet_avoid_mixing_output_types.py
 create mode 100755 test/functional/wallet_miniscript.py
 rename test/functional/{rpc_signrawtransaction.py => wallet_signrawtransactionwithwallet.py} (71%)
 create mode 100755 test/functional/wallet_simulaterawtx.py

C:\Users\ContainerAdministrator\AppData\Local\Temp\cirrus-ci-build>if 0 NEQ 0 exit /b 0 
