
C:\Users\ContainerAdministrator\AppData\Local\Temp\cirrus-ci-build>call git config --global user.email "ci@ci.ci" 

C:\Users\ContainerAdministrator\AppData\Local\Temp\cirrus-ci-build>if 0 NEQ 0 exit /b 0 

C:\Users\ContainerAdministrator\AppData\Local\Temp\cirrus-ci-build>call git config --global user.name "ci" 

C:\Users\ContainerAdministrator\AppData\Local\Temp\cirrus-ci-build>if 0 NEQ 0 exit /b 0 

C:\Users\ContainerAdministrator\AppData\Local\Temp\cirrus-ci-build>call git config core.filemode false 

C:\Users\ContainerAdministrator\AppData\Local\Temp\cirrus-ci-build>if 0 NEQ 0 exit /b 0 

C:\Users\ContainerAdministrator\AppData\Local\Temp\cirrus-ci-build>call git reset --hard 
HEAD is now at d31fe6f2c ui: show header pre-synchronization progress

C:\Users\ContainerAdministrator\AppData\Local\Temp\cirrus-ci-build>if 0 NEQ 0 exit /b 0 

C:\Users\ContainerAdministrator\AppData\Local\Temp\cirrus-ci-build>call PowerShell -NoLogo -Command if ($env:CIRRUS_PR -ne $null) { git fetch $env:CIRRUS_REPO_CLONE_URL $env:CIRRUS_BASE_BRANCH; git merge FETCH_HEAD; } 
From https://github.com/bitcoin/bitcoin
 * branch                master     -> FETCH_HEAD
Auto-merging src/test/miner_tests.cpp
Auto-merging src/validation.cpp
Auto-merging src/validation.h
Merge made by the 'ort' strategy.
 SECURITY.md                                    |  1 -
 depends/hosts/default.mk                       |  3 ++-
 depends/packages/qt.mk                         | 31 ++++++++++----------------
 depends/patches/qt/guix_cross_lib_path.patch   |  2 +-
 src/Makefile.bench.include                     |  1 +
 src/bench/descriptors.cpp                      | 30 +++++++++++++++++++++++++
 src/crc32c/CMakeLists.txt                      |  7 +++---
 src/net.cpp                                    |  5 ++---
 src/qt/walletcontroller.cpp                    |  4 ++++
 src/test/miner_tests.cpp                       | 10 ++++-----
 src/validation.cpp                             | 11 +++++----
 src/validation.h                               |  2 +-
 src/wallet/external_signer_scriptpubkeyman.cpp |  3 ++-
 src/wallet/rpc/spend.cpp                       | 22 +++++++++---------
 test/functional/mocks/invalid_signer.py        |  2 +-
 test/functional/mocks/multi_signers.py         | 30 +++++++++++++++++++++++++
 test/functional/mocks/signer.py                |  2 +-
 test/functional/rpc_signer.py                  |  5 +----
 test/functional/wallet_signer.py               | 15 +++++++++++++
 19 files changed, 128 insertions(+), 58 deletions(-)
 create mode 100644 src/bench/descriptors.cpp
 create mode 100755 test/functional/mocks/multi_signers.py

C:\Users\ContainerAdministrator\AppData\Local\Temp\cirrus-ci-build>if 0 NEQ 0 exit /b 0 
