
C:\Users\ContainerAdministrator\AppData\Local\Temp\cirrus-ci-build>call git config --global user.email "ci@ci.ci" 

C:\Users\ContainerAdministrator\AppData\Local\Temp\cirrus-ci-build>if 0 NEQ 0 exit /b 0 

C:\Users\ContainerAdministrator\AppData\Local\Temp\cirrus-ci-build>call git config --global user.name "ci" 

C:\Users\ContainerAdministrator\AppData\Local\Temp\cirrus-ci-build>if 0 NEQ 0 exit /b 0 

C:\Users\ContainerAdministrator\AppData\Local\Temp\cirrus-ci-build>call git config core.filemode false 

C:\Users\ContainerAdministrator\AppData\Local\Temp\cirrus-ci-build>if 0 NEQ 0 exit /b 0 

C:\Users\ContainerAdministrator\AppData\Local\Temp\cirrus-ci-build>call git reset --hard 
HEAD is now at 9be134bce doc: minor updates to guix README Co-authored-by: Michael Ford <fanquake@gmail.com>

C:\Users\ContainerAdministrator\AppData\Local\Temp\cirrus-ci-build>if 0 NEQ 0 exit /b 0 

C:\Users\ContainerAdministrator\AppData\Local\Temp\cirrus-ci-build>call PowerShell -NoLogo -Command if ($env:CIRRUS_PR -ne $null) { git fetch $env:CIRRUS_REPO_CLONE_URL $env:CIRRUS_BASE_BRANCH; git merge FETCH_HEAD; } 
From https://github.com/bitcoin/bitcoin
 * branch                master     -> FETCH_HEAD
Merge made by the 'ort' strategy.
 SECURITY.md                                    |    1 -
 depends/hosts/default.mk                       |    3 +-
 depends/packages/qt.mk                         |   31 +-
 depends/patches/qt/guix_cross_lib_path.patch   |    2 +-
 src/crc32c/CMakeLists.txt                      |    7 +-
 src/net_processing.cpp                         |   39 +-
 src/qt/locale/bitcoin_en.ts                    |   17 +-
 src/qt/locale/bitcoin_en.xlf                   | 1856 ++++++++++++------------
 src/qt/overviewpage.cpp                        |   23 +-
 src/qt/overviewpage.h                          |    1 -
 src/qt/sendcoinsdialog.cpp                     |   12 +-
 src/qt/sendcoinsdialog.h                       |    2 +-
 src/qt/test/wallettests.cpp                    |   28 +-
 src/qt/walletcontroller.cpp                    |    4 +
 src/qt/walletmodel.cpp                         |   20 +-
 src/qt/walletmodel.h                           |    7 +
 src/wallet/external_signer_scriptpubkeyman.cpp |    3 +-
 src/wallet/rpc/spend.cpp                       |   22 +-
 test/functional/mocks/invalid_signer.py        |    2 +-
 test/functional/mocks/multi_signers.py         |   30 +
 test/functional/mocks/signer.py                |    2 +-
 test/functional/p2p_initial_headers_sync.py    |  105 ++
 test/functional/rpc_signer.py                  |    5 +-
 test/functional/test_runner.py                 |    1 +
 test/functional/wallet_signer.py               |   15 +
 25 files changed, 1218 insertions(+), 1020 deletions(-)
 create mode 100755 test/functional/mocks/multi_signers.py
 create mode 100755 test/functional/p2p_initial_headers_sync.py

C:\Users\ContainerAdministrator\AppData\Local\Temp\cirrus-ci-build>if 0 NEQ 0 exit /b 0 
