
C:\Users\ContainerAdministrator\AppData\Local\Temp\cirrus-ci-build>call git config --global user.email "ci@ci.ci" 

C:\Users\ContainerAdministrator\AppData\Local\Temp\cirrus-ci-build>if 0 NEQ 0 exit /b 0 

C:\Users\ContainerAdministrator\AppData\Local\Temp\cirrus-ci-build>call git config --global user.name "ci" 

C:\Users\ContainerAdministrator\AppData\Local\Temp\cirrus-ci-build>if 0 NEQ 0 exit /b 0 

C:\Users\ContainerAdministrator\AppData\Local\Temp\cirrus-ci-build>call git config core.filemode false 

C:\Users\ContainerAdministrator\AppData\Local\Temp\cirrus-ci-build>if 0 NEQ 0 exit /b 0 

C:\Users\ContainerAdministrator\AppData\Local\Temp\cirrus-ci-build>call git reset --hard 
HEAD is now at 18176ce98 wallet: Check max tx weight in coin selector

C:\Users\ContainerAdministrator\AppData\Local\Temp\cirrus-ci-build>if 0 NEQ 0 exit /b 0 

C:\Users\ContainerAdministrator\AppData\Local\Temp\cirrus-ci-build>call PowerShell -NoLogo -Command if ($env:CIRRUS_PR -ne $null) { git fetch $env:CIRRUS_REPO_CLONE_URL $env:CIRRUS_BASE_BRANCH; git merge FETCH_HEAD; } 
From https://github.com/bitcoin/bitcoin
 * branch                master     -> FETCH_HEAD
Auto-merging src/outputtype.cpp
Auto-merging src/wallet/rpc/spend.cpp
Auto-merging src/wallet/scriptpubkeyman.cpp
Auto-merging src/wallet/spend.cpp
Auto-merging src/wallet/test/wallet_tests.cpp
Auto-merging src/wallet/wallet.cpp
Merge made by the 'ort' strategy.
 SECURITY.md                                    |  1 -
 build_msvc/common.init.vcxproj.in              |  2 +-
 depends/hosts/default.mk                       |  3 +-
 depends/packages/qt.mk                         | 31 +++++------
 depends/patches/qt/guix_cross_lib_path.patch   |  2 +-
 src/Makefile.am                                |  9 ++++
 src/Makefile.bench.include                     | 10 +---
 src/Makefile.test.include                      | 11 +---
 src/bench/descriptors.cpp                      | 30 +++++++++++
 src/crc32c/CMakeLists.txt                      |  7 +--
 src/interfaces/wallet.h                        | 38 +++++++-------
 src/key.cpp                                    |  1 +
 src/key.h                                      |  4 +-
 src/net.cpp                                    |  5 +-
 src/outputtype.cpp                             |  2 -
 src/psbt.h                                     |  3 ++
 src/pubkey.cpp                                 |  1 +
 src/pubkey.h                                   |  4 +-
 src/qt/walletcontroller.cpp                    | 27 +++++++---
 src/script/descriptor.cpp                      | 11 ++--
 src/script/sign.cpp                            | 19 -------
 src/script/sign.h                              |  6 ---
 src/test/bip32_tests.cpp                       | 18 +++++++
 src/test/descriptor_tests.cpp                  |  7 ++-
 src/test/fuzz/key.cpp                          |  2 -
 src/test/fuzz/script.cpp                       |  1 -
 src/test/miner_tests.cpp                       | 10 ++--
 src/test/rbf_tests.cpp                         |  2 +-
 src/test/validation_chainstate_tests.cpp       | 11 +---
 src/test/validation_flush_tests.cpp            | 11 +---
 src/validation.cpp                             | 11 ++--
 src/validation.h                               |  2 +-
 src/wallet/coinselection.h                     |  2 -
 src/wallet/external_signer_scriptpubkeyman.cpp |  3 +-
 src/wallet/interfaces.cpp                      | 18 ++++---
 src/wallet/rpc/addresses.cpp                   |  2 +-
 src/wallet/rpc/spend.cpp                       | 22 ++++----
 src/wallet/scriptpubkeyman.cpp                 | 41 ++++++++-------
 src/wallet/scriptpubkeyman.h                   |  6 +--
 src/wallet/spend.cpp                           | 12 +++--
 src/wallet/test/wallet_tests.cpp               |  3 +-
 src/wallet/wallet.cpp                          | 25 ++++-----
 src/wallet/wallet.h                            |  2 +-
 test/functional/README.md                      |  4 +-
 test/functional/data/rpc_psbt.json             |  6 +++
 test/functional/example_test.py                | 11 +++-
 test/functional/feature_segwit.py              |  5 ++
 test/functional/interface_usdt_validation.py   | 11 ++--
 test/functional/mempool_datacarrier.py         | 71 ++++++++++++++++++++++++++
 test/functional/mempool_package_onemore.py     | 17 +++---
 test/functional/mempool_packages.py            | 45 ++++++++--------
 test/functional/mocks/invalid_signer.py        |  2 +-
 test/functional/mocks/multi_signers.py         | 30 +++++++++++
 test/functional/mocks/signer.py                |  2 +-
 test/functional/rpc_psbt.py                    |  4 ++
 test/functional/rpc_signer.py                  |  5 +-
 test/functional/test_framework/messages.py     |  6 +++
 test/functional/test_runner.py                 |  1 +
 test/functional/wallet_signer.py               | 15 ++++++
 59 files changed, 410 insertions(+), 263 deletions(-)
 create mode 100644 src/bench/descriptors.cpp
 create mode 100755 test/functional/mempool_datacarrier.py
 create mode 100755 test/functional/mocks/multi_signers.py

C:\Users\ContainerAdministrator\AppData\Local\Temp\cirrus-ci-build>if 0 NEQ 0 exit /b 0 
