
C:\Users\ContainerAdministrator\AppData\Local\Temp\cirrus-ci-build>call git config --global user.email "ci@ci.ci" 

C:\Users\ContainerAdministrator\AppData\Local\Temp\cirrus-ci-build>if 0 NEQ 0 exit /b 0 

C:\Users\ContainerAdministrator\AppData\Local\Temp\cirrus-ci-build>call git config --global user.name "ci" 

C:\Users\ContainerAdministrator\AppData\Local\Temp\cirrus-ci-build>if 0 NEQ 0 exit /b 0 

C:\Users\ContainerAdministrator\AppData\Local\Temp\cirrus-ci-build>call git config core.filemode false 

C:\Users\ContainerAdministrator\AppData\Local\Temp\cirrus-ci-build>if 0 NEQ 0 exit /b 0 

C:\Users\ContainerAdministrator\AppData\Local\Temp\cirrus-ci-build>call git reset --hard 
HEAD is now at a65b30826 rpc: Improve error when wallet is already loaded

C:\Users\ContainerAdministrator\AppData\Local\Temp\cirrus-ci-build>if 0 NEQ 0 exit /b 0 

C:\Users\ContainerAdministrator\AppData\Local\Temp\cirrus-ci-build>call PowerShell -NoLogo -Command if ($env:CIRRUS_PR -ne $null) { git fetch $env:CIRRUS_REPO_CLONE_URL $env:CIRRUS_BASE_BRANCH; git merge FETCH_HEAD; } 
From https://github.com/bitcoin/bitcoin
 * branch                master     -> FETCH_HEAD
Merge made by the 'ort' strategy.
 .cirrus.yml                                      |  4 ++--
 ci/lint/04_install.sh                            |  7 ++++++
 src/httpserver.cpp                               |  2 +-
 src/rpc/blockchain.cpp                           |  8 +++----
 src/rpc/mining.cpp                               |  2 +-
 src/rpc/server.cpp                               |  2 +-
 src/rpc/util.cpp                                 | 14 ++++++------
 src/rpc/util.h                                   | 28 +++++++++++-------------
 src/wallet/rpc/backup.cpp                        | 28 ++++++++++++------------
 src/wallet/rpc/coins.cpp                         |  2 +-
 src/wallet/rpc/spend.cpp                         | 12 +++++-----
 test/functional/test_framework/test_framework.py | 17 +++++++-------
 12 files changed, 66 insertions(+), 60 deletions(-)

C:\Users\ContainerAdministrator\AppData\Local\Temp\cirrus-ci-build>if 0 NEQ 0 exit /b 0 
